Archive member included to satisfy reference by file (symbol)

/usr/lib/gcc/arm-none-eabi/9.2.1/../../../arm-none-eabi/lib/thumb/v6-m/nofp/libm.a(lib_a-feclearexcept.o)
                              CMakeFiles/picoputer1.dir/fparithmetic.c.obj (feclearexcept)
/usr/lib/gcc/arm-none-eabi/9.2.1/../../../arm-none-eabi/lib/thumb/v6-m/nofp/libm.a(lib_a-feholdexcept.o)
                              CMakeFiles/picoputer1.dir/fparithmetic.c.obj (feholdexcept)
/usr/lib/gcc/arm-none-eabi/9.2.1/../../../arm-none-eabi/lib/thumb/v6-m/nofp/libm.a(lib_a-fetestexcept.o)
                              CMakeFiles/picoputer1.dir/fparithmetic.c.obj (fetestexcept)
/usr/lib/gcc/arm-none-eabi/9.2.1/../../../arm-none-eabi/lib/thumb/v6-m/nofp/libm.a(lib_a-k_standard.o)
                              CMakeFiles/picoputer1.dir/w_sqrt.c.obj (__kernel_standard)
/usr/lib/gcc/arm-none-eabi/9.2.1/../../../arm-none-eabi/lib/thumb/v6-m/nofp/libm.a(lib_a-s_lib_ver.o)
                              CMakeFiles/picoputer1.dir/w_sqrt.c.obj (__fdlib_version)
/usr/lib/gcc/arm-none-eabi/9.2.1/../../../arm-none-eabi/lib/thumb/v6-m/nofp/libm.a(lib_a-s_rint.o)
                              CMakeFiles/picoputer1.dir/fparithmetic.c.obj (rint)
/usr/lib/gcc/arm-none-eabi/9.2.1/../../../arm-none-eabi/lib/thumb/v6-m/nofp/libm.a(lib_a-sf_rint.o)
                              CMakeFiles/picoputer1.dir/fparithmetic.c.obj (rintf)
/usr/lib/gcc/arm-none-eabi/9.2.1/thumb/v6-m/nofp/libgcc.a(_dvmd_tls.o)
                              CMakeFiles/picoputer1.dir/tree/downloaded_tools/pico/pico-sdk/src/rp2_common/pico_divider/divider.S.obj (__aeabi_idiv0)
/usr/lib/gcc/arm-none-eabi/9.2.1/../../../arm-none-eabi/lib/thumb/v6-m/nofp/libg.a(lib_a-atexit.o)
                              /usr/lib/gcc/arm-none-eabi/9.2.1/../../../arm-none-eabi/lib/thumb/v6-m/nofp/crt0.o (atexit)
/usr/lib/gcc/arm-none-eabi/9.2.1/../../../arm-none-eabi/lib/thumb/v6-m/nofp/libg.a(lib_a-calloc.o)
                              CMakeFiles/picoputer1.dir/tree/downloaded_tools/pico/pico-sdk/src/rp2_common/pico_malloc/pico_malloc.c.obj (calloc)
/usr/lib/gcc/arm-none-eabi/9.2.1/../../../arm-none-eabi/lib/thumb/v6-m/nofp/libg.a(lib_a-callocr.o)
                              /usr/lib/gcc/arm-none-eabi/9.2.1/../../../arm-none-eabi/lib/thumb/v6-m/nofp/libg.a(lib_a-calloc.o) (_calloc_r)
/usr/lib/gcc/arm-none-eabi/9.2.1/../../../arm-none-eabi/lib/thumb/v6-m/nofp/libg.a(lib_a-ctype_.o)
                              CMakeFiles/picoputer1.dir/picoputer1.c.obj (_ctype_)
/usr/lib/gcc/arm-none-eabi/9.2.1/../../../arm-none-eabi/lib/thumb/v6-m/nofp/libg.a(lib_a-errno.o)
                              CMakeFiles/picoputer1.dir/s_ldexp.c.obj (__errno)
/usr/lib/gcc/arm-none-eabi/9.2.1/../../../arm-none-eabi/lib/thumb/v6-m/nofp/libg.a(lib_a-fini.o)
                              /usr/lib/gcc/arm-none-eabi/9.2.1/../../../arm-none-eabi/lib/thumb/v6-m/nofp/crt0.o (__libc_fini_array)
/usr/lib/gcc/arm-none-eabi/9.2.1/../../../arm-none-eabi/lib/thumb/v6-m/nofp/libg.a(lib_a-fprintf.o)
                              CMakeFiles/picoputer1.dir/p.c.obj (fprintf)
/usr/lib/gcc/arm-none-eabi/9.2.1/../../../arm-none-eabi/lib/thumb/v6-m/nofp/libg.a(lib_a-impure.o)
                              /usr/lib/gcc/arm-none-eabi/9.2.1/../../../arm-none-eabi/lib/thumb/v6-m/nofp/libg.a(lib_a-calloc.o) (_impure_ptr)
/usr/lib/gcc/arm-none-eabi/9.2.1/../../../arm-none-eabi/lib/thumb/v6-m/nofp/libg.a(lib_a-init.o)
                              /usr/lib/gcc/arm-none-eabi/9.2.1/../../../arm-none-eabi/lib/thumb/v6-m/nofp/crt0.o (__libc_init_array)
/usr/lib/gcc/arm-none-eabi/9.2.1/../../../arm-none-eabi/lib/thumb/v6-m/nofp/libg.a(lib_a-malloc.o)
                              CMakeFiles/picoputer1.dir/tree/downloaded_tools/pico/pico-sdk/src/rp2_common/pico_malloc/pico_malloc.c.obj (malloc)
/usr/lib/gcc/arm-none-eabi/9.2.1/../../../arm-none-eabi/lib/thumb/v6-m/nofp/libg.a(lib_a-mallocr.o)
                              /usr/lib/gcc/arm-none-eabi/9.2.1/../../../arm-none-eabi/lib/thumb/v6-m/nofp/libg.a(lib_a-callocr.o) (_malloc_r)
/usr/lib/gcc/arm-none-eabi/9.2.1/../../../arm-none-eabi/lib/thumb/v6-m/nofp/libg.a(lib_a-mlock.o)
                              /usr/lib/gcc/arm-none-eabi/9.2.1/../../../arm-none-eabi/lib/thumb/v6-m/nofp/libg.a(lib_a-mallocr.o) (__malloc_lock)
/usr/lib/gcc/arm-none-eabi/9.2.1/../../../arm-none-eabi/lib/thumb/v6-m/nofp/libg.a(lib_a-sbrkr.o)
                              /usr/lib/gcc/arm-none-eabi/9.2.1/../../../arm-none-eabi/lib/thumb/v6-m/nofp/libg.a(lib_a-mallocr.o) (_sbrk_r)
/usr/lib/gcc/arm-none-eabi/9.2.1/../../../arm-none-eabi/lib/thumb/v6-m/nofp/libg.a(lib_a-strcpy.o)
                              CMakeFiles/picoputer1.dir/p.c.obj (strcpy)
/usr/lib/gcc/arm-none-eabi/9.2.1/../../../arm-none-eabi/lib/thumb/v6-m/nofp/libg.a(lib_a-strlen-stub.o)
                              CMakeFiles/picoputer1.dir/picoputer1.c.obj (strlen)
/usr/lib/gcc/arm-none-eabi/9.2.1/../../../arm-none-eabi/lib/thumb/v6-m/nofp/libg.a(lib_a-strncmp.o)
[...]
Memory Configuration

Name             Origin             Length             Attributes
FLASH            0x0000000010000000 0x0000000000200000 xr
RAM              0x0000000020000000 0x0000000000040000 xrw
SCRATCH_X        0x0000000020040000 0x0000000000001000 xrw
SCRATCH_Y        0x0000000020041000 0x0000000000001000 xrw
*default*        0x0000000000000000 0xffffffffffffffff

Linker script and memory map

LOAD /usr/lib/gcc/arm-none-eabi/9.2.1/thumb/v6-m/nofp/crti.o
LOAD /usr/lib/gcc/arm-none-eabi/9.2.1/thumb/v6-m/nofp/crtbegin.o
LOAD /usr/lib/gcc/arm-none-eabi/9.2.1/../../../arm-none-eabi/lib/thumb/v6-m/nofp/crt0.o

.flash_begin    0x0000000010000000        0x0
                0x0000000010000000                __flash_binary_start = .

.boot2          0x0000000010000000      0x100
                0x0000000010000000                __boot2_start__ = .
 *(.boot2)
 .boot2         0x0000000010000000      0x100 /tmp/cc6XSTcX.o
                0x0000000010000100                __boot2_end__ = .
                0x0000000000000001                ASSERT (((__boot2_end__ - __boot2_start__) == 0x100), ERROR: Pico second stage bootloader must be 256 bytes in size)

.text           0x0000000010000100    0x10100
                0x0000000010000100                __logical_binary_start = .
 *(.vectors)
 .vectors       0x0000000010000100       0xd4 CMakeFiles/picoputer1.dir/tree/downloaded_tools/pico/pico-sdk/src/rp2_common/pico_standard_link/crt0.S.obj
                0x0000000010000100                __vectors
                0x0000000010000100                __VECTOR_TABLE
                0x00000000100001c0                isr_invalid
                0x00000000100001c0                __default_isrs_start
                0x00000000100001c2                isr_nmi
                0x00000000100001c4                isr_hardfault
                0x00000000100001c6                isr_svcall
                0x00000000100001c8                isr_pendsv
                0x00000000100001ca                isr_systick
                0x00000000100001cc                isr_irq30
                0x00000000100001cc                __unhandled_user_irq
                0x00000000100001cc                isr_irq13
                0x00000000100001cc                isr_irq27
                0x00000000100001cc                isr_irq31
                0x00000000100001cc                isr_irq5
                0x00000000100001cc                isr_irq11
                0x00000000100001cc                isr_irq23
                0x00000000100001cc                isr_irq18
                0x00000000100001cc                isr_irq28
                0x00000000100001cc                isr_irq19
                0x00000000100001cc                isr_irq0
                0x00000000100001cc                isr_irq6
                0x00000000100001cc                isr_irq22
                0x00000000100001cc                isr_irq17
                0x00000000100001cc                isr_irq14
                0x00000000100001cc                isr_irq2
                0x00000000100001cc                isr_irq10
                0x00000000100001cc                isr_irq8
                0x00000000100001cc                isr_irq24
                0x00000000100001cc                isr_irq1
                0x00000000100001cc                isr_irq7
                0x00000000100001cc                isr_irq21
                0x00000000100001cc                isr_irq20
                0x00000000100001cc                isr_irq15
                0x00000000100001cc                isr_irq25
                0x00000000100001cc                isr_irq4
                0x00000000100001cc                isr_irq16
                0x00000000100001cc                isr_irq29
                0x00000000100001cc                isr_irq26
                0x00000000100001cc                __default_isrs_end
                0x00000000100001cc                isr_irq3
                0x00000000100001cc                isr_irq12
                0x00000000100001cc                isr_irq9
                0x00000000100001d2                unhandled_user_irq_num_in_r0
 *(.binary_info_header)
 .binary_info_header
                0x00000000100001d4       0x14 CMakeFiles/picoputer1.dir/tree/downloaded_tools/pico/pico-sdk/src/rp2_common/pico_standard_link/crt0.S.obj
                0x00000000100001e8                __binary_info_header_end = .
 *(.reset)
 .reset         0x00000000100001e8       0xa8 CMakeFiles/picoputer1.dir/tree/downloaded_tools/pico/pico-sdk/src/rp2_common/pico_standard_link/crt0.S.obj
                0x00000000100001e8                _entry_point
                0x0000000010000266                __get_current_exception
 .reset         0x0000000010000290       0x30 CMakeFiles/picoputer1.dir/tree/downloaded_tools/pico/pico-sdk/src/rp2_common/pico_standard_link/binary_info.c.obj
 *(.init)
 .init          0x00000000100002c0        0x4 /usr/lib/gcc/arm-none-eabi/9.2.1/thumb/v6-m/nofp/crti.o
                0x00000000100002c0                _init
 *(EXCLUDE_FILE(*libm.a: *libc.a:*lib_a-mem*.o *libgcc.a:) .text*)
 .text          0x00000000100002c4       0x98 /usr/lib/gcc/arm-none-eabi/9.2.1/thumb/v6-m/nofp/crtbegin.o
 .text.link_in_boot_start_ack
                0x000000001000035c        0x2 CMakeFiles/picoputer1.dir/picoputer1.c.obj
                0x000000001000035c                link_in_boot_start_ack
 .text.link_in_booting_ack
                0x000000001000035e        0x2 CMakeFiles/picoputer1.dir/picoputer1.c.obj
                0x000000001000035e                link_in_booting_ack
 .text.link_in_boot_start_data
                0x0000000010000360       0x60 CMakeFiles/picoputer1.dir/picoputer1.c.obj
                0x0000000010000360                link_in_boot_start_data
 .text.picoputerclk_program_init
                0x00000000100003c0       0xec CMakeFiles/picoputer1.dir/picoputer1.c.obj
                0x00000000100003c0                picoputerclk_program_init
 .text.picoputerlinkin_get
                0x00000000100004ac       0x1e CMakeFiles/picoputer1.dir/picoputer1.c.obj
                0x00000000100004ac                picoputerlinkin_get
 *fill*         0x00000000100004ca        0x2 
 .text.init_transputer
                0x00000000100004cc       0x64 CMakeFiles/picoputer1.dir/picoputer1.c.obj
                0x00000000100004cc                init_transputer
 .text.link_in_boot_load
                0x0000000010000530       0x64 CMakeFiles/picoputer1.dir/picoputer1.c.obj
                0x0000000010000530                link_in_boot_load
 .text.link_in_booting_data
                0x0000000010000594       0x20 CMakeFiles/picoputer1.dir/picoputer1.c.obj
                0x0000000010000594                link_in_booting_data
 .text.ram_read
                0x00000000100005b4       0x3a CMakeFiles/picoputer1.dir/picoputer1.c.obj
                0x00000000100005b4                ram_read
 .text.ram_write
                0x00000000100005ee       0x5a CMakeFiles/picoputer1.dir/picoputer1.c.obj
                0x00000000100005ee                ram_write
 .text.printbuf
                0x0000000010000648       0x3c CMakeFiles/picoputer1.dir/picoputer1.c.obj
                0x0000000010000648                printbuf
 .text.spimain  0x0000000010000684       0x5c CMakeFiles/picoputer1.dir/picoputer1.c.obj
                0x0000000010000684                spimain
 .text.main     0x00000000100006e0      0x370 CMakeFiles/picoputer1.dir/picoputer1.c.obj
                0x00000000100006e0                main
 .text.t4_bitreverse
                0x0000000010000a50       0x20 CMakeFiles/picoputer1.dir/p.c.obj
                0x0000000010000a50                t4_bitreverse
 .text.fp_drop  0x0000000010000a70       0x28 CMakeFiles/picoputer1.dir/p.c.obj
                0x0000000010000a70                fp_drop
 .text.fp_drop2
                0x0000000010000a98       0x28 CMakeFiles/picoputer1.dir/p.c.obj
                0x0000000010000a98                fp_drop2
 .text.fp_popdb
                0x0000000010000ac0       0x3c CMakeFiles/picoputer1.dir/p.c.obj
                0x0000000010000ac0                fp_popdb
 .text.fp_peek2db
                0x0000000010000afc       0x58 CMakeFiles/picoputer1.dir/p.c.obj
                0x0000000010000afc                fp_peek2db
 .text.fp_pop2db
                0x0000000010000b54        0xc CMakeFiles/picoputer1.dir/p.c.obj
                0x0000000010000b54                fp_pop2db
 .text.fp_pushdb
                0x0000000010000b60       0x34 CMakeFiles/picoputer1.dir/p.c.obj
                0x0000000010000b60                fp_pushdb
 .text.fp_popsn
                0x0000000010000b94       0x34 CMakeFiles/picoputer1.dir/p.c.obj
                0x0000000010000b94                fp_popsn
 .text.fp_peek2sn
                0x0000000010000bc8       0x48 CMakeFiles/picoputer1.dir/p.c.obj
                0x0000000010000bc8                fp_peek2sn
 .text.fp_pop2sn
                0x0000000010000c10        0xc CMakeFiles/picoputer1.dir/p.c.obj
                0x0000000010000c10                fp_pop2sn
 .text.fp_pushsn
                0x0000000010000c1c       0x30 CMakeFiles/picoputer1.dir/p.c.obj
                0x0000000010000c1c                fp_pushsn
 .text.fp_dobinary
                0x0000000010000c4c       0x80 CMakeFiles/picoputer1.dir/p.c.obj
                0x0000000010000c4c                fp_dobinary
 .text.fp_binary2word
                0x0000000010000ccc       0x5c CMakeFiles/picoputer1.dir/p.c.obj
                0x0000000010000ccc                fp_binary2word
 .text.fp_dounary
                0x0000000010000d28       0x70 CMakeFiles/picoputer1.dir/p.c.obj
                0x0000000010000d28                fp_dounary
 .text.update_tod
                0x0000000010000d98       0x44 CMakeFiles/picoputer1.dir/p.c.obj
                0x0000000010000d98                update_tod
 .text.print_fpreg
                0x0000000010000ddc       0xf4 CMakeFiles/picoputer1.dir/p.c.obj
                0x0000000010000ddc                print_fpreg
 .text.processor_state
                0x0000000010000ed0      0x180 CMakeFiles/picoputer1.dir/p.c.obj
                0x0000000010000ed0                processor_state
 .text.mnemonic
                0x0000000010001050       0xcc CMakeFiles/picoputer1.dir/p.c.obj
                0x0000000010001050                mnemonic
 .text.checkWPtr
                0x000000001000111c       0x24 CMakeFiles/picoputer1.dir/p.c.obj
                0x000000001000111c                checkWPtr
 .text.checkWordAligned
                0x0000000010001140       0x24 CMakeFiles/picoputer1.dir/p.c.obj
                0x0000000010001140                checkWordAligned
 .text.word_int
                0x0000000010001164       0x50 CMakeFiles/picoputer1.dir/p.c.obj
                0x0000000010001164                word_int
 .text.writeword_int
                0x00000000100011b4       0x4c CMakeFiles/picoputer1.dir/p.c.obj
                0x00000000100011b4                writeword_int
 .text.byte_int
                0x0000000010001200       0x58 CMakeFiles/picoputer1.dir/p.c.obj
                0x0000000010001200                byte_int
 .text.writebyte_int
                0x0000000010001258       0x58 CMakeFiles/picoputer1.dir/p.c.obj
                0x0000000010001258                writebyte_int
 .text.word_notinit
                0x00000000100012b0       0x10 CMakeFiles/picoputer1.dir/p.c.obj
                0x00000000100012b0                word_notinit
 .text.word     0x00000000100012c0       0x48 CMakeFiles/picoputer1.dir/p.c.obj
                0x00000000100012c0                word
 .text.writeword
                0x0000000010001308       0x28 CMakeFiles/picoputer1.dir/p.c.obj
                0x0000000010001308                writeword
 .text.reset_channel
                0x0000000010001330       0x3c CMakeFiles/picoputer1.dir/p.c.obj
                0x0000000010001330                reset_channel
 .text.init_processor
                0x000000001000136c       0xe4 CMakeFiles/picoputer1.dir/p.c.obj
                0x000000001000136c                init_processor
 .text.run_process
                0x0000000010001450      0x290 CMakeFiles/picoputer1.dir/p.c.obj
                0x0000000010001450                run_process
 .text.deschedule
                0x00000000100016e0       0x50 CMakeFiles/picoputer1.dir/p.c.obj
                0x00000000100016e0                deschedule
 .text.interrupt
                0x0000000010001730       0xe4 CMakeFiles/picoputer1.dir/p.c.obj
                0x0000000010001730                interrupt
 .text.insert   0x0000000010001814      0x10c CMakeFiles/picoputer1.dir/p.c.obj
                0x0000000010001814                insert
 .text.purge_timer
                0x0000000010001920       0x84 CMakeFiles/picoputer1.dir/p.c.obj
                0x0000000010001920                purge_timer
 .text.schedule
                0x00000000100019a4      0x158 CMakeFiles/picoputer1.dir/p.c.obj
                0x00000000100019a4                schedule
 .text.update_time
                0x0000000010001afc      0x198 CMakeFiles/picoputer1.dir/p.c.obj
                0x0000000010001afc                update_time
 .text.start_process
                0x0000000010001c94       0xc4 CMakeFiles/picoputer1.dir/p.c.obj
                0x0000000010001c94                start_process
 .text.reschedule
                0x0000000010001d58       0x2c CMakeFiles/picoputer1.dir/p.c.obj
                0x0000000010001d58                reschedule
 .text.D_check  0x0000000010001d84       0x88 CMakeFiles/picoputer1.dir/p.c.obj
                0x0000000010001d84                D_check
 .text.byte     0x0000000010001e0c       0x2c CMakeFiles/picoputer1.dir/p.c.obj
                0x0000000010001e0c                byte
 .text.writebyte
                0x0000000010001e38       0x2c CMakeFiles/picoputer1.dir/p.c.obj
                0x0000000010001e38                writebyte
 .text.real32   0x0000000010001e64       0x14 CMakeFiles/picoputer1.dir/p.c.obj
                0x0000000010001e64                real32
 .text.writereal32
                0x0000000010001e78       0x14 CMakeFiles/picoputer1.dir/p.c.obj
                0x0000000010001e78                writereal32
 .text.real64   0x0000000010001e8c       0x28 CMakeFiles/picoputer1.dir/p.c.obj
                0x0000000010001e8c                real64
 .text.writereal64
                0x0000000010001eb4       0x20 CMakeFiles/picoputer1.dir/p.c.obj
                0x0000000010001eb4                writereal64
 .text.add_profile
                0x0000000010001ed4       0x2c CMakeFiles/picoputer1.dir/p.c.obj
                0x0000000010001ed4                add_profile
 .text.mainloop
                0x0000000010001f00     0x3ae4 CMakeFiles/picoputer1.dir/p.c.obj
                0x0000000010001f00                mainloop
 .text.t4_add32
                0x00000000100059e4       0x24 CMakeFiles/picoputer1.dir/arithmetic.c.obj
                0x00000000100059e4                t4_add32
 .text.t4_eadd32
                0x0000000010005a08       0x20 CMakeFiles/picoputer1.dir/arithmetic.c.obj
                0x0000000010005a08                t4_eadd32
 .text.t4_sub32
                0x0000000010005a28       0x24 CMakeFiles/picoputer1.dir/arithmetic.c.obj
                0x0000000010005a28                t4_sub32
 .text.t4_esub32
                0x0000000010005a4c       0x20 CMakeFiles/picoputer1.dir/arithmetic.c.obj
                0x0000000010005a4c                t4_esub32
 .text.t4_mul32
                0x0000000010005a6c       0x20 CMakeFiles/picoputer1.dir/arithmetic.c.obj
                0x0000000010005a6c                t4_mul32
 .text.t4_emul32
                0x0000000010005a8c       0x50 CMakeFiles/picoputer1.dir/arithmetic.c.obj
                0x0000000010005a8c                t4_emul32
 .text.t4_shl64
                0x0000000010005adc       0x44 CMakeFiles/picoputer1.dir/arithmetic.c.obj
                0x0000000010005adc                t4_shl64
 .text.t4_shr64
                0x0000000010005b20       0x38 CMakeFiles/picoputer1.dir/arithmetic.c.obj
                0x0000000010005b20                t4_shr64
 .text.t4_fmul  0x0000000010005b58       0x48 CMakeFiles/picoputer1.dir/arithmetic.c.obj
                0x0000000010005b58                t4_fmul
 .text.t4_norm64
                0x0000000010005ba0       0x68 CMakeFiles/picoputer1.dir/arithmetic.c.obj
                0x0000000010005ba0                t4_norm64
 .text.t4_longdiv
                0x0000000010005c08       0x28 CMakeFiles/picoputer1.dir/arithmetic.c.obj
                0x0000000010005c08                t4_longdiv
 .text.t4_infinity
                0x0000000010005c30        0x6 CMakeFiles/picoputer1.dir/arithmetic.c.obj
                0x0000000010005c30                t4_infinity
 .text.t4_isinf
                0x0000000010005c36       0x14 CMakeFiles/picoputer1.dir/arithmetic.c.obj
                0x0000000010005c36                t4_isinf
 .text.t4_iszero
                0x0000000010005c4a        0xc CMakeFiles/picoputer1.dir/arithmetic.c.obj
                0x0000000010005c4a                t4_iszero
 .text.t4_isnan
                0x0000000010005c56       0x20 CMakeFiles/picoputer1.dir/arithmetic.c.obj
                0x0000000010005c56                t4_isnan
 *fill*         0x0000000010005c76        0x2 
 .text.link_in_null
                0x0000000010005c78       0x18 CMakeFiles/picoputer1.dir/server.c.obj
                0x0000000010005c78                link_in_null
 .text.link_in_ack_null
                0x0000000010005c90       0x18 CMakeFiles/picoputer1.dir/server.c.obj
                0x0000000010005c90                link_in_ack_null
 .text.which_linkout
                0x0000000010005ca8       0x38 CMakeFiles/picoputer1.dir/server.c.obj
                0x0000000010005ca8                which_linkout
 .text.which_linkin
                0x0000000010005ce0       0x3c CMakeFiles/picoputer1.dir/server.c.obj
                0x0000000010005ce0                which_linkin
 .text.server_init
                0x0000000010005d1c       0x5c CMakeFiles/picoputer1.dir/server.c.obj
                0x0000000010005d1c                server_init
 .text.server_linkout_init
                0x0000000010005d78       0x10 CMakeFiles/picoputer1.dir/server.c.obj
                0x0000000010005d78                server_linkout_init
 .text.server_linkin_init
                0x0000000010005d88       0x10 CMakeFiles/picoputer1.dir/server.c.obj
                0x0000000010005d88                server_linkin_init
 .text.send_linkout_message
                0x0000000010005d98       0x40 CMakeFiles/picoputer1.dir/server.c.obj
                0x0000000010005d98                send_linkout_message
 .text.receive_linkin_message
                0x0000000010005dd8       0x40 CMakeFiles/picoputer1.dir/server.c.obj
                0x0000000010005dd8                receive_linkin_message
 .text.get_data_from_link
                0x0000000010005e18       0x34 CMakeFiles/picoputer1.dir/server.c.obj
                0x0000000010005e18                get_data_from_link
 .text.bootloop
                0x0000000010005e4c       0x5c CMakeFiles/picoputer1.dir/server.c.obj
                0x0000000010005e4c                bootloop
 .text.send_ack_to_link
                0x0000000010005ea8       0x2c CMakeFiles/picoputer1.dir/server.c.obj
                0x0000000010005ea8                send_ack_to_link
 .text.linkloop
                0x0000000010005ed4      0x1fc CMakeFiles/picoputer1.dir/server.c.obj
                0x0000000010005ed4                linkloop
 .text.server   0x00000000100060d0        0xa CMakeFiles/picoputer1.dir/server.c.obj
                0x00000000100060d0                server
 *fill*         0x00000000100060da        0x2 
 .text.server_simkey
                0x00000000100060dc       0x28 CMakeFiles/picoputer1.dir/server.c.obj
                0x00000000100060dc                server_simkey
 .text.db_mulby2
                0x0000000010006104       0x18 CMakeFiles/picoputer1.dir/fparithmetic.c.obj
                0x0000000010006104                db_mulby2
 .text.db_divby2
                0x000000001000611c       0x1a CMakeFiles/picoputer1.dir/fparithmetic.c.obj
                0x000000001000611c                db_divby2
 .text.db_expinc32
                0x0000000010006136       0x18 CMakeFiles/picoputer1.dir/fparithmetic.c.obj
                0x0000000010006136                db_expinc32
 .text.db_expdec32
                0x000000001000614e       0x1a CMakeFiles/picoputer1.dir/fparithmetic.c.obj
                0x000000001000614e                db_expdec32
 .text.sn_mulby2
                0x0000000010006168        0xa CMakeFiles/picoputer1.dir/fparithmetic.c.obj
                0x0000000010006168                sn_mulby2
 .text.sn_divby2
                0x0000000010006172        0xc CMakeFiles/picoputer1.dir/fparithmetic.c.obj
                0x0000000010006172                sn_divby2
 .text.sn_expinc32
                0x000000001000617e        0xa CMakeFiles/picoputer1.dir/fparithmetic.c.obj
                0x000000001000617e                sn_expinc32
 .text.sn_expdec32
                0x0000000010006188        0xc CMakeFiles/picoputer1.dir/fparithmetic.c.obj
                0x0000000010006188                sn_expdec32
 .text.fp_setrounding
                0x0000000010006194        0x2 CMakeFiles/picoputer1.dir/fparithmetic.c.obj
                0x0000000010006194                fp_setrounding
 .text.db_sign  0x0000000010006196        0x8 CMakeFiles/picoputer1.dir/fparithmetic.c.obj
                0x0000000010006196                db_sign
 .text.fp_signdb
                0x000000001000619e        0x8 CMakeFiles/picoputer1.dir/fparithmetic.c.obj
                0x000000001000619e                fp_signdb
 .text.db_exp   0x00000000100061a6        0x8 CMakeFiles/picoputer1.dir/fparithmetic.c.obj
                0x00000000100061a6                db_exp
 .text.fp_expdb
                0x00000000100061ae        0x8 CMakeFiles/picoputer1.dir/fparithmetic.c.obj
                0x00000000100061ae                fp_expdb
 .text.db_frac  0x00000000100061b6        0x6 CMakeFiles/picoputer1.dir/fparithmetic.c.obj
                0x00000000100061b6                db_frac
 .text.fp_fracdb
                0x00000000100061bc        0x8 CMakeFiles/picoputer1.dir/fparithmetic.c.obj
                0x00000000100061bc                fp_fracdb
 .text.db_expfrac
                0x00000000100061c4        0x6 CMakeFiles/picoputer1.dir/fparithmetic.c.obj
                0x00000000100061c4                db_expfrac
 .text.fp_expfracdb
                0x00000000100061ca        0x8 CMakeFiles/picoputer1.dir/fparithmetic.c.obj
                0x00000000100061ca                fp_expfracdb
 *fill*         0x00000000100061d2        0x2 
 .text.db_inf   0x00000000100061d4       0x2c CMakeFiles/picoputer1.dir/fparithmetic.c.obj
                0x00000000100061d4                db_inf
 .text.fp_infdb
                0x0000000010006200        0x8 CMakeFiles/picoputer1.dir/fparithmetic.c.obj
                0x0000000010006200                fp_infdb
 .text.db_nan   0x0000000010006208       0x2c CMakeFiles/picoputer1.dir/fparithmetic.c.obj
                0x0000000010006208                db_nan
 .text.fp_nandb
                0x0000000010006234        0x8 CMakeFiles/picoputer1.dir/fparithmetic.c.obj
                0x0000000010006234                fp_nandb
 .text.db_add   0x000000001000623c       0xe4 CMakeFiles/picoputer1.dir/fparithmetic.c.obj
                0x000000001000623c                db_add
 .text.db_notfinite
                0x0000000010006320       0x18 CMakeFiles/picoputer1.dir/fparithmetic.c.obj
                0x0000000010006320                db_notfinite
 .text.fp_notfinitedb
                0x0000000010006338        0x8 CMakeFiles/picoputer1.dir/fparithmetic.c.obj
                0x0000000010006338                fp_notfinitedb
 .text.db_zero  0x0000000010006340        0xc CMakeFiles/picoputer1.dir/fparithmetic.c.obj
                0x0000000010006340                db_zero
 .text.fp_zerodb
                0x000000001000634c        0x8 CMakeFiles/picoputer1.dir/fparithmetic.c.obj
                0x000000001000634c                fp_zerodb
 .text.db_sqrt  0x0000000010006354       0x3c CMakeFiles/picoputer1.dir/fparithmetic.c.obj
                0x0000000010006354                db_sqrt
 .text.sn_sign  0x0000000010006390        0x4 CMakeFiles/picoputer1.dir/fparithmetic.c.obj
                0x0000000010006390                sn_sign
 .text.fp_signsn
                0x0000000010006394        0x8 CMakeFiles/picoputer1.dir/fparithmetic.c.obj
                0x0000000010006394                fp_signsn
 .text.sn_exp   0x000000001000639c        0x8 CMakeFiles/picoputer1.dir/fparithmetic.c.obj
                0x000000001000639c                sn_exp
 .text.fp_expsn
                0x00000000100063a4        0x8 CMakeFiles/picoputer1.dir/fparithmetic.c.obj
                0x00000000100063a4                fp_expsn
 .text.sn_frac  0x00000000100063ac        0x6 CMakeFiles/picoputer1.dir/fparithmetic.c.obj
                0x00000000100063ac                sn_frac
 .text.fp_fracsn
                0x00000000100063b2        0x8 CMakeFiles/picoputer1.dir/fparithmetic.c.obj
                0x00000000100063b2                fp_fracsn
 .text.sn_expfrac
                0x00000000100063ba        0x6 CMakeFiles/picoputer1.dir/fparithmetic.c.obj
                0x00000000100063ba                sn_expfrac
 .text.fp_expfracsn
                0x00000000100063c0        0x8 CMakeFiles/picoputer1.dir/fparithmetic.c.obj
                0x00000000100063c0                fp_expfracsn
 .text.sn_inf   0x00000000100063c8       0x22 CMakeFiles/picoputer1.dir/fparithmetic.c.obj
                0x00000000100063c8                sn_inf
 .text.fp_infsn
                0x00000000100063ea        0x8 CMakeFiles/picoputer1.dir/fparithmetic.c.obj
                0x00000000100063ea                fp_infsn
 .text.sn_nan   0x00000000100063f2       0x22 CMakeFiles/picoputer1.dir/fparithmetic.c.obj
                0x00000000100063f2                sn_nan
 .text.fp_nansn
                0x0000000010006414        0x8 CMakeFiles/picoputer1.dir/fparithmetic.c.obj
                0x0000000010006414                fp_nansn
 .text.sn_add   0x000000001000641c       0xa4 CMakeFiles/picoputer1.dir/fparithmetic.c.obj
                0x000000001000641c                sn_add
 .text.sn_notfinite
                0x00000000100064c0        0xe CMakeFiles/picoputer1.dir/fparithmetic.c.obj
                0x00000000100064c0                sn_notfinite
 .text.fp_notfinitesn
                0x00000000100064ce        0x8 CMakeFiles/picoputer1.dir/fparithmetic.c.obj
                0x00000000100064ce                fp_notfinitesn
 .text.sn_zero  0x00000000100064d6        0x8 CMakeFiles/picoputer1.dir/fparithmetic.c.obj
                0x00000000100064d6                sn_zero
 .text.fp_zerosn
                0x00000000100064de        0x8 CMakeFiles/picoputer1.dir/fparithmetic.c.obj
                0x00000000100064de                fp_zerosn
 .text.sn_sqrt  0x00000000100064e6       0x26 CMakeFiles/picoputer1.dir/fparithmetic.c.obj
                0x00000000100064e6                sn_sqrt
 .text.fp_clrexcept
                0x000000001000650c       0x1c CMakeFiles/picoputer1.dir/fparithmetic.c.obj
                0x000000001000650c                fp_clrexcept
 .text.fp_init  0x0000000010006528      0x290 CMakeFiles/picoputer1.dir/fparithmetic.c.obj
                0x0000000010006528                fp_init
 .text.fp_chkexcept
                0x00000000100067b8        0x2 CMakeFiles/picoputer1.dir/fparithmetic.c.obj
                0x00000000100067b8                fp_chkexcept
 *fill*         0x00000000100067ba        0x2 
 .text.fp_syncexcept
                0x00000000100067bc       0x20 CMakeFiles/picoputer1.dir/fparithmetic.c.obj
                0x00000000100067bc                fp_syncexcept
 .text.db_correct_sign
                0x00000000100067dc       0x32 CMakeFiles/picoputer1.dir/fparithmetic.c.obj
                0x00000000100067dc                db_correct_sign
 *fill*         0x000000001000680e        0x2 
 .text.db_mul   0x0000000010006810      0x114 CMakeFiles/picoputer1.dir/fparithmetic.c.obj
                0x0000000010006810                db_mul
 .text.db_div   0x0000000010006924      0x128 CMakeFiles/picoputer1.dir/fparithmetic.c.obj
                0x0000000010006924                db_div
 .text.db_change_sign
                0x0000000010006a4c        0xe CMakeFiles/picoputer1.dir/fparithmetic.c.obj
                0x0000000010006a4c                db_change_sign
 *fill*         0x0000000010006a5a        0x2 
 .text.db_sub   0x0000000010006a5c       0xf0 CMakeFiles/picoputer1.dir/fparithmetic.c.obj
                0x0000000010006a5c                db_sub
 .text.sn_correct_sign
                0x0000000010006b4c       0x28 CMakeFiles/picoputer1.dir/fparithmetic.c.obj
                0x0000000010006b4c                sn_correct_sign
 .text.sn_mul   0x0000000010006b74       0xb8 CMakeFiles/picoputer1.dir/fparithmetic.c.obj
                0x0000000010006b74                sn_mul
 .text.sn_div   0x0000000010006c2c       0xc8 CMakeFiles/picoputer1.dir/fparithmetic.c.obj
                0x0000000010006c2c                sn_div
 .text.sn_change_sign
                0x0000000010006cf4        0xa CMakeFiles/picoputer1.dir/fparithmetic.c.obj
                0x0000000010006cf4                sn_change_sign
 *fill*         0x0000000010006cfe        0x2 
 .text.sn_sub   0x0000000010006d00       0xa8 CMakeFiles/picoputer1.dir/fparithmetic.c.obj
                0x0000000010006d00                sn_sub
 .text.fp_state
                0x0000000010006da8      0x114 CMakeFiles/picoputer1.dir/fparithmetic.c.obj
                0x0000000010006da8                fp_state
 .text.fp_setstate
                0x0000000010006ebc       0x32 CMakeFiles/picoputer1.dir/fparithmetic.c.obj
                0x0000000010006ebc                fp_setstate
 *fill*         0x0000000010006eee        0x2 
 .text.db_binary
                0x0000000010006ef0       0x80 CMakeFiles/picoputer1.dir/fparithmetic.c.obj
                0x0000000010006ef0                db_binary
 .text.db_unary
                0x0000000010006f70       0x74 CMakeFiles/picoputer1.dir/fparithmetic.c.obj
                0x0000000010006f70                db_unary
 .text.sn_binary
                0x0000000010006fe4       0x50 CMakeFiles/picoputer1.dir/fparithmetic.c.obj
                0x0000000010006fe4                sn_binary
 .text.sn_unary
                0x0000000010007034       0x50 CMakeFiles/picoputer1.dir/fparithmetic.c.obj
                0x0000000010007034                sn_unary
 .text.DQuotRem
                0x0000000010007084       0x3a CMakeFiles/picoputer1.dir/fparithmetic.c.obj
                0x0000000010007084                DQuotRem
 .text.RQuotRem
                0x00000000100070be       0x26 CMakeFiles/picoputer1.dir/fparithmetic.c.obj
                0x00000000100070be                RQuotRem
 .text.fp_adddb
                0x00000000100070e4       0x24 CMakeFiles/picoputer1.dir/fparithmetic.c.obj
                0x00000000100070e4                fp_adddb
 .text.fp_subdb
                0x0000000010007108       0x24 CMakeFiles/picoputer1.dir/fparithmetic.c.obj
                0x0000000010007108                fp_subdb
 .text.fp_muldb
                0x000000001000712c       0x24 CMakeFiles/picoputer1.dir/fparithmetic.c.obj
                0x000000001000712c                fp_muldb
 .text.fp_divdb
                0x0000000010007150       0x24 CMakeFiles/picoputer1.dir/fparithmetic.c.obj
                0x0000000010007150                fp_divdb
 .text.fp_mulby2db
                0x0000000010007174       0x18 CMakeFiles/picoputer1.dir/fparithmetic.c.obj
                0x0000000010007174                fp_mulby2db
 .text.fp_divby2db
                0x000000001000718c       0x18 CMakeFiles/picoputer1.dir/fparithmetic.c.obj
                0x000000001000718c                fp_divby2db
 .text.fp_expinc32db
                0x00000000100071a4       0x18 CMakeFiles/picoputer1.dir/fparithmetic.c.obj
                0x00000000100071a4                fp_expinc32db
 .text.fp_expdec32db
                0x00000000100071bc       0x18 CMakeFiles/picoputer1.dir/fparithmetic.c.obj
                0x00000000100071bc                fp_expdec32db
 .text.fp_absdb
                0x00000000100071d4       0x60 CMakeFiles/picoputer1.dir/fparithmetic.c.obj
                0x00000000100071d4                fp_absdb
 .text.fp_sqrtfirstdb
                0x0000000010007234       0x60 CMakeFiles/picoputer1.dir/fparithmetic.c.obj
                0x0000000010007234                fp_sqrtfirstdb
 .text.fp_sqrtlastdb
                0x0000000010007294       0x18 CMakeFiles/picoputer1.dir/fparithmetic.c.obj
                0x0000000010007294                fp_sqrtlastdb
 .text.fp_remfirstdb
                0x00000000100072ac      0x1b8 CMakeFiles/picoputer1.dir/fparithmetic.c.obj
                0x00000000100072ac                fp_remfirstdb
 .text.fp_gtdb  0x0000000010007464       0xcc CMakeFiles/picoputer1.dir/fparithmetic.c.obj
                0x0000000010007464                fp_gtdb
 .text.fp_eqdb  0x0000000010007530       0x50 CMakeFiles/picoputer1.dir/fparithmetic.c.obj
                0x0000000010007530                fp_eqdb
 .text.fp_ordereddb
                0x0000000010007580       0x26 CMakeFiles/picoputer1.dir/fparithmetic.c.obj
                0x0000000010007580                fp_ordereddb
 *fill*         0x00000000100075a6        0x2 
 .text.fp_r64tor32
                0x00000000100075a8       0x58 CMakeFiles/picoputer1.dir/fparithmetic.c.obj
                0x00000000100075a8                fp_r64tor32
 .text.fp_intdb
                0x0000000010007600       0xac CMakeFiles/picoputer1.dir/fparithmetic.c.obj
                0x0000000010007600                fp_intdb
 .text.fp_chki32db
                0x00000000100076ac       0xa4 CMakeFiles/picoputer1.dir/fparithmetic.c.obj
                0x00000000100076ac                fp_chki32db
 .text.fp_chki64db
                0x0000000010007750       0xa4 CMakeFiles/picoputer1.dir/fparithmetic.c.obj
                0x0000000010007750                fp_chki64db
 .text.fp_rtoi32db
                0x00000000100077f4       0xc8 CMakeFiles/picoputer1.dir/fparithmetic.c.obj
                0x00000000100077f4                fp_rtoi32db
 .text.fp_norounddb
                0x00000000100078bc       0x54 CMakeFiles/picoputer1.dir/fparithmetic.c.obj
                0x00000000100078bc                fp_norounddb
 .text.fp_stnli32db
                0x0000000010007910       0xc4 CMakeFiles/picoputer1.dir/fparithmetic.c.obj
                0x0000000010007910                fp_stnli32db
 .text.fp_i32tor64
                0x00000000100079d4       0x34 CMakeFiles/picoputer1.dir/fparithmetic.c.obj
                0x00000000100079d4                fp_i32tor64
 .text.fp_b32tor64
                0x0000000010007a08       0x34 CMakeFiles/picoputer1.dir/fparithmetic.c.obj
                0x0000000010007a08                fp_b32tor64
 .text.fp_addsn
                0x0000000010007a3c       0x10 CMakeFiles/picoputer1.dir/fparithmetic.c.obj
                0x0000000010007a3c                fp_addsn
 .text.fp_subsn
                0x0000000010007a4c       0x10 CMakeFiles/picoputer1.dir/fparithmetic.c.obj
                0x0000000010007a4c                fp_subsn
 .text.fp_mulsn
                0x0000000010007a5c       0x10 CMakeFiles/picoputer1.dir/fparithmetic.c.obj
                0x0000000010007a5c                fp_mulsn
 .text.fp_divsn
                0x0000000010007a6c       0x10 CMakeFiles/picoputer1.dir/fparithmetic.c.obj
                0x0000000010007a6c                fp_divsn
 .text.fp_mulby2sn
                0x0000000010007a7c       0x10 CMakeFiles/picoputer1.dir/fparithmetic.c.obj
                0x0000000010007a7c                fp_mulby2sn
 .text.fp_divby2sn
                0x0000000010007a8c       0x10 CMakeFiles/picoputer1.dir/fparithmetic.c.obj
                0x0000000010007a8c                fp_divby2sn
 .text.fp_expinc32sn
                0x0000000010007a9c       0x10 CMakeFiles/picoputer1.dir/fparithmetic.c.obj
                0x0000000010007a9c                fp_expinc32sn
 .text.fp_expdec32sn
                0x0000000010007aac       0x10 CMakeFiles/picoputer1.dir/fparithmetic.c.obj
                0x0000000010007aac                fp_expdec32sn
 .text.fp_abssn
                0x0000000010007abc       0x4c CMakeFiles/picoputer1.dir/fparithmetic.c.obj
                0x0000000010007abc                fp_abssn
 .text.fp_sqrtfirstsn
                0x0000000010007b08       0x48 CMakeFiles/picoputer1.dir/fparithmetic.c.obj
                0x0000000010007b08                fp_sqrtfirstsn
 .text.fp_sqrtlastsn
                0x0000000010007b50       0x10 CMakeFiles/picoputer1.dir/fparithmetic.c.obj
                0x0000000010007b50                fp_sqrtlastsn
 .text.fp_remfirstsn
                0x0000000010007b60       0xc8 CMakeFiles/picoputer1.dir/fparithmetic.c.obj
                0x0000000010007b60                fp_remfirstsn
 .text.fp_gtsn  0x0000000010007c28       0x88 CMakeFiles/picoputer1.dir/fparithmetic.c.obj
                0x0000000010007c28                fp_gtsn
 .text.fp_eqsn  0x0000000010007cb0       0x44 CMakeFiles/picoputer1.dir/fparithmetic.c.obj
                0x0000000010007cb0                fp_eqsn
 .text.fp_orderedsn
                0x0000000010007cf4       0x22 CMakeFiles/picoputer1.dir/fparithmetic.c.obj
                0x0000000010007cf4                fp_orderedsn
 *fill*         0x0000000010007d16        0x2 
 .text.fp_r32tor64
                0x0000000010007d18       0xa0 CMakeFiles/picoputer1.dir/fparithmetic.c.obj
                0x0000000010007d18                fp_r32tor64
 .text.fp_intsn
                0x0000000010007db8       0x88 CMakeFiles/picoputer1.dir/fparithmetic.c.obj
                0x0000000010007db8                fp_intsn
 .text.fp_chki32sn
                0x0000000010007e40       0x74 CMakeFiles/picoputer1.dir/fparithmetic.c.obj
                0x0000000010007e40                fp_chki32sn
 .text.fp_chki64sn
                0x0000000010007eb4       0x74 CMakeFiles/picoputer1.dir/fparithmetic.c.obj
                0x0000000010007eb4                fp_chki64sn
 .text.fp_rtoi32sn
                0x0000000010007f28       0x10 CMakeFiles/picoputer1.dir/fparithmetic.c.obj
                0x0000000010007f28                fp_rtoi32sn
 .text.fp_stnli32sn
                0x0000000010007f38       0x78 CMakeFiles/picoputer1.dir/fparithmetic.c.obj
                0x0000000010007f38                fp_stnli32sn
 .text.fp_i32tor32
                0x0000000010007fb0       0x24 CMakeFiles/picoputer1.dir/fparithmetic.c.obj
                0x0000000010007fb0                fp_i32tor32
 .text.fdm_ldexp
                0x0000000010007fd4       0x9c CMakeFiles/picoputer1.dir/s_ldexp.c.obj
                0x0000000010007fd4                fdm_ldexp
 .text.fdm_ldexpf
                0x0000000010008070       0x74 CMakeFiles/picoputer1.dir/s_ldexpf.c.obj
                0x0000000010008070                fdm_ldexpf
 .text.fdm_scalbn
                0x00000000100080e4      0x120 CMakeFiles/picoputer1.dir/s_scalbn.c.obj
                0x00000000100080e4                fdm_scalbn
 .text.fdm_scalbnf
                0x0000000010008204       0xc8 CMakeFiles/picoputer1.dir/s_scalbnf.c.obj
                0x0000000010008204                fdm_scalbnf
 .text.fdm_sqrt
                0x00000000100082cc       0x5c CMakeFiles/picoputer1.dir/w_sqrt.c.obj
                0x00000000100082cc                fdm_sqrt
 .text.fdm_remainder
                0x0000000010008328       0x60 CMakeFiles/picoputer1.dir/w_remainder.c.obj
                0x0000000010008328                fdm_remainder
 .text.gpio_set_function
                0x0000000010008388       0x30 CMakeFiles/picoputer1.dir/tree/downloaded_tools/pico/pico-sdk/src/rp2_common/hardware_gpio/gpio.c.obj
                0x0000000010008388                gpio_set_function
 .text.gpio_set_pulls
                0x00000000100083b8       0x34 CMakeFiles/picoputer1.dir/tree/downloaded_tools/pico/pico-sdk/src/rp2_common/hardware_gpio/gpio.c.obj
                0x00000000100083b8                gpio_set_pulls
 .text.gpio_init
                0x00000000100083ec       0x16 CMakeFiles/picoputer1.dir/tree/downloaded_tools/pico/pico-sdk/src/rp2_common/hardware_gpio/gpio.c.obj
                0x00000000100083ec                gpio_init
 *fill*         0x0000000010008402        0x2 
 .text.hw_claim_lock
                0x0000000010008404       0x18 CMakeFiles/picoputer1.dir/tree/downloaded_tools/pico/pico-sdk/src/rp2_common/hardware_claim/claim.c.obj
                0x0000000010008404                hw_claim_lock
 .text.hw_claim_unlock
                0x000000001000841c       0x14 CMakeFiles/picoputer1.dir/tree/downloaded_tools/pico/pico-sdk/src/rp2_common/hardware_claim/claim.c.obj
                0x000000001000841c                hw_claim_unlock
 .text.hw_claim_or_assert
                0x0000000010008430       0x32 CMakeFiles/picoputer1.dir/tree/downloaded_tools/pico/pico-sdk/src/rp2_common/hardware_claim/claim.c.obj
                0x0000000010008430                hw_claim_or_assert
 .text.hw_claim_unused_from_range
                0x0000000010008462       0x50 CMakeFiles/picoputer1.dir/tree/downloaded_tools/pico/pico-sdk/src/rp2_common/hardware_claim/claim.c.obj
                0x0000000010008462                hw_claim_unused_from_range
 *fill*         0x00000000100084b2        0x2 
 .text.running_on_fpga
                0x00000000100084b4       0x14 CMakeFiles/picoputer1.dir/tree/downloaded_tools/pico/pico-sdk/src/rp2_common/pico_platform/platform.c.obj
                0x00000000100084b4                running_on_fpga
 .text.spin_locks_reset
                0x00000000100084c8       0x20 CMakeFiles/picoputer1.dir/tree/downloaded_tools/pico/pico-sdk/src/rp2_common/hardware_sync/sync.c.obj
                0x00000000100084c8                spin_locks_reset
 .text.next_striped_spin_lock_num
                0x00000000100084e8       0x1c CMakeFiles/picoputer1.dir/tree/downloaded_tools/pico/pico-sdk/src/rp2_common/hardware_sync/sync.c.obj
                0x00000000100084e8                next_striped_spin_lock_num
 .text.spin_lock_claim_unused
                0x0000000010008504       0x20 CMakeFiles/picoputer1.dir/tree/downloaded_tools/pico/pico-sdk/src/rp2_common/hardware_sync/sync.c.obj
                0x0000000010008504                spin_lock_claim_unused
 .text.uart_set_baudrate
                0x0000000010008524       0x5c CMakeFiles/picoputer1.dir/tree/downloaded_tools/pico/pico-sdk/src/rp2_common/hardware_uart/uart.c.obj
                0x0000000010008524                uart_set_baudrate
 .text.uart_set_translate_crlf
                0x0000000010008580       0x28 CMakeFiles/picoputer1.dir/tree/downloaded_tools/pico/pico-sdk/src/rp2_common/hardware_uart/uart.c.obj
                0x0000000010008580                uart_set_translate_crlf
 .text.uart_init
                0x00000000100085a8       0x80 CMakeFiles/picoputer1.dir/tree/downloaded_tools/pico/pico-sdk/src/rp2_common/hardware_uart/uart.c.obj
                0x00000000100085a8                uart_init
 .text.alarm_pool_post_alloc_init
                0x0000000010008628       0x40 CMakeFiles/picoputer1.dir/tree/downloaded_tools/pico/pico-sdk/src/common/pico_time/time.c.obj
 .text.sleep_until_callback
                0x0000000010008668       0x30 CMakeFiles/picoputer1.dir/tree/downloaded_tools/pico/pico-sdk/src/common/pico_time/time.c.obj
 .text.timer_pool_entry_comparator
                0x0000000010008698       0x7c CMakeFiles/picoputer1.dir/tree/downloaded_tools/pico/pico-sdk/src/common/pico_time/time.c.obj
                0x0000000010008698                timer_pool_entry_comparator
 .text.ph_add_child_node
                0x0000000010008714       0xa4 CMakeFiles/picoputer1.dir/tree/downloaded_tools/pico/pico-sdk/src/common/pico_time/time.c.obj
 .text.ph_merge_nodes
                0x00000000100087b8       0x3e CMakeFiles/picoputer1.dir/tree/downloaded_tools/pico/pico-sdk/src/common/pico_time/time.c.obj
 *fill*         0x00000000100087f6        0x2 
 .text.add_alarm_under_lock
                0x00000000100087f8      0x174 CMakeFiles/picoputer1.dir/tree/downloaded_tools/pico/pico-sdk/src/common/pico_time/time.c.obj
 .text.alarm_pool_alarm_callback
                0x000000001000896c      0x32c CMakeFiles/picoputer1.dir/tree/downloaded_tools/pico/pico-sdk/src/common/pico_time/time.c.obj
 .text.alarm_pool_init_default
                0x0000000010008c98       0x38 CMakeFiles/picoputer1.dir/tree/downloaded_tools/pico/pico-sdk/src/common/pico_time/time.c.obj
                0x0000000010008c98                alarm_pool_init_default
 .text.alarm_pool_get_default
                0x0000000010008cd0       0x2c CMakeFiles/picoputer1.dir/tree/downloaded_tools/pico/pico-sdk/src/common/pico_time/time.c.obj
                0x0000000010008cd0                alarm_pool_get_default
 .text.alarm_pool_add_alarm_at
                0x0000000010008cfc      0x170 CMakeFiles/picoputer1.dir/tree/downloaded_tools/pico/pico-sdk/src/common/pico_time/time.c.obj
                0x0000000010008cfc                alarm_pool_add_alarm_at
 .text.alarm_pool_cancel_alarm
                0x0000000010008e6c       0xec CMakeFiles/picoputer1.dir/tree/downloaded_tools/pico/pico-sdk/src/common/pico_time/time.c.obj
                0x0000000010008e6c                alarm_pool_cancel_alarm
 .text.sleep_until
                0x0000000010008f58       0xfc CMakeFiles/picoputer1.dir/tree/downloaded_tools/pico/pico-sdk/src/common/pico_time/time.c.obj
                0x0000000010008f58                sleep_until
 .text.sleep_us
                0x0000000010009054       0x58 CMakeFiles/picoputer1.dir/tree/downloaded_tools/pico/pico-sdk/src/common/pico_time/time.c.obj
                0x0000000010009054                sleep_us
 .text.sleep_ms
                0x00000000100090ac       0x14 CMakeFiles/picoputer1.dir/tree/downloaded_tools/pico/pico-sdk/src/common/pico_time/time.c.obj
                0x00000000100090ac                sleep_ms
 .text.best_effort_wfe_or_timeout
                0x00000000100090c0       0x80 CMakeFiles/picoputer1.dir/tree/downloaded_tools/pico/pico-sdk/src/common/pico_time/time.c.obj
                0x00000000100090c0                best_effort_wfe_or_timeout
 .text.hardware_alarm_irq_handler
                0x0000000010009140       0x8c CMakeFiles/picoputer1.dir/tree/downloaded_tools/pico/pico-sdk/src/rp2_common/hardware_timer/timer.c.obj
 .text.hardware_alarm_claim
                0x00000000100091cc       0x18 CMakeFiles/picoputer1.dir/tree/downloaded_tools/pico/pico-sdk/src/rp2_common/hardware_timer/timer.c.obj
                0x00000000100091cc                hardware_alarm_claim
 .text.time_us_64
                0x00000000100091e4       0x18 CMakeFiles/picoputer1.dir/tree/downloaded_tools/pico/pico-sdk/src/rp2_common/hardware_timer/timer.c.obj
                0x00000000100091e4                time_us_64
 .text.busy_wait_until
                0x00000000100091fc       0x24 CMakeFiles/picoputer1.dir/tree/downloaded_tools/pico/pico-sdk/src/rp2_common/hardware_timer/timer.c.obj
                0x00000000100091fc                busy_wait_until
 .text.hardware_alarm_set_callback
                0x0000000010009220       0x90 CMakeFiles/picoputer1.dir/tree/downloaded_tools/pico/pico-sdk/src/rp2_common/hardware_timer/timer.c.obj
                0x0000000010009220                hardware_alarm_set_callback
 .text.hardware_alarm_set_target
                0x00000000100092b0       0xe8 CMakeFiles/picoputer1.dir/tree/downloaded_tools/pico/pico-sdk/src/rp2_common/hardware_timer/timer.c.obj
                0x00000000100092b0                hardware_alarm_set_target
 .text.hardware_alarm_cancel
                0x0000000010009398       0x40 CMakeFiles/picoputer1.dir/tree/downloaded_tools/pico/pico-sdk/src/rp2_common/hardware_timer/timer.c.obj
                0x0000000010009398                hardware_alarm_cancel
 .text.lock_init
                0x00000000100093d8       0x10 CMakeFiles/picoputer1.dir/tree/downloaded_tools/pico/pico-sdk/src/common/pico_sync/lock_core.c.obj
                0x00000000100093d8                lock_init
 .text.mutex_init_internal
                0x00000000100093e8       0x1e CMakeFiles/picoputer1.dir/tree/downloaded_tools/pico/pico-sdk/src/common/pico_sync/mutex.c.obj
 .text.mutex_init
                0x0000000010009406        0xa CMakeFiles/picoputer1.dir/tree/downloaded_tools/pico/pico-sdk/src/common/pico_sync/mutex.c.obj
                0x0000000010009406                mutex_init
 .text.recursive_mutex_init
                0x0000000010009410        0xa CMakeFiles/picoputer1.dir/tree/downloaded_tools/pico/pico-sdk/src/common/pico_sync/mutex.c.obj
                0x0000000010009410                recursive_mutex_init
 *fill*         0x000000001000941a        0x2 
 .text.critical_section_init_with_lock_num
                0x000000001000941c       0x14 CMakeFiles/picoputer1.dir/tree/downloaded_tools/pico/pico-sdk/src/common/pico_sync/critical_section.c.obj
                0x000000001000941c                critical_section_init_with_lock_num
 .text.critical_section_init
                0x0000000010009430       0x14 CMakeFiles/picoputer1.dir/tree/downloaded_tools/pico/pico-sdk/src/common/pico_sync/critical_section.c.obj
                0x0000000010009430                critical_section_init
 .text.ph_add_child_node
                0x0000000010009444       0xa4 CMakeFiles/picoputer1.dir/tree/downloaded_tools/pico/pico-sdk/src/common/pico_util/pheap.c.obj
 .text.ph_merge_nodes
                0x00000000100094e8       0x3e CMakeFiles/picoputer1.dir/tree/downloaded_tools/pico/pico-sdk/src/common/pico_util/pheap.c.obj
 *fill*         0x0000000010009526        0x2 
 .text.ph_clear
                0x0000000010009528       0x70 CMakeFiles/picoputer1.dir/tree/downloaded_tools/pico/pico-sdk/src/common/pico_util/pheap.c.obj
                0x0000000010009528                ph_clear
 .text.ph_post_alloc_init
                0x0000000010009598        0xe CMakeFiles/picoputer1.dir/tree/downloaded_tools/pico/pico-sdk/src/common/pico_util/pheap.c.obj
                0x0000000010009598                ph_post_alloc_init
 *fill*         0x00000000100095a6        0x2 
 .text.ph_merge_two_pass
                0x00000000100095a8       0xa8 CMakeFiles/picoputer1.dir/tree/downloaded_tools/pico/pico-sdk/src/common/pico_util/pheap.c.obj
                0x00000000100095a8                ph_merge_two_pass
 .text.ph_remove_any_head
                0x0000000010009650      0x108 CMakeFiles/picoputer1.dir/tree/downloaded_tools/pico/pico-sdk/src/common/pico_util/pheap.c.obj
 .text.ph_remove_head
                0x0000000010009758       0x14 CMakeFiles/picoputer1.dir/tree/downloaded_tools/pico/pico-sdk/src/common/pico_util/pheap.c.obj
                0x0000000010009758                ph_remove_head
 .text.ph_remove_and_free_node
                0x000000001000976c       0xf8 CMakeFiles/picoputer1.dir/tree/downloaded_tools/pico/pico-sdk/src/common/pico_util/pheap.c.obj
                0x000000001000976c                ph_remove_and_free_node
 .text.runtime_init
                0x0000000010009864       0xd8 CMakeFiles/picoputer1.dir/tree/downloaded_tools/pico/pico-sdk/src/rp2_common/pico_runtime/runtime.c.obj
                0x0000000010009864                runtime_init
 .text._exit    0x000000001000993c        0x4 CMakeFiles/picoputer1.dir/tree/downloaded_tools/pico/pico-sdk/src/rp2_common/pico_runtime/runtime.c.obj
                0x000000001000993c                _exit
 .text.exit     0x0000000010009940        0x6 CMakeFiles/picoputer1.dir/tree/downloaded_tools/pico/pico-sdk/src/rp2_common/pico_runtime/runtime.c.obj
                0x0000000010009940                exit
 *fill*         0x0000000010009946        0x2 
 .text.__assert_func
                0x0000000010009948       0x3c CMakeFiles/picoputer1.dir/tree/downloaded_tools/pico/pico-sdk/src/rp2_common/pico_runtime/runtime.c.obj
                0x0000000010009948                __assert_func
 .text.panic    0x0000000010009984       0x30 CMakeFiles/picoputer1.dir/tree/downloaded_tools/pico/pico-sdk/src/rp2_common/pico_runtime/runtime.c.obj
                0x0000000010009984                panic
 .text.clock_configure
                0x00000000100099b4      0x104 CMakeFiles/picoputer1.dir/tree/downloaded_tools/pico/pico-sdk/src/rp2_common/hardware_clocks/clocks.c.obj
                0x00000000100099b4                clock_configure
 .text.clocks_init
                0x0000000010009ab8      0x100 CMakeFiles/picoputer1.dir/tree/downloaded_tools/pico/pico-sdk/src/rp2_common/hardware_clocks/clocks.c.obj
                0x0000000010009ab8                clocks_init
 .text.clock_get_hz
                0x0000000010009bb8        0xc CMakeFiles/picoputer1.dir/tree/downloaded_tools/pico/pico-sdk/src/rp2_common/hardware_clocks/clocks.c.obj
                0x0000000010009bb8                clock_get_hz
 .text.set_raw_irq_handler_and_unlock
                0x0000000010009bc4       0x28 CMakeFiles/picoputer1.dir/tree/downloaded_tools/pico/pico-sdk/src/rp2_common/hardware_irq/irq.c.obj
 .text.make_branch
                0x0000000010009bec       0x34 CMakeFiles/picoputer1.dir/tree/downloaded_tools/pico/pico-sdk/src/rp2_common/hardware_irq/irq.c.obj
 .text.insert_branch_and_link
                0x0000000010009c20       0x40 CMakeFiles/picoputer1.dir/tree/downloaded_tools/pico/pico-sdk/src/rp2_common/hardware_irq/irq.c.obj
 .text.irq_is_enabled
                0x0000000010009c60       0x18 CMakeFiles/picoputer1.dir/tree/downloaded_tools/pico/pico-sdk/src/rp2_common/hardware_irq/irq.c.obj
                0x0000000010009c60                irq_is_enabled
 .text.irq_set_mask_enabled
                0x0000000010009c78       0x20 CMakeFiles/picoputer1.dir/tree/downloaded_tools/pico/pico-sdk/src/rp2_common/hardware_irq/irq.c.obj
                0x0000000010009c78                irq_set_mask_enabled
 .text.irq_set_enabled
                0x0000000010009c98        0xe CMakeFiles/picoputer1.dir/tree/downloaded_tools/pico/pico-sdk/src/rp2_common/hardware_irq/irq.c.obj
                0x0000000010009c98                irq_set_enabled
 *fill*         0x0000000010009ca6        0x2 
 .text.irq_set_pending
                0x0000000010009ca8       0x10 CMakeFiles/picoputer1.dir/tree/downloaded_tools/pico/pico-sdk/src/rp2_common/hardware_irq/irq.c.obj
                0x0000000010009ca8                irq_set_pending
 .text.irq_get_vtable_handler
                0x0000000010009cb8       0x10 CMakeFiles/picoputer1.dir/tree/downloaded_tools/pico/pico-sdk/src/rp2_common/hardware_irq/irq.c.obj
                0x0000000010009cb8                irq_get_vtable_handler
 .text.irq_set_exclusive_handler
                0x0000000010009cc8       0x54 CMakeFiles/picoputer1.dir/tree/downloaded_tools/pico/pico-sdk/src/rp2_common/hardware_irq/irq.c.obj
                0x0000000010009cc8                irq_set_exclusive_handler
 .text.irq_remove_handler
                0x0000000010009d1c      0x1ac CMakeFiles/picoputer1.dir/tree/downloaded_tools/pico/pico-sdk/src/rp2_common/hardware_irq/irq.c.obj
                0x0000000010009d1c                irq_remove_handler
 .text.irq_set_priority
                0x0000000010009ec8       0x28 CMakeFiles/picoputer1.dir/tree/downloaded_tools/pico/pico-sdk/src/rp2_common/hardware_irq/irq.c.obj
                0x0000000010009ec8                irq_set_priority
 .text.irq_add_tail_to_free_list
                0x0000000010009ef0       0xf0 CMakeFiles/picoputer1.dir/tree/downloaded_tools/pico/pico-sdk/src/rp2_common/hardware_irq/irq.c.obj
                0x0000000010009ef0                irq_add_tail_to_free_list
 .text.irq_init_priorities
                0x0000000010009fe0       0x16 CMakeFiles/picoputer1.dir/tree/downloaded_tools/pico/pico-sdk/src/rp2_common/hardware_irq/irq.c.obj
                0x0000000010009fe0                irq_init_priorities
 *fill*         0x0000000010009ff6        0x2 
 .text.pll_init
                0x0000000010009ff8      0x118 CMakeFiles/picoputer1.dir/tree/downloaded_tools/pico/pico-sdk/src/rp2_common/hardware_pll/pll.c.obj
                0x0000000010009ff8                pll_init
 .text.watchdog_start_tick
                0x000000001000a110       0x10 CMakeFiles/picoputer1.dir/tree/downloaded_tools/pico/pico-sdk/src/rp2_common/hardware_watchdog/watchdog.c.obj
                0x000000001000a110                watchdog_start_tick
 .text.watchdog_update
                0x000000001000a120       0x14 CMakeFiles/picoputer1.dir/tree/downloaded_tools/pico/pico-sdk/src/rp2_common/hardware_watchdog/watchdog.c.obj
                0x000000001000a120                watchdog_update
 .text._watchdog_enable
                0x000000001000a134       0x70 CMakeFiles/picoputer1.dir/tree/downloaded_tools/pico/pico-sdk/src/rp2_common/hardware_watchdog/watchdog.c.obj
                0x000000001000a134                _watchdog_enable
 .text.watchdog_reboot
                0x000000001000a1a4       0x48 CMakeFiles/picoputer1.dir/tree/downloaded_tools/pico/pico-sdk/src/rp2_common/hardware_watchdog/watchdog.c.obj
                0x000000001000a1a4                watchdog_reboot
 .text.xosc_init
                0x000000001000a1ec       0x28 CMakeFiles/picoputer1.dir/tree/downloaded_tools/pico/pico-sdk/src/rp2_common/hardware_xosc/xosc.c.obj
                0x000000001000a1ec                xosc_init
 .text._out_buffer
                0x000000001000a214        0x8 CMakeFiles/picoputer1.dir/tree/downloaded_tools/pico/pico-sdk/src/rp2_common/pico_printf/printf.c.obj
 .text._out_null
                0x000000001000a21c        0x2 CMakeFiles/picoputer1.dir/tree/downloaded_tools/pico/pico-sdk/src/rp2_common/pico_printf/printf.c.obj
 .text._out_fct
                0x000000001000a21e        0xe CMakeFiles/picoputer1.dir/tree/downloaded_tools/pico/pico-sdk/src/rp2_common/pico_printf/printf.c.obj
 .text._atoi    0x000000001000a22c       0x24 CMakeFiles/picoputer1.dir/tree/downloaded_tools/pico/pico-sdk/src/rp2_common/pico_printf/printf.c.obj
 .text._out_rev
                0x000000001000a250       0xae CMakeFiles/picoputer1.dir/tree/downloaded_tools/pico/pico-sdk/src/rp2_common/pico_printf/printf.c.obj
 .text._ntoa_format
                0x000000001000a2fe      0x110 CMakeFiles/picoputer1.dir/tree/downloaded_tools/pico/pico-sdk/src/rp2_common/pico_printf/printf.c.obj
 .text._ntoa_long
                0x000000001000a40e       0xbc CMakeFiles/picoputer1.dir/tree/downloaded_tools/pico/pico-sdk/src/rp2_common/pico_printf/printf.c.obj
 .text._ntoa_long_long
                0x000000001000a4ca       0xe2 CMakeFiles/picoputer1.dir/tree/downloaded_tools/pico/pico-sdk/src/rp2_common/pico_printf/printf.c.obj
 .text._etoa    0x000000001000a5ac      0x40c CMakeFiles/picoputer1.dir/tree/downloaded_tools/pico/pico-sdk/src/rp2_common/pico_printf/printf.c.obj
 .text._ftoa    0x000000001000a9b8      0x354 CMakeFiles/picoputer1.dir/tree/downloaded_tools/pico/pico-sdk/src/rp2_common/pico_printf/printf.c.obj
 .text._vsnprintf
                0x000000001000ad0c      0x628 CMakeFiles/picoputer1.dir/tree/downloaded_tools/pico/pico-sdk/src/rp2_common/pico_printf/printf.c.obj
 .text.__wrap_sprintf
                0x000000001000b334       0x28 CMakeFiles/picoputer1.dir/tree/downloaded_tools/pico/pico-sdk/src/rp2_common/pico_printf/printf.c.obj
                0x000000001000b334                __wrap_sprintf
 .text.vfctprintf
                0x000000001000b35c       0x20 CMakeFiles/picoputer1.dir/tree/downloaded_tools/pico/pico-sdk/src/rp2_common/pico_printf/printf.c.obj
                0x000000001000b35c                vfctprintf
 .text          0x000000001000b37c       0x10 CMakeFiles/picoputer1.dir/tree/downloaded_tools/pico/pico-sdk/src/rp2_common/pico_bit_ops/bit_ops_aeabi.S.obj
 .text.clzsi    0x000000001000b38c        0xc CMakeFiles/picoputer1.dir/tree/downloaded_tools/pico/pico-sdk/src/rp2_common/pico_bit_ops/bit_ops_aeabi.S.obj
                0x000000001000b38c                __wrap___clz
                0x000000001000b38c                __wrap___clzsi2
                0x000000001000b38c                __wrap___clzl
 .text.ctzsi    0x000000001000b398        0xc CMakeFiles/picoputer1.dir/tree/downloaded_tools/pico/pico-sdk/src/rp2_common/pico_bit_ops/bit_ops_aeabi.S.obj
                0x000000001000b398                __wrap___ctzsi2
 .text.popcountsi
                0x000000001000b3a4        0xc CMakeFiles/picoputer1.dir/tree/downloaded_tools/pico/pico-sdk/src/rp2_common/pico_bit_ops/bit_ops_aeabi.S.obj
                0x000000001000b3a4                __wrap___popcountsi2
 .text.rom_func_lookup
                0x000000001000b3b0       0x10 CMakeFiles/picoputer1.dir/tree/downloaded_tools/pico/pico-sdk/src/rp2_common/pico_bootrom/bootrom.c.obj
                0x000000001000b3b0                rom_func_lookup
 .text.rom_data_lookup
                0x000000001000b3c0       0x10 CMakeFiles/picoputer1.dir/tree/downloaded_tools/pico/pico-sdk/src/rp2_common/pico_bootrom/bootrom.c.obj
                0x000000001000b3c0                rom_data_lookup
 .text.rom_funcs_lookup
                0x000000001000b3d0       0x36 CMakeFiles/picoputer1.dir/tree/downloaded_tools/pico/pico-sdk/src/rp2_common/pico_bootrom/bootrom.c.obj
                0x000000001000b3d0                rom_funcs_lookup
 *fill*         0x000000001000b406        0x2 
 .text.__wrap___aeabi_idiv
                0x000000001000b408       0x50 CMakeFiles/picoputer1.dir/tree/downloaded_tools/pico/pico-sdk/src/rp2_common/pico_divider/divider.S.obj
                0x000000001000b408                __wrap___aeabi_idivmod
                0x000000001000b408                divmod_s32s32
                0x000000001000b408                div_s32s32
                0x000000001000b408                __wrap___aeabi_idiv
                0x000000001000b410                divmod_s32s32_unsafe
                0x000000001000b43c                divmod_s32s32_savestate
 .text.__wrap___aeabi_uidiv
                0x000000001000b458       0x4c CMakeFiles/picoputer1.dir/tree/downloaded_tools/pico/pico-sdk/src/rp2_common/pico_divider/divider.S.obj
                0x000000001000b458                __wrap___aeabi_uidiv
                0x000000001000b458                __wrap___aeabi_uidivmod
                0x000000001000b458                div_u32u32
                0x000000001000b458                divmod_u32u32
                0x000000001000b460                divmod_u32u32_unsafe
                0x000000001000b488                divmod_u32u32_savestate
 .text.__wrap___aeabi_ldiv
                0x000000001000b4a4      0x430 CMakeFiles/picoputer1.dir/tree/downloaded_tools/pico/pico-sdk/src/rp2_common/pico_divider/divider.S.obj
                0x000000001000b4a4                div_s64s64
                0x000000001000b4a4                divmod_s64s64
                0x000000001000b4a4                __wrap___aeabi_ldivmod
                0x000000001000b4dc                div_u64u64
                0x000000001000b4dc                divmod_u64u64
                0x000000001000b4dc                __wrap___aeabi_uldivmod
                0x000000001000b4ec                divmod_u64u64_savestate
                0x000000001000b514                divmod_s64s64_unsafe
                0x000000001000b59c                divmod_u64u64_unsafe
 .text.__wrap___aeabi_darithmetic
                0x000000001000b8d4       0x80 CMakeFiles/picoputer1.dir/tree/downloaded_tools/pico/pico-sdk/src/rp2_common/pico_double/double_aeabi.S.obj
                0x000000001000b8d4                __wrap___aeabi_drsub
                0x000000001000b8da                __wrap___aeabi_dsub
                0x000000001000b8ec                __wrap___aeabi_dadd
                0x000000001000b8fe                __wrap___aeabi_ddiv
                0x000000001000b93a                __wrap___aeabi_dmul
 .text.__wrap___aeabi_cdcmple
                0x000000001000b954       0x6c CMakeFiles/picoputer1.dir/tree/downloaded_tools/pico/pico-sdk/src/rp2_common/pico_double/double_aeabi.S.obj
                0x000000001000b954                __wrap___aeabi_cdrcmple
                0x000000001000b964                __wrap___aeabi_cdcmple
                0x000000001000b964                __wrap___aeabi_cdcmpeq
 .text.__wrap___aeabi_dcmpeq
                0x000000001000b9c0       0x10 CMakeFiles/picoputer1.dir/tree/downloaded_tools/pico/pico-sdk/src/rp2_common/pico_double/double_aeabi.S.obj
                0x000000001000b9c0                __wrap___aeabi_dcmpeq
 .text.__wrap___aeabi_dcmplt
                0x000000001000b9d0        0xc CMakeFiles/picoputer1.dir/tree/downloaded_tools/pico/pico-sdk/src/rp2_common/pico_double/double_aeabi.S.obj
                0x000000001000b9d0                __wrap___aeabi_dcmplt
 .text.__wrap___aeabi_dcmple
                0x000000001000b9dc       0x10 CMakeFiles/picoputer1.dir/tree/downloaded_tools/pico/pico-sdk/src/rp2_common/pico_double/double_aeabi.S.obj
                0x000000001000b9dc                __wrap___aeabi_dcmple
 .text.__wrap___aeabi_dcmpge
                0x000000001000b9ec       0x10 CMakeFiles/picoputer1.dir/tree/downloaded_tools/pico/pico-sdk/src/rp2_common/pico_double/double_aeabi.S.obj
                0x000000001000b9ec                __wrap___aeabi_dcmpge
 .text.__wrap___aeabi_dcmpgt
                0x000000001000b9fc        0xa CMakeFiles/picoputer1.dir/tree/downloaded_tools/pico/pico-sdk/src/rp2_common/pico_double/double_aeabi.S.obj
                0x000000001000b9fc                __wrap___aeabi_dcmpgt
 .text.__wrap___aeabi_dcmpun
                0x000000001000ba06       0x1c CMakeFiles/picoputer1.dir/tree/downloaded_tools/pico/pico-sdk/src/rp2_common/pico_double/double_aeabi.S.obj
                0x000000001000ba06                __wrap___aeabi_dcmpun
 *fill*         0x000000001000ba22        0x2 
 .text.__wrap___aeabi_i2d
                0x000000001000ba24       0x38 CMakeFiles/picoputer1.dir/tree/downloaded_tools/pico/pico-sdk/src/rp2_common/pico_double/double_aeabi.S.obj
                0x000000001000ba24                __wrap___aeabi_ui2d
                0x000000001000ba2c                __wrap___aeabi_i2d
 .text.__wrap___aeabi_d2iz
                0x000000001000ba5c       0x48 CMakeFiles/picoputer1.dir/tree/downloaded_tools/pico/pico-sdk/src/rp2_common/pico_double/double_aeabi.S.obj
                0x000000001000ba5c                __wrap___aeabi_d2iz
                0x000000001000ba5c                double2int_z
 .text.__wrap___aeabi_d2uiz
                0x000000001000baa4       0x18 CMakeFiles/picoputer1.dir/tree/downloaded_tools/pico/pico-sdk/src/rp2_common/pico_double/double_aeabi.S.obj
                0x000000001000baa4                double2uint
                0x000000001000baa4                __wrap___aeabi_d2uiz
 .text.fix642double
                0x000000001000babc       0x18 CMakeFiles/picoputer1.dir/tree/downloaded_tools/pico/pico-sdk/src/rp2_common/pico_double/double_aeabi.S.obj
                0x000000001000babc                fix642double
 .text.__wrap___aeabi_d2f
                0x000000001000bad4       0x18 CMakeFiles/picoputer1.dir/tree/downloaded_tools/pico/pico-sdk/src/rp2_common/pico_double/double_aeabi.S.obj
                0x000000001000bad4                __wrap___aeabi_d2f
 .text.__wrap_srqt
                0x000000001000baec       0x18 CMakeFiles/picoputer1.dir/tree/downloaded_tools/pico/pico-sdk/src/rp2_common/pico_double/double_aeabi.S.obj
                0x000000001000baec                __wrap_sqrt
 .text.__aeabi_double_init
                0x000000001000bb04       0xb4 CMakeFiles/picoputer1.dir/tree/downloaded_tools/pico/pico-sdk/src/rp2_common/pico_double/double_init_rom.c.obj
                0x000000001000bb04                __aeabi_double_init
 .text.drem_0   0x000000001000bbb8      0x130 CMakeFiles/picoputer1.dir/tree/downloaded_tools/pico/pico-sdk/src/rp2_common/pico_double/double_math.c.obj
 .text.__wrap_copysign
                0x000000001000bce8       0x10 CMakeFiles/picoputer1.dir/tree/downloaded_tools/pico/pico-sdk/src/rp2_common/pico_double/double_math.c.obj
                0x000000001000bce8                __wrap_copysign
 .text.__wrap_remquo
                0x000000001000bcf8      0x16c CMakeFiles/picoputer1.dir/tree/downloaded_tools/pico/pico-sdk/src/rp2_common/pico_double/double_math.c.obj
                0x000000001000bcf8                __wrap_remquo
 .text.__wrap_remainder
                0x000000001000be64       0x10 CMakeFiles/picoputer1.dir/tree/downloaded_tools/pico/pico-sdk/src/rp2_common/pico_double/double_math.c.obj
                0x000000001000be64                __wrap_remainder
 .text.double_table_shim_on_use_helper
                0x000000001000be74       0x34 CMakeFiles/picoputer1.dir/tree/downloaded_tools/pico/pico-sdk/src/rp2_common/pico_double/double_v1_rom_shim.S.obj
                0x000000001000be74                double_table_shim_on_use_helper
 .text.__wrap___aeabi_dsub
                0x000000001000bea8       0x10 CMakeFiles/picoputer1.dir/tree/downloaded_tools/pico/pico-sdk/src/rp2_common/pico_double/double_v1_rom_shim.S.obj
                0x000000001000bea8                drsub_shim
                0x000000001000beae                dsub_shim
 .text.dadd_shim
                0x000000001000beb8      0x15c CMakeFiles/picoputer1.dir/tree/downloaded_tools/pico/pico-sdk/src/rp2_common/pico_double/double_v1_rom_shim.S.obj
                0x000000001000beb8                dadd_shim
 .text.dmul_shim
                0x000000001000c014      0x15c CMakeFiles/picoputer1.dir/tree/downloaded_tools/pico/pico-sdk/src/rp2_common/pico_double/double_v1_rom_shim.S.obj
                0x000000001000c014                dmul_shim
 .text.ddiv_shim
                0x000000001000c170      0x1b0 CMakeFiles/picoputer1.dir/tree/downloaded_tools/pico/pico-sdk/src/rp2_common/pico_double/double_v1_rom_shim.S.obj
                0x000000001000c170                ddiv_shim
 .text.dsqrt_shim
                0x000000001000c320      0x1a8 CMakeFiles/picoputer1.dir/tree/downloaded_tools/pico/pico-sdk/src/rp2_common/pico_double/double_v1_rom_shim.S.obj
                0x000000001000c33c                dsqrt_shim
 .text.dcordic_rot_step
                0x000000001000c4c8       0x7c CMakeFiles/picoputer1.dir/tree/downloaded_tools/pico/pico-sdk/src/rp2_common/pico_double/double_v1_rom_shim.S.obj
                0x000000001000c4c8                dcordic_rot_step
 .text.double2uint_shim
                0x000000001000c544        0xe CMakeFiles/picoputer1.dir/tree/downloaded_tools/pico/pico-sdk/src/rp2_common/pico_double/double_v1_rom_shim.S.obj
                0x000000001000c544                double2uint_shim
                0x000000001000c546                double2ufix_shim
 *fill*         0x000000001000c552        0x2 
 .text.double2uint64_shim
                0x000000001000c554       0x6c CMakeFiles/picoputer1.dir/tree/downloaded_tools/pico/pico-sdk/src/rp2_common/pico_double/double_v1_rom_shim.S.obj
                0x000000001000c554                double2uint64_shim
                0x000000001000c556                double2ufix64_shim
                0x000000001000c570                d2fix_a
 .text.double2float_shim
                0x000000001000c5c0       0x5c CMakeFiles/picoputer1.dir/tree/downloaded_tools/pico/pico-sdk/src/rp2_common/pico_double/double_v1_rom_shim.S.obj
                0x000000001000c5c0                double2float_shim
 .text.x2double_shims
                0x000000001000c61c       0x90 CMakeFiles/picoputer1.dir/tree/downloaded_tools/pico/pico-sdk/src/rp2_common/pico_double/double_v1_rom_shim.S.obj
                0x000000001000c61c                uint2double_shim
                0x000000001000c61e                ufix2double_shim
                0x000000001000c624                int2double_shim
                0x000000001000c626                fix2double_shim
                0x000000001000c62c                uint642double_shim
                0x000000001000c62e                ufix642double_shim
                0x000000001000c634                int642double_shim
                0x000000001000c636                fix642double_shim
 .text.dunpacks
                0x000000001000c6ac       0x3c CMakeFiles/picoputer1.dir/tree/downloaded_tools/pico/pico-sdk/src/rp2_common/pico_double/double_v1_rom_shim.S.obj
                0x000000001000c6ac                dunpacks
 .text.__aeabi_lmul
                0x000000001000c6e8       0x32 CMakeFiles/picoputer1.dir/tree/downloaded_tools/pico/pico-sdk/src/rp2_common/pico_int64_ops/pico_int64_ops_aeabi.S.obj
                0x000000001000c6e8                __wrap___aeabi_lmul
 *fill*         0x000000001000c71a        0x2 
 .text.__wrap___aeabi_farithmetic
                0x000000001000c71c       0x58 CMakeFiles/picoputer1.dir/tree/downloaded_tools/pico/pico-sdk/src/rp2_common/pico_float/float_aeabi.S.obj
                0x000000001000c71c                __wrap___aeabi_frsub
                0x000000001000c722                __wrap___aeabi_fsub
                0x000000001000c72c                __wrap___aeabi_fadd
                0x000000001000c736                __wrap___aeabi_fdiv
                0x000000001000c762                __wrap___aeabi_fmul
 .text.__wrap___aeabi_cfcmple
                0x000000001000c774       0x50 CMakeFiles/picoputer1.dir/tree/downloaded_tools/pico/pico-sdk/src/rp2_common/pico_float/float_aeabi.S.obj
                0x000000001000c774                __wrap___aeabi_cfrcmple
                0x000000001000c780                __wrap___aeabi_cfcmpeq
                0x000000001000c780                __wrap___aeabi_cfcmple
 .text.__wrap___aeabi_fcmpeq
                0x000000001000c7c4       0x10 CMakeFiles/picoputer1.dir/tree/downloaded_tools/pico/pico-sdk/src/rp2_common/pico_float/float_aeabi.S.obj
                0x000000001000c7c4                __wrap___aeabi_fcmpeq
 .text.__wrap___aeabi_fcmpgt
                0x000000001000c7d4        0xa CMakeFiles/picoputer1.dir/tree/downloaded_tools/pico/pico-sdk/src/rp2_common/pico_float/float_aeabi.S.obj
                0x000000001000c7d4                __wrap___aeabi_fcmpgt
 .text.__wrap___aeabi_fcmpun
                0x000000001000c7de       0x18 CMakeFiles/picoputer1.dir/tree/downloaded_tools/pico/pico-sdk/src/rp2_common/pico_float/float_aeabi.S.obj
                0x000000001000c7de                __wrap___aeabi_fcmpun
 .text.__wrap___aeabi_ui2f
                0x000000001000c7f6        0xa CMakeFiles/picoputer1.dir/tree/downloaded_tools/pico/pico-sdk/src/rp2_common/pico_float/float_aeabi.S.obj
                0x000000001000c7f6                __wrap___aeabi_ui2f
 .text.__wrap___aeabi_i2f
                0x000000001000c800       0x44 CMakeFiles/picoputer1.dir/tree/downloaded_tools/pico/pico-sdk/src/rp2_common/pico_float/float_aeabi.S.obj
                0x000000001000c800                __wrap___aeabi_i2f
 .text.__wrap___aeabi_f2uiz
                0x000000001000c844       0x10 CMakeFiles/picoputer1.dir/tree/downloaded_tools/pico/pico-sdk/src/rp2_common/pico_float/float_aeabi.S.obj
                0x000000001000c844                __wrap___aeabi_f2uiz
 .text.fix2float
                0x000000001000c854       0x10 CMakeFiles/picoputer1.dir/tree/downloaded_tools/pico/pico-sdk/src/rp2_common/pico_float/float_aeabi.S.obj
                0x000000001000c854                fix2float
 .text.__wrap___aeabi_f2d
                0x000000001000c864       0x14 CMakeFiles/picoputer1.dir/tree/downloaded_tools/pico/pico-sdk/src/rp2_common/pico_float/float_aeabi.S.obj
                0x000000001000c864                __wrap___aeabi_f2d
 .text.__wrap_srqtf
                0x000000001000c878       0x24 CMakeFiles/picoputer1.dir/tree/downloaded_tools/pico/pico-sdk/src/rp2_common/pico_float/float_aeabi.S.obj
                0x000000001000c878                __wrap_sqrtf
 .text.__aeabi_float_init
                0x000000001000c89c       0xfc CMakeFiles/picoputer1.dir/tree/downloaded_tools/pico/pico-sdk/src/rp2_common/pico_float/float_init_rom.c.obj
                0x000000001000c89c                __aeabi_float_init
 .text.frem_0   0x000000001000c998       0x80 CMakeFiles/picoputer1.dir/tree/downloaded_tools/pico/pico-sdk/src/rp2_common/pico_float/float_math.c.obj
 .text.__wrap_remquof
                0x000000001000ca18       0xda CMakeFiles/picoputer1.dir/tree/downloaded_tools/pico/pico-sdk/src/rp2_common/pico_float/float_math.c.obj
                0x000000001000ca18                __wrap_remquof
 .text.__wrap_remainderf
                0x000000001000caf2        0xa CMakeFiles/picoputer1.dir/tree/downloaded_tools/pico/pico-sdk/src/rp2_common/pico_float/float_math.c.obj
                0x000000001000caf2                __wrap_remainderf
 .text.float_table_shim_on_use_helper
                0x000000001000cafc       0x34 CMakeFiles/picoputer1.dir/tree/downloaded_tools/pico/pico-sdk/src/rp2_common/pico_float/float_v1_rom_shim.S.obj
                0x000000001000cafc                float_table_shim_on_use_helper
 .text.float2double_shim
                0x000000001000cb30       0x30 CMakeFiles/picoputer1.dir/tree/downloaded_tools/pico/pico-sdk/src/rp2_common/pico_float/float_v1_rom_shim.S.obj
                0x000000001000cb30                float2double_shim
 .text          0x000000001000cb60       0x10 CMakeFiles/picoputer1.dir/tree/downloaded_tools/pico/pico-sdk/src/rp2_common/pico_mem_ops/mem_ops_aeabi.S.obj
                0x000000001000cb60                __aeabi_mem_init
 .text.memset   0x000000001000cb70        0xc CMakeFiles/picoputer1.dir/tree/downloaded_tools/pico/pico-sdk/src/rp2_common/pico_mem_ops/mem_ops_aeabi.S.obj
                0x000000001000cb70                __wrap_memset
 .text.memcpy   0x000000001000cb7c        0xc CMakeFiles/picoputer1.dir/tree/downloaded_tools/pico/pico-sdk/src/rp2_common/pico_mem_ops/mem_ops_aeabi.S.obj
                0x000000001000cb7c                __wrap___aeabi_memcpy
                0x000000001000cb7c                __wrap_memcpy
 .text.stdio_out_chars_crlf
                0x000000001000cb88       0x80 CMakeFiles/picoputer1.dir/tree/downloaded_tools/pico/pico-sdk/src/rp2_common/pico_stdio/stdio.c.obj
 .text.stdio_stack_buffer_flush
                0x000000001000cc08       0x44 CMakeFiles/picoputer1.dir/tree/downloaded_tools/pico/pico-sdk/src/rp2_common/pico_stdio/stdio.c.obj
 .text.stdio_buffered_printer
                0x000000001000cc4c       0x20 CMakeFiles/picoputer1.dir/tree/downloaded_tools/pico/pico-sdk/src/rp2_common/pico_stdio/stdio.c.obj
 .text.stdout_serialize_begin
                0x000000001000cc6c       0x30 CMakeFiles/picoputer1.dir/tree/downloaded_tools/pico/pico-sdk/src/rp2_common/pico_stdio/stdio.c.obj
                0x000000001000cc6c                stdout_serialize_begin
 .text.stdout_serialize_end
                0x000000001000cc9c       0x10 CMakeFiles/picoputer1.dir/tree/downloaded_tools/pico/pico-sdk/src/rp2_common/pico_stdio/stdio.c.obj
                0x000000001000cc9c                stdout_serialize_end
 .text.stdio_put_string
                0x000000001000ccac       0x84 CMakeFiles/picoputer1.dir/tree/downloaded_tools/pico/pico-sdk/src/rp2_common/pico_stdio/stdio.c.obj
 .text.stdio_set_driver_enabled
                0x000000001000cd30       0x38 CMakeFiles/picoputer1.dir/tree/downloaded_tools/pico/pico-sdk/src/rp2_common/pico_stdio/stdio.c.obj
                0x000000001000cd30                stdio_set_driver_enabled
 .text.stdio_flush
                0x000000001000cd68       0x20 CMakeFiles/picoputer1.dir/tree/downloaded_tools/pico/pico-sdk/src/rp2_common/pico_stdio/stdio.c.obj
                0x000000001000cd68                stdio_flush
 .text.__wrap_puts
                0x000000001000cd88       0x1c CMakeFiles/picoputer1.dir/tree/downloaded_tools/pico/pico-sdk/src/rp2_common/pico_stdio/stdio.c.obj
                0x000000001000cd88                __wrap_puts
 .text.__wrap_vprintf
                0x000000001000cda4       0x44 CMakeFiles/picoputer1.dir/tree/downloaded_tools/pico/pico-sdk/src/rp2_common/pico_stdio/stdio.c.obj
                0x000000001000cda4                __wrap_vprintf
 .text.__wrap_printf
                0x000000001000cde8       0x18 CMakeFiles/picoputer1.dir/tree/downloaded_tools/pico/pico-sdk/src/rp2_common/pico_stdio/stdio.c.obj
                0x000000001000cde8                __wrap_printf
 .text.stdio_init_all
                0x000000001000ce00        0xc CMakeFiles/picoputer1.dir/tree/downloaded_tools/pico/pico-sdk/src/rp2_common/pico_stdio/stdio.c.obj
                0x000000001000ce00                stdio_init_all
 .text.stdio_uart_out_chars
                0x000000001000ce0c       0x74 CMakeFiles/picoputer1.dir/tree/downloaded_tools/pico/pico-sdk/src/rp2_common/pico_stdio_uart/stdio_uart.c.obj
 .text.stdio_uart_in_chars
                0x000000001000ce80       0x54 CMakeFiles/picoputer1.dir/tree/downloaded_tools/pico/pico-sdk/src/rp2_common/pico_stdio_uart/stdio_uart.c.obj
                0x000000001000ce80                stdio_uart_in_chars
 .text.stdio_uart_init_full
                0x000000001000ced4       0x3c CMakeFiles/picoputer1.dir/tree/downloaded_tools/pico/pico-sdk/src/rp2_common/pico_stdio_uart/stdio_uart.c.obj
                0x000000001000ced4                stdio_uart_init_full
 .text.stdio_uart_init
                0x000000001000cf10       0x28 CMakeFiles/picoputer1.dir/tree/downloaded_tools/pico/pico-sdk/src/rp2_common/pico_stdio_uart/stdio_uart.c.obj
                0x000000001000cf10                stdio_uart_init
 .text.resetd_init
                0x000000001000cf38        0x2 CMakeFiles/picoputer1.dir/tree/downloaded_tools/pico/pico-sdk/src/rp2_common/pico_stdio_usb/reset_interface.c.obj
 *fill*         0x000000001000cf3a        0x2 
 .text.resetd_reset
                0x000000001000cf3c        0xc CMakeFiles/picoputer1.dir/tree/downloaded_tools/pico/pico-sdk/src/rp2_common/pico_stdio_usb/reset_interface.c.obj
 .text.resetd_open
                0x000000001000cf48       0x34 CMakeFiles/picoputer1.dir/tree/downloaded_tools/pico/pico-sdk/src/rp2_common/pico_stdio_usb/reset_interface.c.obj
 .text.resetd_xfer_cb
                0x000000001000cf7c        0x4 CMakeFiles/picoputer1.dir/tree/downloaded_tools/pico/pico-sdk/src/rp2_common/pico_stdio_usb/reset_interface.c.obj
 .text.resetd_control_xfer_cb
                0x000000001000cf80       0x6c CMakeFiles/picoputer1.dir/tree/downloaded_tools/pico/pico-sdk/src/rp2_common/pico_stdio_usb/reset_interface.c.obj
 .text.usbd_app_driver_get_cb
                0x000000001000cfec        0xc CMakeFiles/picoputer1.dir/tree/downloaded_tools/pico/pico-sdk/src/rp2_common/pico_stdio_usb/reset_interface.c.obj
                0x000000001000cfec                usbd_app_driver_get_cb
 .text.tud_cdc_line_coding_cb
                0x000000001000cff8       0x34 CMakeFiles/picoputer1.dir/tree/downloaded_tools/pico/pico-sdk/src/rp2_common/pico_stdio_usb/reset_interface.c.obj
                0x000000001000cff8                tud_cdc_line_coding_cb
 .text.stdio_usb_in_chars
                0x000000001000d02c       0x70 CMakeFiles/picoputer1.dir/tree/downloaded_tools/pico/pico-sdk/src/rp2_common/pico_stdio_usb/stdio_usb.c.obj
                0x000000001000d02c                stdio_usb_in_chars
 .text.low_priority_worker_irq
                0x000000001000d09c       0x20 CMakeFiles/picoputer1.dir/tree/downloaded_tools/pico/pico-sdk/src/rp2_common/pico_stdio_usb/stdio_usb.c.obj
 .text.stdio_usb_out_chars
                0x000000001000d0bc       0xd4 CMakeFiles/picoputer1.dir/tree/downloaded_tools/pico/pico-sdk/src/rp2_common/pico_stdio_usb/stdio_usb.c.obj
 .text.timer_task
                0x000000001000d190       0x10 CMakeFiles/picoputer1.dir/tree/downloaded_tools/pico/pico-sdk/src/rp2_common/pico_stdio_usb/stdio_usb.c.obj
 .text.stdio_usb_init
                0x000000001000d1a0       0xb8 CMakeFiles/picoputer1.dir/tree/downloaded_tools/pico/pico-sdk/src/rp2_common/pico_stdio_usb/stdio_usb.c.obj
                0x000000001000d1a0                stdio_usb_init
 .text.tud_descriptor_device_cb
                0x000000001000d258        0x8 CMakeFiles/picoputer1.dir/tree/downloaded_tools/pico/pico-sdk/src/rp2_common/pico_stdio_usb/stdio_usb_descriptors.c.obj
                0x000000001000d258                tud_descriptor_device_cb
 .text.tud_descriptor_configuration_cb
                0x000000001000d260        0x8 CMakeFiles/picoputer1.dir/tree/downloaded_tools/pico/pico-sdk/src/rp2_common/pico_stdio_usb/stdio_usb_descriptors.c.obj
                0x000000001000d260                tud_descriptor_configuration_cb
 .text.tud_descriptor_string_cb
                0x000000001000d268       0x68 CMakeFiles/picoputer1.dir/tree/downloaded_tools/pico/pico-sdk/src/rp2_common/pico_stdio_usb/stdio_usb_descriptors.c.obj
                0x000000001000d268                tud_descriptor_string_cb
 .text.hw_endpoint_get_by_addr
                0x000000001000d2d0       0x18 CMakeFiles/picoputer1.dir/tree/downloaded_tools/pico/pico-sdk/lib/tinyusb/src/portable/raspberrypi/rp2040/dcd_rp2040.c.obj
 .text.reset_ep0
                0x000000001000d2e8       0x2c CMakeFiles/picoputer1.dir/tree/downloaded_tools/pico/pico-sdk/lib/tinyusb/src/portable/raspberrypi/rp2040/dcd_rp2040.c.obj
 .text._hw_endpoint_alloc
                0x000000001000d314       0x80 CMakeFiles/picoputer1.dir/tree/downloaded_tools/pico/pico-sdk/lib/tinyusb/src/portable/raspberrypi/rp2040/dcd_rp2040.c.obj
 .text._hw_endpoint_init
                0x000000001000d394       0xbc CMakeFiles/picoputer1.dir/tree/downloaded_tools/pico/pico-sdk/lib/tinyusb/src/portable/raspberrypi/rp2040/dcd_rp2040.c.obj
 .text.hw_endpoint_init
                0x000000001000d450       0x18 CMakeFiles/picoputer1.dir/tree/downloaded_tools/pico/pico-sdk/lib/tinyusb/src/portable/raspberrypi/rp2040/dcd_rp2040.c.obj
 .text.hw_handle_buff_status
                0x000000001000d468       0xb4 CMakeFiles/picoputer1.dir/tree/downloaded_tools/pico/pico-sdk/lib/tinyusb/src/portable/raspberrypi/rp2040/dcd_rp2040.c.obj
 .text.dcd_rp2040_irq
                0x000000001000d51c       0xa8 CMakeFiles/picoputer1.dir/tree/downloaded_tools/pico/pico-sdk/lib/tinyusb/src/portable/raspberrypi/rp2040/dcd_rp2040.c.obj
 .text.hw_endpoint_xfer
                0x000000001000d5c4       0x18 CMakeFiles/picoputer1.dir/tree/downloaded_tools/pico/pico-sdk/lib/tinyusb/src/portable/raspberrypi/rp2040/dcd_rp2040.c.obj
 .text.ep0_0len_status
                0x000000001000d5dc       0x14 CMakeFiles/picoputer1.dir/tree/downloaded_tools/pico/pico-sdk/lib/tinyusb/src/portable/raspberrypi/rp2040/dcd_rp2040.c.obj
 .text._hw_endpoint_stall
                0x000000001000d5f0       0x54 CMakeFiles/picoputer1.dir/tree/downloaded_tools/pico/pico-sdk/lib/tinyusb/src/portable/raspberrypi/rp2040/dcd_rp2040.c.obj
 .text.hw_endpoint_stall
                0x000000001000d644        0xc CMakeFiles/picoputer1.dir/tree/downloaded_tools/pico/pico-sdk/lib/tinyusb/src/portable/raspberrypi/rp2040/dcd_rp2040.c.obj
 .text._hw_endpoint_clear_stall
                0x000000001000d650       0x34 CMakeFiles/picoputer1.dir/tree/downloaded_tools/pico/pico-sdk/lib/tinyusb/src/portable/raspberrypi/rp2040/dcd_rp2040.c.obj
 .text.hw_endpoint_clear_stall
                0x000000001000d684        0xc CMakeFiles/picoputer1.dir/tree/downloaded_tools/pico/pico-sdk/lib/tinyusb/src/portable/raspberrypi/rp2040/dcd_rp2040.c.obj
 .text.dcd_int_enable
                0x000000001000d690       0x2c CMakeFiles/picoputer1.dir/tree/downloaded_tools/pico/pico-sdk/lib/tinyusb/src/portable/raspberrypi/rp2040/dcd_rp2040.c.obj
                0x000000001000d690                dcd_int_enable
 .text.dcd_set_address
                0x000000001000d6bc       0x28 CMakeFiles/picoputer1.dir/tree/downloaded_tools/pico/pico-sdk/lib/tinyusb/src/portable/raspberrypi/rp2040/dcd_rp2040.c.obj
                0x000000001000d6bc                dcd_set_address
 .text.dcd_connect
                0x000000001000d6e4       0x30 CMakeFiles/picoputer1.dir/tree/downloaded_tools/pico/pico-sdk/lib/tinyusb/src/portable/raspberrypi/rp2040/dcd_rp2040.c.obj
                0x000000001000d6e4                dcd_connect
 .text.dcd_init
                0x000000001000d714       0x84 CMakeFiles/picoputer1.dir/tree/downloaded_tools/pico/pico-sdk/lib/tinyusb/src/portable/raspberrypi/rp2040/dcd_rp2040.c.obj
                0x000000001000d714                dcd_init
 .text.dcd_edpt0_status_complete
                0x000000001000d798       0x40 CMakeFiles/picoputer1.dir/tree/downloaded_tools/pico/pico-sdk/lib/tinyusb/src/portable/raspberrypi/rp2040/dcd_rp2040.c.obj
                0x000000001000d798                dcd_edpt0_status_complete
 .text.dcd_edpt_open
                0x000000001000d7d8       0x40 CMakeFiles/picoputer1.dir/tree/downloaded_tools/pico/pico-sdk/lib/tinyusb/src/portable/raspberrypi/rp2040/dcd_rp2040.c.obj
                0x000000001000d7d8                dcd_edpt_open
 .text.dcd_edpt_xfer
                0x000000001000d818       0x34 CMakeFiles/picoputer1.dir/tree/downloaded_tools/pico/pico-sdk/lib/tinyusb/src/portable/raspberrypi/rp2040/dcd_rp2040.c.obj
                0x000000001000d818                dcd_edpt_xfer
 .text.dcd_edpt_stall
                0x000000001000d84c       0x28 CMakeFiles/picoputer1.dir/tree/downloaded_tools/pico/pico-sdk/lib/tinyusb/src/portable/raspberrypi/rp2040/dcd_rp2040.c.obj
                0x000000001000d84c                dcd_edpt_stall
 .text.dcd_edpt_clear_stall
                0x000000001000d874       0x2c CMakeFiles/picoputer1.dir/tree/downloaded_tools/pico/pico-sdk/lib/tinyusb/src/portable/raspberrypi/rp2040/dcd_rp2040.c.obj
                0x000000001000d874                dcd_edpt_clear_stall
 .text.rp2040_usb_init
                0x000000001000d8a0       0x50 CMakeFiles/picoputer1.dir/tree/downloaded_tools/pico/pico-sdk/lib/tinyusb/src/portable/raspberrypi/rp2040/rp2040_usb.c.obj
                0x000000001000d8a0                rp2040_usb_init
 .text.hw_endpoint_reset_transfer
                0x000000001000d8f0       0x10 CMakeFiles/picoputer1.dir/tree/downloaded_tools/pico/pico-sdk/lib/tinyusb/src/portable/raspberrypi/rp2040/rp2040_usb.c.obj
                0x000000001000d8f0                hw_endpoint_reset_transfer
 .text._hw_endpoint_buffer_control_update32
                0x000000001000d900       0x58 CMakeFiles/picoputer1.dir/tree/downloaded_tools/pico/pico-sdk/lib/tinyusb/src/portable/raspberrypi/rp2040/rp2040_usb.c.obj
                0x000000001000d900                _hw_endpoint_buffer_control_update32
 .text._hw_endpoint_start_next_buffer
                0x000000001000d958       0x50 CMakeFiles/picoputer1.dir/tree/downloaded_tools/pico/pico-sdk/lib/tinyusb/src/portable/raspberrypi/rp2040/rp2040_usb.c.obj
                0x000000001000d958                _hw_endpoint_start_next_buffer
 .text._hw_endpoint_xfer_start
                0x000000001000d9a8       0x3e CMakeFiles/picoputer1.dir/tree/downloaded_tools/pico/pico-sdk/lib/tinyusb/src/portable/raspberrypi/rp2040/rp2040_usb.c.obj
                0x000000001000d9a8                _hw_endpoint_xfer_start
 *fill*         0x000000001000d9e6        0x2 
 .text._hw_endpoint_xfer_sync
                0x000000001000d9e8       0x74 CMakeFiles/picoputer1.dir/tree/downloaded_tools/pico/pico-sdk/lib/tinyusb/src/portable/raspberrypi/rp2040/rp2040_usb.c.obj
                0x000000001000d9e8                _hw_endpoint_xfer_sync
 .text._hw_endpoint_xfer_continue
                0x000000001000da5c       0x60 CMakeFiles/picoputer1.dir/tree/downloaded_tools/pico/pico-sdk/lib/tinyusb/src/portable/raspberrypi/rp2040/rp2040_usb.c.obj
                0x000000001000da5c                _hw_endpoint_xfer_continue
 .text._hw_endpoint_xfer
                0x000000001000dabc       0x34 CMakeFiles/picoputer1.dir/tree/downloaded_tools/pico/pico-sdk/lib/tinyusb/src/portable/raspberrypi/rp2040/rp2040_usb.c.obj
                0x000000001000dabc                _hw_endpoint_xfer
 .text.mark_interface_endpoint
                0x000000001000daf0       0x2a CMakeFiles/picoputer1.dir/tree/downloaded_tools/pico/pico-sdk/lib/tinyusb/src/device/usbd.c.obj
 *fill*         0x000000001000db1a        0x2 
 .text.usbd_reset
                0x000000001000db1c       0x88 CMakeFiles/picoputer1.dir/tree/downloaded_tools/pico/pico-sdk/lib/tinyusb/src/device/usbd.c.obj
 .text.invoke_class_control
                0x000000001000dba4       0x1a CMakeFiles/picoputer1.dir/tree/downloaded_tools/pico/pico-sdk/lib/tinyusb/src/device/usbd.c.obj
 *fill*         0x000000001000dbbe        0x2 
 .text.process_set_config
                0x000000001000dbc0      0x1d0 CMakeFiles/picoputer1.dir/tree/downloaded_tools/pico/pico-sdk/lib/tinyusb/src/device/usbd.c.obj
 .text.process_get_descriptor
                0x000000001000dd90       0xf8 CMakeFiles/picoputer1.dir/tree/downloaded_tools/pico/pico-sdk/lib/tinyusb/src/device/usbd.c.obj
 .text.tud_mounted
                0x000000001000de88       0x10 CMakeFiles/picoputer1.dir/tree/downloaded_tools/pico/pico-sdk/lib/tinyusb/src/device/usbd.c.obj
                0x000000001000de88                tud_mounted
 .text.tud_suspended
                0x000000001000de98       0x10 CMakeFiles/picoputer1.dir/tree/downloaded_tools/pico/pico-sdk/lib/tinyusb/src/device/usbd.c.obj
                0x000000001000de98                tud_suspended
 .text.tud_inited
                0x000000001000dea8        0xc CMakeFiles/picoputer1.dir/tree/downloaded_tools/pico/pico-sdk/lib/tinyusb/src/device/usbd.c.obj
                0x000000001000dea8                tud_inited
 .text.tud_init
                0x000000001000deb4       0xcc CMakeFiles/picoputer1.dir/tree/downloaded_tools/pico/pico-sdk/lib/tinyusb/src/device/usbd.c.obj
                0x000000001000deb4                tud_init
 .text.dcd_event_handler
                0x000000001000df80      0x174 CMakeFiles/picoputer1.dir/tree/downloaded_tools/pico/pico-sdk/lib/tinyusb/src/device/usbd.c.obj
                0x000000001000df80                dcd_event_handler
 .text.dcd_event_bus_signal
                0x000000001000e0f4       0x26 CMakeFiles/picoputer1.dir/tree/downloaded_tools/pico/pico-sdk/lib/tinyusb/src/device/usbd.c.obj
                0x000000001000e0f4                dcd_event_bus_signal
 .text.dcd_event_bus_reset