Archive member included to satisfy reference by file (symbol)

/usr/lib/gcc/arm-none-eabi/9.2.1/thumb/v6-m/nofp/libgcc.a(_dvmd_tls.o)
                              CMakeFiles/picoputer1.dir/tree/downloaded_tools/pico/pico-sdk/src/rp2_common/pico_divider/divider.S.obj (__aeabi_idiv0)
/usr/lib/gcc/arm-none-eabi/9.2.1/../../../arm-none-eabi/lib/thumb/v6-m/nofp/libc.a(lib_a-atexit.o)
                              /usr/lib/gcc/arm-none-eabi/9.2.1/../../../arm-none-eabi/lib/thumb/v6-m/nofp/crt0.o (atexit)
/usr/lib/gcc/arm-none-eabi/9.2.1/../../../arm-none-eabi/lib/thumb/v6-m/nofp/libc.a(lib_a-calloc.o)
                              CMakeFiles/picoputer1.dir/tree/downloaded_tools/pico/pico-sdk/src/rp2_common/pico_malloc/pico_malloc.c.obj (calloc)
/usr/lib/gcc/arm-none-eabi/9.2.1/../../../arm-none-eabi/lib/thumb/v6-m/nofp/libc.a(lib_a-callocr.o)
                              /usr/lib/gcc/arm-none-eabi/9.2.1/../../../arm-none-eabi/lib/thumb/v6-m/nofp/libc.a(lib_a-calloc.o) (_calloc_r)
/usr/lib/gcc/arm-none-eabi/9.2.1/../../../arm-none-eabi/lib/thumb/v6-m/nofp/libc.a(lib_a-fini.o)
                              /usr/lib/gcc/arm-none-eabi/9.2.1/../../../arm-none-eabi/lib/thumb/v6-m/nofp/crt0.o (__libc_fini_array)
/usr/lib/gcc/arm-none-eabi/9.2.1/../../../arm-none-eabi/lib/thumb/v6-m/nofp/libc.a(lib_a-impure.o)
                              /usr/lib/gcc/arm-none-eabi/9.2.1/../../../arm-none-eabi/lib/thumb/v6-m/nofp/libc.a(lib_a-calloc.o) (_impure_ptr)
/usr/lib/gcc/arm-none-eabi/9.2.1/../../../arm-none-eabi/lib/thumb/v6-m/nofp/libc.a(lib_a-init.o)
                              /usr/lib/gcc/arm-none-eabi/9.2.1/../../../arm-none-eabi/lib/thumb/v6-m/nofp/crt0.o (__libc_init_array)
/usr/lib/gcc/arm-none-eabi/9.2.1/../../../arm-none-eabi/lib/thumb/v6-m/nofp/libc.a(lib_a-malloc.o)
                              CMakeFiles/picoputer1.dir/tree/downloaded_tools/pico/pico-sdk/src/rp2_common/pico_malloc/pico_malloc.c.obj (malloc)
/usr/lib/gcc/arm-none-eabi/9.2.1/../../../arm-none-eabi/lib/thumb/v6-m/nofp/libc.a(lib_a-mallocr.o)
                              /usr/lib/gcc/arm-none-eabi/9.2.1/../../../arm-none-eabi/lib/thumb/v6-m/nofp/libc.a(lib_a-callocr.o) (_malloc_r)
/usr/lib/gcc/arm-none-eabi/9.2.1/../../../arm-none-eabi/lib/thumb/v6-m/nofp/libc.a(lib_a-mlock.o)
                              /usr/lib/gcc/arm-none-eabi/9.2.1/../../../arm-none-eabi/lib/thumb/v6-m/nofp/libc.a(lib_a-mallocr.o) (__malloc_lock)
/usr/lib/gcc/arm-none-eabi/9.2.1/../../../arm-none-eabi/lib/thumb/v6-m/nofp/libc.a(lib_a-sbrkr.o)
                              /usr/lib/gcc/arm-none-eabi/9.2.1/../../../arm-none-eabi/lib/thumb/v6-m/nofp/libc.a(lib_a-mallocr.o) (_sbrk_r)
/usr/lib/gcc/arm-none-eabi/9.2.1/../../../arm-none-eabi/lib/thumb/v6-m/nofp/libc.a(lib_a-strlen-stub.o)
                              CMakeFiles/picoputer1.dir/tree/downloaded_tools/pico/pico-sdk/src/rp2_common/pico_stdio/stdio.c.obj (strlen)
/usr/lib/gcc/arm-none-eabi/9.2.1/../../../arm-none-eabi/lib/thumb/v6-m/nofp/libc.a(lib_a-__atexit.o)
                              /usr/lib/gcc/arm-none-eabi/9.2.1/../../../arm-none-eabi/lib/thumb/v6-m/nofp/libc.a(lib_a-atexit.o) (__register_exitproc)
/usr/lib/gcc/arm-none-eabi/9.2.1/../../../arm-none-eabi/lib/thumb/v6-m/nofp/libc.a(lib_a-freer.o)
                              /usr/lib/gcc/arm-none-eabi/9.2.1/../../../arm-none-eabi/lib/thumb/v6-m/nofp/libc.a(lib_a-malloc.o) (_free_r)
/usr/lib/gcc/arm-none-eabi/9.2.1/../../../arm-none-eabi/lib/thumb/v6-m/nofp/libc.a(lib_a-reent.o)
                              /usr/lib/gcc/arm-none-eabi/9.2.1/../../../arm-none-eabi/lib/thumb/v6-m/nofp/libc.a(lib_a-sbrkr.o) (errno)

Allocating common symbols
Common symbol       size              file

sf_table            0x100             CMakeFiles/picoputer1.dir/tree/downloaded_tools/pico/pico-sdk/src/rp2_common/pico_float/float_init_rom.c.obj
errno               0x4               /usr/lib/gcc/arm-none-eabi/9.2.1/../../../arm-none-eabi/lib/thumb/v6-m/nofp/libc.a(lib_a-reent.o)
_usbd_qdef_buf      0xc0              CMakeFiles/picoputer1.dir/tree/downloaded_tools/pico/pico-sdk/lib/tinyusb/src/device/usbd.c.obj
sf_clz_func         0x4               CMakeFiles/picoputer1.dir/tree/downloaded_tools/pico/pico-sdk/src/rp2_common/pico_float/float_init_rom.c.obj
check_crc_count     0x4               CMakeFiles/picoputer1.dir/tree/downloaded_tools/pico/pico-extras/src/rp2_common/pico_sd_card/sd_card.c.obj
sd_table            0x100             CMakeFiles/picoputer1.dir/tree/downloaded_tools/pico/pico-sdk/src/rp2_common/pico_double/double_init_rom.c.obj
zeroes              0x4               CMakeFiles/picoputer1.dir/tree/downloaded_tools/pico/pico-extras/src/rp2_common/pico_sd_card/sd_card.c.obj
uart_char_to_line_feed
                    0x4               CMakeFiles/picoputer1.dir/tree/downloaded_tools/pico/pico-sdk/src/rp2_common/hardware_uart/uart.c.obj

Discarded input sections

 .text          0x0000000000000000        0x0 /usr/lib/gcc/arm-none-eabi/9.2.1/thumb/v6-m/nofp/crti.o
[...]
Memory Configuration

Name             Origin             Length             Attributes
FLASH            0x0000000010000000 0x0000000000200000 xr
RAM              0x0000000020000000 0x0000000000040000 xrw
SCRATCH_X        0x0000000020040000 0x0000000000001000 xrw
SCRATCH_Y        0x0000000020041000 0x0000000000001000 xrw
*default*        0x0000000000000000 0xffffffffffffffff

Linker script and memory map

LOAD /usr/lib/gcc/arm-none-eabi/9.2.1/thumb/v6-m/nofp/crti.o
LOAD /usr/lib/gcc/arm-none-eabi/9.2.1/thumb/v6-m/nofp/crtbegin.o
LOAD /usr/lib/gcc/arm-none-eabi/9.2.1/../../../arm-none-eabi/lib/thumb/v6-m/nofp/crt0.o

.flash_begin    0x0000000010000000        0x0
                0x0000000010000000                __flash_binary_start = .

.boot2          0x0000000010000000      0x100
                0x0000000010000000                __boot2_start__ = .
 *(.boot2)
 .boot2         0x0000000010000000      0x100 /tmp/cckLySbB.o
                0x0000000010000100                __boot2_end__ = .
                0x0000000000000001                ASSERT (((__boot2_end__ - __boot2_start__) == 0x100), ERROR: Pico second stage bootloader must be 256 bytes in size)

.text           0x0000000010000100     0x6be8
                0x0000000010000100                __logical_binary_start = .
 *(.vectors)
 .vectors       0x0000000010000100       0xd4 CMakeFiles/picoputer1.dir/tree/downloaded_tools/pico/pico-sdk/src/rp2_common/pico_standard_link/crt0.S.obj
                0x0000000010000100                __vectors
                0x0000000010000100                __VECTOR_TABLE
                0x00000000100001c0                isr_invalid
                0x00000000100001c0                __default_isrs_start
                0x00000000100001c2                isr_nmi
                0x00000000100001c4                isr_hardfault
                0x00000000100001c6                isr_svcall
                0x00000000100001c8                isr_pendsv
                0x00000000100001ca                isr_systick
                0x00000000100001cc                isr_irq30
                0x00000000100001cc                __unhandled_user_irq
                0x00000000100001cc                isr_irq13
                0x00000000100001cc                isr_irq27
                0x00000000100001cc                isr_irq31
                0x00000000100001cc                isr_irq5
                0x00000000100001cc                isr_irq11
                0x00000000100001cc                isr_irq23
                0x00000000100001cc                isr_irq18
                0x00000000100001cc                isr_irq28
                0x00000000100001cc                isr_irq19
                0x00000000100001cc                isr_irq0
                0x00000000100001cc                isr_irq6
                0x00000000100001cc                isr_irq22
                0x00000000100001cc                isr_irq17
                0x00000000100001cc                isr_irq14
                0x00000000100001cc                isr_irq2
                0x00000000100001cc                isr_irq10
                0x00000000100001cc                isr_irq8
                0x00000000100001cc                isr_irq24
                0x00000000100001cc                isr_irq1
                0x00000000100001cc                isr_irq7
                0x00000000100001cc                isr_irq21
                0x00000000100001cc                isr_irq20
                0x00000000100001cc                isr_irq15
                0x00000000100001cc                isr_irq25
                0x00000000100001cc                isr_irq4
                0x00000000100001cc                isr_irq16
                0x00000000100001cc                isr_irq29
                0x00000000100001cc                isr_irq26
                0x00000000100001cc                __default_isrs_end
                0x00000000100001cc                isr_irq3
                0x00000000100001cc                isr_irq12
                0x00000000100001cc                isr_irq9
                0x00000000100001d2                unhandled_user_irq_num_in_r0
 *(.binary_info_header)
 .binary_info_header
                0x00000000100001d4       0x14 CMakeFiles/picoputer1.dir/tree/downloaded_tools/pico/pico-sdk/src/rp2_common/pico_standard_link/crt0.S.obj
                0x00000000100001e8                __binary_info_header_end = .
 *(.reset)
 .reset         0x00000000100001e8       0xa8 CMakeFiles/picoputer1.dir/tree/downloaded_tools/pico/pico-sdk/src/rp2_common/pico_standard_link/crt0.S.obj
                0x00000000100001e8                _entry_point
                0x0000000010000266                __get_current_exception
 .reset         0x0000000010000290       0x30 CMakeFiles/picoputer1.dir/tree/downloaded_tools/pico/pico-sdk/src/rp2_common/pico_standard_link/binary_info.c.obj
 *(.init)
 .init          0x00000000100002c0        0x4 /usr/lib/gcc/arm-none-eabi/9.2.1/thumb/v6-m/nofp/crti.o
                0x00000000100002c0                _init
 *(EXCLUDE_FILE(*libm.a: *libc.a:*lib_a-mem*.o *libgcc.a:) .text*)
 .text          0x00000000100002c4       0x98 /usr/lib/gcc/arm-none-eabi/9.2.1/thumb/v6-m/nofp/crtbegin.o
 .text.startup.main
                0x000000001000035c       0x80 CMakeFiles/picoputer1.dir/picoputer1.c.obj
                0x000000001000035c                main
 .text.gpio_set_function
                0x00000000100003dc       0x30 CMakeFiles/picoputer1.dir/tree/downloaded_tools/pico/pico-sdk/src/rp2_common/hardware_gpio/gpio.c.obj
                0x00000000100003dc                gpio_set_function
 .text.gpio_init
                0x000000001000040c       0x3c CMakeFiles/picoputer1.dir/tree/downloaded_tools/pico/pico-sdk/src/rp2_common/hardware_gpio/gpio.c.obj
                0x000000001000040c                gpio_init
 .text.hw_claim_or_assert
                0x0000000010000448       0x48 CMakeFiles/picoputer1.dir/tree/downloaded_tools/pico/pico-sdk/src/rp2_common/hardware_claim/claim.c.obj
                0x0000000010000448                hw_claim_or_assert
 .text.hw_claim_unused_from_range
                0x0000000010000490       0x9c CMakeFiles/picoputer1.dir/tree/downloaded_tools/pico/pico-sdk/src/rp2_common/hardware_claim/claim.c.obj
                0x0000000010000490                hw_claim_unused_from_range
 .text.running_on_fpga
                0x000000001000052c       0x10 CMakeFiles/picoputer1.dir/tree/downloaded_tools/pico/pico-sdk/src/rp2_common/pico_platform/platform.c.obj
                0x000000001000052c                running_on_fpga
 .text.spin_locks_reset
                0x000000001000053c       0x1c CMakeFiles/picoputer1.dir/tree/downloaded_tools/pico/pico-sdk/src/rp2_common/hardware_sync/sync.c.obj
                0x000000001000053c                spin_locks_reset
 .text.next_striped_spin_lock_num
                0x0000000010000558       0x18 CMakeFiles/picoputer1.dir/tree/downloaded_tools/pico/pico-sdk/src/rp2_common/hardware_sync/sync.c.obj
                0x0000000010000558                next_striped_spin_lock_num
 .text.spin_lock_claim_unused
                0x0000000010000570       0x20 CMakeFiles/picoputer1.dir/tree/downloaded_tools/pico/pico-sdk/src/rp2_common/hardware_sync/sync.c.obj
                0x0000000010000570                spin_lock_claim_unused
 .text.uart_init
                0x0000000010000590       0xe4 CMakeFiles/picoputer1.dir/tree/downloaded_tools/pico/pico-sdk/src/rp2_common/hardware_uart/uart.c.obj
                0x0000000010000590                uart_init
 .text.timer_pool_entry_comparator
                0x0000000010000674       0x34 CMakeFiles/picoputer1.dir/tree/downloaded_tools/pico/pico-sdk/src/common/pico_time/time.c.obj
                0x0000000010000674                timer_pool_entry_comparator
 .text.sleep_until_callback
                0x00000000100006a8       0x30 CMakeFiles/picoputer1.dir/tree/downloaded_tools/pico/pico-sdk/src/common/pico_time/time.c.obj
 .text.alarm_pool_add_alarm_at.constprop.0
                0x00000000100006d8      0x128 CMakeFiles/picoputer1.dir/tree/downloaded_tools/pico/pico-sdk/src/common/pico_time/time.c.obj
 .text.add_alarm_under_lock
                0x0000000010000800      0x108 CMakeFiles/picoputer1.dir/tree/downloaded_tools/pico/pico-sdk/src/common/pico_time/time.c.obj
 .text.alarm_pool_alarm_callback
                0x0000000010000908      0x1c8 CMakeFiles/picoputer1.dir/tree/downloaded_tools/pico/pico-sdk/src/common/pico_time/time.c.obj
 .text.alarm_pool_init_default
                0x0000000010000ad0       0x64 CMakeFiles/picoputer1.dir/tree/downloaded_tools/pico/pico-sdk/src/common/pico_time/time.c.obj
                0x0000000010000ad0                alarm_pool_init_default
 .text.alarm_pool_get_default
                0x0000000010000b34        0x8 CMakeFiles/picoputer1.dir/tree/downloaded_tools/pico/pico-sdk/src/common/pico_time/time.c.obj
                0x0000000010000b34                alarm_pool_get_default
 .text.alarm_pool_add_alarm_at
                0x0000000010000b3c      0x1ac CMakeFiles/picoputer1.dir/tree/downloaded_tools/pico/pico-sdk/src/common/pico_time/time.c.obj
                0x0000000010000b3c                alarm_pool_add_alarm_at
 .text.sleep_until
                0x0000000010000ce8       0xac CMakeFiles/picoputer1.dir/tree/downloaded_tools/pico/pico-sdk/src/common/pico_time/time.c.obj
                0x0000000010000ce8                sleep_until
 .text.sleep_ms
                0x0000000010000d94       0x38 CMakeFiles/picoputer1.dir/tree/downloaded_tools/pico/pico-sdk/src/common/pico_time/time.c.obj
                0x0000000010000d94                sleep_ms
 .text.best_effort_wfe_or_timeout
                0x0000000010000dcc       0xd4 CMakeFiles/picoputer1.dir/tree/downloaded_tools/pico/pico-sdk/src/common/pico_time/time.c.obj
                0x0000000010000dcc                best_effort_wfe_or_timeout
 .text.hardware_alarm_irq_handler
                0x0000000010000ea0       0xb8 CMakeFiles/picoputer1.dir/tree/downloaded_tools/pico/pico-sdk/src/rp2_common/hardware_timer/timer.c.obj
 .text.hardware_alarm_claim
                0x0000000010000f58       0x18 CMakeFiles/picoputer1.dir/tree/downloaded_tools/pico/pico-sdk/src/rp2_common/hardware_timer/timer.c.obj
                0x0000000010000f58                hardware_alarm_claim
 .text.time_us_64
                0x0000000010000f70       0x14 CMakeFiles/picoputer1.dir/tree/downloaded_tools/pico/pico-sdk/src/rp2_common/hardware_timer/timer.c.obj
                0x0000000010000f70                time_us_64
 .text.busy_wait_until
                0x0000000010000f84       0x20 CMakeFiles/picoputer1.dir/tree/downloaded_tools/pico/pico-sdk/src/rp2_common/hardware_timer/timer.c.obj
                0x0000000010000f84                busy_wait_until
 .text.hardware_alarm_set_callback
                0x0000000010000fa4       0x8c CMakeFiles/picoputer1.dir/tree/downloaded_tools/pico/pico-sdk/src/rp2_common/hardware_timer/timer.c.obj
                0x0000000010000fa4                hardware_alarm_set_callback
 .text.hardware_alarm_set_target
                0x0000000010001030       0xe4 CMakeFiles/picoputer1.dir/tree/downloaded_tools/pico/pico-sdk/src/rp2_common/hardware_timer/timer.c.obj
                0x0000000010001030                hardware_alarm_set_target
 .text.hardware_alarm_cancel
                0x0000000010001114       0x40 CMakeFiles/picoputer1.dir/tree/downloaded_tools/pico/pico-sdk/src/rp2_common/hardware_timer/timer.c.obj
                0x0000000010001114                hardware_alarm_cancel
 .text.lock_init
                0x0000000010001154       0x10 CMakeFiles/picoputer1.dir/tree/downloaded_tools/pico/pico-sdk/src/common/pico_sync/lock_core.c.obj
                0x0000000010001154                lock_init
 .text.mutex_init
                0x0000000010001164       0x1c CMakeFiles/picoputer1.dir/tree/downloaded_tools/pico/pico-sdk/src/common/pico_sync/mutex.c.obj
                0x0000000010001164                mutex_init
 .text.recursive_mutex_init
                0x0000000010001180       0x1c CMakeFiles/picoputer1.dir/tree/downloaded_tools/pico/pico-sdk/src/common/pico_sync/mutex.c.obj
                0x0000000010001180                recursive_mutex_init
 .text.critical_section_init
                0x000000001000119c       0x1c CMakeFiles/picoputer1.dir/tree/downloaded_tools/pico/pico-sdk/src/common/pico_sync/critical_section.c.obj
                0x000000001000119c                critical_section_init
 .text.ph_merge_nodes
                0x00000000100011b8       0x68 CMakeFiles/picoputer1.dir/tree/downloaded_tools/pico/pico-sdk/src/common/pico_util/pheap.c.obj
 .text.ph_post_alloc_init
                0x0000000010001220       0x3c CMakeFiles/picoputer1.dir/tree/downloaded_tools/pico/pico-sdk/src/common/pico_util/pheap.c.obj
                0x0000000010001220                ph_post_alloc_init
 .text.ph_merge_two_pass
                0x000000001000125c       0x90 CMakeFiles/picoputer1.dir/tree/downloaded_tools/pico/pico-sdk/src/common/pico_util/pheap.c.obj
                0x000000001000125c                ph_merge_two_pass
 .text.ph_remove_any_head
                0x00000000100012ec       0xf8 CMakeFiles/picoputer1.dir/tree/downloaded_tools/pico/pico-sdk/src/common/pico_util/pheap.c.obj
 .text.ph_remove_head
                0x00000000100013e4      0x13c CMakeFiles/picoputer1.dir/tree/downloaded_tools/pico/pico-sdk/src/common/pico_util/pheap.c.obj
                0x00000000100013e4                ph_remove_head
 .text.ph_remove_and_free_node
                0x0000000010001520       0x7c CMakeFiles/picoputer1.dir/tree/downloaded_tools/pico/pico-sdk/src/common/pico_util/pheap.c.obj
                0x0000000010001520                ph_remove_and_free_node
 .text.runtime_init
                0x000000001000159c       0xfc CMakeFiles/picoputer1.dir/tree/downloaded_tools/pico/pico-sdk/src/rp2_common/pico_runtime/runtime.c.obj
                0x000000001000159c                runtime_init
 .text.exit     0x0000000010001698        0x4 CMakeFiles/picoputer1.dir/tree/downloaded_tools/pico/pico-sdk/src/rp2_common/pico_runtime/runtime.c.obj
                0x0000000010001698                exit
 .text.panic    0x000000001000169c       0x30 CMakeFiles/picoputer1.dir/tree/downloaded_tools/pico/pico-sdk/src/rp2_common/pico_runtime/runtime.c.obj
                0x000000001000169c                panic
 .text.hard_assertion_failure
                0x00000000100016cc        0xc CMakeFiles/picoputer1.dir/tree/downloaded_tools/pico/pico-sdk/src/rp2_common/pico_runtime/runtime.c.obj
                0x00000000100016cc                hard_assertion_failure
 .text.clocks_init
                0x00000000100016d8      0x2bc CMakeFiles/picoputer1.dir/tree/downloaded_tools/pico/pico-sdk/src/rp2_common/hardware_clocks/clocks.c.obj
                0x00000000100016d8                clocks_init
 .text.clock_get_hz
                0x0000000010001994        0xc CMakeFiles/picoputer1.dir/tree/downloaded_tools/pico/pico-sdk/src/rp2_common/hardware_clocks/clocks.c.obj
                0x0000000010001994                clock_get_hz
 .text.irq_set_enabled
                0x00000000100019a0       0x24 CMakeFiles/picoputer1.dir/tree/downloaded_tools/pico/pico-sdk/src/rp2_common/hardware_irq/irq.c.obj
                0x00000000100019a0                irq_set_enabled
 .text.irq_set_pending
                0x00000000100019c4       0x10 CMakeFiles/picoputer1.dir/tree/downloaded_tools/pico/pico-sdk/src/rp2_common/hardware_irq/irq.c.obj
                0x00000000100019c4                irq_set_pending
 .text.irq_get_vtable_handler
                0x00000000100019d4       0x10 CMakeFiles/picoputer1.dir/tree/downloaded_tools/pico/pico-sdk/src/rp2_common/hardware_irq/irq.c.obj
                0x00000000100019d4                irq_get_vtable_handler
 .text.irq_set_exclusive_handler
                0x00000000100019e4       0x54 CMakeFiles/picoputer1.dir/tree/downloaded_tools/pico/pico-sdk/src/rp2_common/hardware_irq/irq.c.obj
                0x00000000100019e4                irq_set_exclusive_handler
 .text.irq_remove_handler
                0x0000000010001a38      0x1b8 CMakeFiles/picoputer1.dir/tree/downloaded_tools/pico/pico-sdk/src/rp2_common/hardware_irq/irq.c.obj
                0x0000000010001a38                irq_remove_handler
 .text.irq_add_tail_to_free_list
                0x0000000010001bf0       0xb8 CMakeFiles/picoputer1.dir/tree/downloaded_tools/pico/pico-sdk/src/rp2_common/hardware_irq/irq.c.obj
                0x0000000010001bf0                irq_add_tail_to_free_list
 .text.irq_init_priorities
                0x0000000010001ca8       0x38 CMakeFiles/picoputer1.dir/tree/downloaded_tools/pico/pico-sdk/src/rp2_common/hardware_irq/irq.c.obj
                0x0000000010001ca8                irq_init_priorities
 .text.pll_init
                0x0000000010001ce0       0xa4 CMakeFiles/picoputer1.dir/tree/downloaded_tools/pico/pico-sdk/src/rp2_common/hardware_pll/pll.c.obj
                0x0000000010001ce0                pll_init
 .text.watchdog_start_tick
                0x0000000010001d84       0x10 CMakeFiles/picoputer1.dir/tree/downloaded_tools/pico/pico-sdk/src/rp2_common/hardware_watchdog/watchdog.c.obj
                0x0000000010001d84                watchdog_start_tick
 .text.watchdog_reboot
                0x0000000010001d94       0x98 CMakeFiles/picoputer1.dir/tree/downloaded_tools/pico/pico-sdk/src/rp2_common/hardware_watchdog/watchdog.c.obj
                0x0000000010001d94                watchdog_reboot
 .text.xosc_init
                0x0000000010001e2c       0x28 CMakeFiles/picoputer1.dir/tree/downloaded_tools/pico/pico-sdk/src/rp2_common/hardware_xosc/xosc.c.obj
                0x0000000010001e2c                xosc_init
 .text._out_buffer
                0x0000000010001e54        0x8 CMakeFiles/picoputer1.dir/tree/downloaded_tools/pico/pico-sdk/src/rp2_common/pico_printf/printf.c.obj
 .text._out_null
                0x0000000010001e5c        0x4 CMakeFiles/picoputer1.dir/tree/downloaded_tools/pico/pico-sdk/src/rp2_common/pico_printf/printf.c.obj
 .text._out_rev
                0x0000000010001e60       0xd0 CMakeFiles/picoputer1.dir/tree/downloaded_tools/pico/pico-sdk/src/rp2_common/pico_printf/printf.c.obj
 .text._ntoa_format
                0x0000000010001f30      0x1d0 CMakeFiles/picoputer1.dir/tree/downloaded_tools/pico/pico-sdk/src/rp2_common/pico_printf/printf.c.obj
 .text._out_char
                0x0000000010002100       0x10 CMakeFiles/picoputer1.dir/tree/downloaded_tools/pico/pico-sdk/src/rp2_common/pico_printf/printf.c.obj
 .text._etoa    0x0000000010002110      0x478 CMakeFiles/picoputer1.dir/tree/downloaded_tools/pico/pico-sdk/src/rp2_common/pico_printf/printf.c.obj
 .text._ftoa    0x0000000010002588      0x3e0 CMakeFiles/picoputer1.dir/tree/downloaded_tools/pico/pico-sdk/src/rp2_common/pico_printf/printf.c.obj
 .text._vsnprintf
                0x0000000010002968      0xb08 CMakeFiles/picoputer1.dir/tree/downloaded_tools/pico/pico-sdk/src/rp2_common/pico_printf/printf.c.obj
 .text.__wrap_sprintf
                0x0000000010003470       0x28 CMakeFiles/picoputer1.dir/tree/downloaded_tools/pico/pico-sdk/src/rp2_common/pico_printf/printf.c.obj
                0x0000000010003470                __wrap_sprintf
 .text.weak_raw_vprintf
                0x0000000010003498       0x30 CMakeFiles/picoputer1.dir/tree/downloaded_tools/pico/pico-sdk/src/rp2_common/pico_printf/printf.c.obj
                0x0000000010003498                weak_raw_vprintf
 .text          0x00000000100034c8       0x10 CMakeFiles/picoputer1.dir/tree/downloaded_tools/pico/pico-sdk/src/rp2_common/pico_bit_ops/bit_ops_aeabi.S.obj
 .text.rom_func_lookup
                0x00000000100034d8       0x10 CMakeFiles/picoputer1.dir/tree/downloaded_tools/pico/pico-sdk/src/rp2_common/pico_bootrom/bootrom.c.obj
                0x00000000100034d8                rom_func_lookup
 .text.rom_data_lookup
                0x00000000100034e8       0x10 CMakeFiles/picoputer1.dir/tree/downloaded_tools/pico/pico-sdk/src/rp2_common/pico_bootrom/bootrom.c.obj
                0x00000000100034e8                rom_data_lookup
 .text.rom_funcs_lookup
                0x00000000100034f8       0x3c CMakeFiles/picoputer1.dir/tree/downloaded_tools/pico/pico-sdk/src/rp2_common/pico_bootrom/bootrom.c.obj
                0x00000000100034f8                rom_funcs_lookup
 .text.__wrap___aeabi_idiv
                0x0000000010003534       0x50 CMakeFiles/picoputer1.dir/tree/downloaded_tools/pico/pico-sdk/src/rp2_common/pico_divider/divider.S.obj
                0x0000000010003534                __wrap___aeabi_idivmod
                0x0000000010003534                divmod_s32s32
                0x0000000010003534                div_s32s32
                0x0000000010003534                __wrap___aeabi_idiv
                0x000000001000353c                divmod_s32s32_unsafe
                0x0000000010003568                divmod_s32s32_savestate
 .text.__wrap___aeabi_uidiv
                0x0000000010003584       0x4c CMakeFiles/picoputer1.dir/tree/downloaded_tools/pico/pico-sdk/src/rp2_common/pico_divider/divider.S.obj
                0x0000000010003584                __wrap___aeabi_uidiv
                0x0000000010003584                __wrap___aeabi_uidivmod
                0x0000000010003584                div_u32u32
                0x0000000010003584                divmod_u32u32
                0x000000001000358c                divmod_u32u32_unsafe
                0x00000000100035b4                divmod_u32u32_savestate
 .text.__wrap___aeabi_ldiv
                0x00000000100035d0      0x430 CMakeFiles/picoputer1.dir/tree/downloaded_tools/pico/pico-sdk/src/rp2_common/pico_divider/divider.S.obj
                0x00000000100035d0                div_s64s64
                0x00000000100035d0                divmod_s64s64
                0x00000000100035d0                __wrap___aeabi_ldivmod
                0x0000000010003608                div_u64u64
                0x0000000010003608                divmod_u64u64
                0x0000000010003608                __wrap___aeabi_uldivmod
                0x0000000010003618                divmod_u64u64_savestate
                0x0000000010003640                divmod_s64s64_unsafe
                0x00000000100036c8                divmod_u64u64_unsafe
 .text.__wrap___aeabi_darithmetic
                0x0000000010003a00       0x80 CMakeFiles/picoputer1.dir/tree/downloaded_tools/pico/pico-sdk/src/rp2_common/pico_double/double_aeabi.S.obj
                0x0000000010003a00                __wrap___aeabi_drsub
                0x0000000010003a06                __wrap___aeabi_dsub
                0x0000000010003a18                __wrap___aeabi_dadd
                0x0000000010003a2a                __wrap___aeabi_ddiv
                0x0000000010003a66                __wrap___aeabi_dmul
 .text.__wrap___aeabi_cdcmple
                0x0000000010003a80       0x6c CMakeFiles/picoputer1.dir/tree/downloaded_tools/pico/pico-sdk/src/rp2_common/pico_double/double_aeabi.S.obj
                0x0000000010003a80                __wrap___aeabi_cdrcmple
                0x0000000010003a90                __wrap___aeabi_cdcmple
                0x0000000010003a90                __wrap___aeabi_cdcmpeq
 .text.__wrap___aeabi_dcmplt
                0x0000000010003aec        0xc CMakeFiles/picoputer1.dir/tree/downloaded_tools/pico/pico-sdk/src/rp2_common/pico_double/double_aeabi.S.obj
                0x0000000010003aec                __wrap___aeabi_dcmplt
 .text.__wrap___aeabi_dcmple
                0x0000000010003af8       0x10 CMakeFiles/picoputer1.dir/tree/downloaded_tools/pico/pico-sdk/src/rp2_common/pico_double/double_aeabi.S.obj
                0x0000000010003af8                __wrap___aeabi_dcmple
 .text.__wrap___aeabi_dcmpge
                0x0000000010003b08       0x10 CMakeFiles/picoputer1.dir/tree/downloaded_tools/pico/pico-sdk/src/rp2_common/pico_double/double_aeabi.S.obj
                0x0000000010003b08                __wrap___aeabi_dcmpge
 .text.__wrap___aeabi_dcmpgt
                0x0000000010003b18        0xa CMakeFiles/picoputer1.dir/tree/downloaded_tools/pico/pico-sdk/src/rp2_common/pico_double/double_aeabi.S.obj
                0x0000000010003b18                __wrap___aeabi_dcmpgt
 .text.__wrap___aeabi_dcmpun
                0x0000000010003b22       0x1c CMakeFiles/picoputer1.dir/tree/downloaded_tools/pico/pico-sdk/src/rp2_common/pico_double/double_aeabi.S.obj
                0x0000000010003b22                __wrap___aeabi_dcmpun
 *fill*         0x0000000010003b3e        0x2 
 .text.__wrap___aeabi_i2d
                0x0000000010003b40       0x38 CMakeFiles/picoputer1.dir/tree/downloaded_tools/pico/pico-sdk/src/rp2_common/pico_double/double_aeabi.S.obj
                0x0000000010003b40                __wrap___aeabi_ui2d
                0x0000000010003b48                __wrap___aeabi_i2d
 .text.__wrap___aeabi_d2iz
                0x0000000010003b78       0x48 CMakeFiles/picoputer1.dir/tree/downloaded_tools/pico/pico-sdk/src/rp2_common/pico_double/double_aeabi.S.obj
                0x0000000010003b78                __wrap___aeabi_d2iz
                0x0000000010003b78                double2int_z
 .text.__wrap___aeabi_d2uiz
                0x0000000010003bc0       0x18 CMakeFiles/picoputer1.dir/tree/downloaded_tools/pico/pico-sdk/src/rp2_common/pico_double/double_aeabi.S.obj
                0x0000000010003bc0                double2uint
                0x0000000010003bc0                __wrap___aeabi_d2uiz
 .text.__aeabi_double_init
                0x0000000010003bd8       0xac CMakeFiles/picoputer1.dir/tree/downloaded_tools/pico/pico-sdk/src/rp2_common/pico_double/double_init_rom.c.obj
                0x0000000010003bd8                __aeabi_double_init
 .text.double_table_shim_on_use_helper
                0x0000000010003c84       0x2c CMakeFiles/picoputer1.dir/tree/downloaded_tools/pico/pico-sdk/src/rp2_common/pico_double/double_v1_rom_shim.S.obj
                0x0000000010003c84                double_table_shim_on_use_helper
 .text.__wrap___aeabi_dsub
                0x0000000010003cb0       0x10 CMakeFiles/picoputer1.dir/tree/downloaded_tools/pico/pico-sdk/src/rp2_common/pico_double/double_v1_rom_shim.S.obj
                0x0000000010003cb0                drsub_shim
                0x0000000010003cb6                dsub_shim
 .text.dadd_shim
                0x0000000010003cc0      0x15c CMakeFiles/picoputer1.dir/tree/downloaded_tools/pico/pico-sdk/src/rp2_common/pico_double/double_v1_rom_shim.S.obj
                0x0000000010003cc0                dadd_shim
 .text.dmul_shim
                0x0000000010003e1c      0x15c CMakeFiles/picoputer1.dir/tree/downloaded_tools/pico/pico-sdk/src/rp2_common/pico_double/double_v1_rom_shim.S.obj
                0x0000000010003e1c                dmul_shim
 .text.ddiv_shim
                0x0000000010003f78      0x1b0 CMakeFiles/picoputer1.dir/tree/downloaded_tools/pico/pico-sdk/src/rp2_common/pico_double/double_v1_rom_shim.S.obj
                0x0000000010003f78                ddiv_shim
 .text.dcordic_rot_step
                0x0000000010004128       0x7c CMakeFiles/picoputer1.dir/tree/downloaded_tools/pico/pico-sdk/src/rp2_common/pico_double/double_v1_rom_shim.S.obj
                0x0000000010004128                dcordic_rot_step
 .text.double2uint_shim
                0x00000000100041a4        0xe CMakeFiles/picoputer1.dir/tree/downloaded_tools/pico/pico-sdk/src/rp2_common/pico_double/double_v1_rom_shim.S.obj
                0x00000000100041a4                double2uint_shim
                0x00000000100041a6                double2ufix_shim
 *fill*         0x00000000100041b2        0x2 
 .text.double2uint64_shim
                0x00000000100041b4       0x6c CMakeFiles/picoputer1.dir/tree/downloaded_tools/pico/pico-sdk/src/rp2_common/pico_double/double_v1_rom_shim.S.obj
                0x00000000100041b4                double2uint64_shim
                0x00000000100041b6                double2ufix64_shim
                0x00000000100041d0                d2fix_a
 .text.dunpacks
                0x0000000010004220       0x3c CMakeFiles/picoputer1.dir/tree/downloaded_tools/pico/pico-sdk/src/rp2_common/pico_double/double_v1_rom_shim.S.obj
                0x0000000010004220                dunpacks
 .text.__aeabi_lmul
                0x000000001000425c       0x32 CMakeFiles/picoputer1.dir/tree/downloaded_tools/pico/pico-sdk/src/rp2_common/pico_int64_ops/pico_int64_ops_aeabi.S.obj
                0x000000001000425c                __wrap___aeabi_lmul
 *fill*         0x000000001000428e        0x2 
 .text.__aeabi_float_init
                0x0000000010004290       0x64 CMakeFiles/picoputer1.dir/tree/downloaded_tools/pico/pico-sdk/src/rp2_common/pico_float/float_init_rom.c.obj
                0x0000000010004290                __aeabi_float_init
 .text.float_table_shim_on_use_helper
                0x00000000100042f4       0x2c CMakeFiles/picoputer1.dir/tree/downloaded_tools/pico/pico-sdk/src/rp2_common/pico_float/float_v1_rom_shim.S.obj
                0x00000000100042f4                float_table_shim_on_use_helper
 .text          0x0000000010004320       0x10 CMakeFiles/picoputer1.dir/tree/downloaded_tools/pico/pico-sdk/src/rp2_common/pico_mem_ops/mem_ops_aeabi.S.obj
                0x0000000010004320                __aeabi_mem_init
 .text.memset   0x0000000010004330        0xc CMakeFiles/picoputer1.dir/tree/downloaded_tools/pico/pico-sdk/src/rp2_common/pico_mem_ops/mem_ops_aeabi.S.obj
                0x0000000010004330                __wrap_memset
 .text.memcpy   0x000000001000433c        0xc CMakeFiles/picoputer1.dir/tree/downloaded_tools/pico/pico-sdk/src/rp2_common/pico_mem_ops/mem_ops_aeabi.S.obj
                0x000000001000433c                __wrap___aeabi_memcpy
                0x000000001000433c                __wrap_memcpy
 .text.stdio_out_chars_crlf.part.0
                0x0000000010004348       0x84 CMakeFiles/picoputer1.dir/tree/downloaded_tools/pico/pico-sdk/src/rp2_common/pico_stdio/stdio.c.obj
 .text.stdio_put_string
                0x00000000100043cc      0x100 CMakeFiles/picoputer1.dir/tree/downloaded_tools/pico/pico-sdk/src/rp2_common/pico_stdio/stdio.c.obj
 .text.__wrap_putchar
                0x00000000100044cc       0x1c CMakeFiles/picoputer1.dir/tree/downloaded_tools/pico/pico-sdk/src/rp2_common/pico_stdio/stdio.c.obj
                0x00000000100044cc                __wrap_putchar
 .text.__wrap_puts
                0x00000000100044e8       0x3c CMakeFiles/picoputer1.dir/tree/downloaded_tools/pico/pico-sdk/src/rp2_common/pico_stdio/stdio.c.obj
                0x00000000100044e8                __wrap_puts
 .text.stdio_set_driver_enabled
                0x0000000010004524       0x3c CMakeFiles/picoputer1.dir/tree/downloaded_tools/pico/pico-sdk/src/rp2_common/pico_stdio/stdio.c.obj
                0x0000000010004524                stdio_set_driver_enabled
 .text.stdio_init_all
                0x0000000010004560        0xc CMakeFiles/picoputer1.dir/tree/downloaded_tools/pico/pico-sdk/src/rp2_common/pico_stdio/stdio.c.obj
                0x0000000010004560                stdio_init_all
 .text.stdio_uart_out_chars
                0x000000001000456c       0x4c CMakeFiles/picoputer1.dir/tree/downloaded_tools/pico/pico-sdk/src/rp2_common/pico_stdio_uart/stdio_uart.c.obj
 .text.stdio_uart_in_chars
                0x00000000100045b8       0x38 CMakeFiles/picoputer1.dir/tree/downloaded_tools/pico/pico-sdk/src/rp2_common/pico_stdio_uart/stdio_uart.c.obj
                0x00000000100045b8                stdio_uart_in_chars
 .text.stdio_uart_init
                0x00000000100045f0       0x48 CMakeFiles/picoputer1.dir/tree/downloaded_tools/pico/pico-sdk/src/rp2_common/pico_stdio_uart/stdio_uart.c.obj
                0x00000000100045f0                stdio_uart_init
 .text.resetd_init
                0x0000000010004638        0x4 CMakeFiles/picoputer1.dir/tree/downloaded_tools/pico/pico-sdk/src/rp2_common/pico_stdio_usb/reset_interface.c.obj
 .text.resetd_reset
                0x000000001000463c        0xc CMakeFiles/picoputer1.dir/tree/downloaded_tools/pico/pico-sdk/src/rp2_common/pico_stdio_usb/reset_interface.c.obj
 .text.resetd_open
                0x0000000010004648       0x28 CMakeFiles/picoputer1.dir/tree/downloaded_tools/pico/pico-sdk/src/rp2_common/pico_stdio_usb/reset_interface.c.obj
 .text.resetd_xfer_cb
                0x0000000010004670        0x4 CMakeFiles/picoputer1.dir/tree/downloaded_tools/pico/pico-sdk/src/rp2_common/pico_stdio_usb/reset_interface.c.obj
 .text.resetd_control_xfer_cb
                0x0000000010004674       0x64 CMakeFiles/picoputer1.dir/tree/downloaded_tools/pico/pico-sdk/src/rp2_common/pico_stdio_usb/reset_interface.c.obj
 .text.usbd_app_driver_get_cb
                0x00000000100046d8        0xc CMakeFiles/picoputer1.dir/tree/downloaded_tools/pico/pico-sdk/src/rp2_common/pico_stdio_usb/reset_interface.c.obj
                0x00000000100046d8                usbd_app_driver_get_cb
 .text.tud_cdc_line_coding_cb
                0x00000000100046e4       0x34 CMakeFiles/picoputer1.dir/tree/downloaded_tools/pico/pico-sdk/src/rp2_common/pico_stdio_usb/reset_interface.c.obj
                0x00000000100046e4                tud_cdc_line_coding_cb
 .text.stdio_usb_in_chars
                0x0000000010004718       0x68 CMakeFiles/picoputer1.dir/tree/downloaded_tools/pico/pico-sdk/src/rp2_common/pico_stdio_usb/stdio_usb.c.obj
                0x0000000010004718                stdio_usb_in_chars
 .text.stdio_usb_out_chars
                0x0000000010004780       0xec CMakeFiles/picoputer1.dir/tree/downloaded_tools/pico/pico-sdk/src/rp2_common/pico_stdio_usb/stdio_usb.c.obj
 .text.timer_task
                0x000000001000486c       0x10 CMakeFiles/picoputer1.dir/tree/downloaded_tools/pico/pico-sdk/src/rp2_common/pico_stdio_usb/stdio_usb.c.obj
 .text.low_priority_worker_irq
                0x000000001000487c       0x24 CMakeFiles/picoputer1.dir/tree/downloaded_tools/pico/pico-sdk/src/rp2_common/pico_stdio_usb/stdio_usb.c.obj
 .text.stdio_usb_init
                0x00000000100048a0       0x90 CMakeFiles/picoputer1.dir/tree/downloaded_tools/pico/pico-sdk/src/rp2_common/pico_stdio_usb/stdio_usb.c.obj
                0x00000000100048a0                stdio_usb_init
 .text.tud_descriptor_device_cb
                0x0000000010004930        0x8 CMakeFiles/picoputer1.dir/tree/downloaded_tools/pico/pico-sdk/src/rp2_common/pico_stdio_usb/stdio_usb_descriptors.c.obj
                0x0000000010004930                tud_descriptor_device_cb
 .text.tud_descriptor_configuration_cb
                0x0000000010004938        0x8 CMakeFiles/picoputer1.dir/tree/downloaded_tools/pico/pico-sdk/src/rp2_common/pico_stdio_usb/stdio_usb_descriptors.c.obj
                0x0000000010004938                tud_descriptor_configuration_cb
 .text.tud_descriptor_string_cb
                0x0000000010004940       0x70 CMakeFiles/picoputer1.dir/tree/downloaded_tools/pico/pico-sdk/src/rp2_common/pico_stdio_usb/stdio_usb_descriptors.c.obj
                0x0000000010004940                tud_descriptor_string_cb
 .text.dcd_rp2040_irq
                0x00000000100049b0      0x148 CMakeFiles/picoputer1.dir/tree/downloaded_tools/pico/pico-sdk/lib/tinyusb/src/portable/raspberrypi/rp2040/dcd_rp2040.c.obj
 .text.dcd_int_enable
                0x0000000010004af8        0xc CMakeFiles/picoputer1.dir/tree/downloaded_tools/pico/pico-sdk/lib/tinyusb/src/portable/raspberrypi/rp2040/dcd_rp2040.c.obj
                0x0000000010004af8                dcd_int_enable
 .text.dcd_set_address
                0x0000000010004b04       0x28 CMakeFiles/picoputer1.dir/tree/downloaded_tools/pico/pico-sdk/lib/tinyusb/src/portable/raspberrypi/rp2040/dcd_rp2040.c.obj
                0x0000000010004b04                dcd_set_address
 .text.dcd_connect
                0x0000000010004b2c       0x10 CMakeFiles/picoputer1.dir/tree/downloaded_tools/pico/pico-sdk/lib/tinyusb/src/portable/raspberrypi/rp2040/dcd_rp2040.c.obj
                0x0000000010004b2c                dcd_connect
 .text.dcd_init
                0x0000000010004b3c       0xa0 CMakeFiles/picoputer1.dir/tree/downloaded_tools/pico/pico-sdk/lib/tinyusb/src/portable/raspberrypi/rp2040/dcd_rp2040.c.obj
                0x0000000010004b3c                dcd_init
 .text.dcd_edpt0_status_complete
                0x0000000010004bdc       0x30 CMakeFiles/picoputer1.dir/tree/downloaded_tools/pico/pico-sdk/lib/tinyusb/src/portable/raspberrypi/rp2040/dcd_rp2040.c.obj
                0x0000000010004bdc                dcd_edpt0_status_complete
 .text.dcd_edpt_open
                0x0000000010004c0c      0x130 CMakeFiles/picoputer1.dir/tree/downloaded_tools/pico/pico-sdk/lib/tinyusb/src/portable/raspberrypi/rp2040/dcd_rp2040.c.obj
                0x0000000010004c0c                dcd_edpt_open
 .text.dcd_edpt_xfer
                0x0000000010004d3c       0x28 CMakeFiles/picoputer1.dir/tree/downloaded_tools/pico/pico-sdk/lib/tinyusb/src/portable/raspberrypi/rp2040/dcd_rp2040.c.obj
                0x0000000010004d3c                dcd_edpt_xfer
 .text.dcd_edpt_stall
                0x0000000010004d64       0x48 CMakeFiles/picoputer1.dir/tree/downloaded_tools/pico/pico-sdk/lib/tinyusb/src/portable/raspberrypi/rp2040/dcd_rp2040.c.obj
                0x0000000010004d64                dcd_edpt_stall
 .text.dcd_edpt_clear_stall
                0x0000000010004dac       0x48 CMakeFiles/picoputer1.dir/tree/downloaded_tools/pico/pico-sdk/lib/tinyusb/src/portable/raspberrypi/rp2040/dcd_rp2040.c.obj
                0x0000000010004dac                dcd_edpt_clear_stall
 .text._hw_endpoint_buffer_control_update32.part.0
                0x0000000010004df4       0x20 CMakeFiles/picoputer1.dir/tree/downloaded_tools/pico/pico-sdk/lib/tinyusb/src/portable/raspberrypi/rp2040/rp2040_usb.c.obj
 .text.rp2040_usb_init
                0x0000000010004e14       0x50 CMakeFiles/picoputer1.dir/tree/downloaded_tools/pico/pico-sdk/lib/tinyusb/src/portable/raspberrypi/rp2040/rp2040_usb.c.obj
                0x0000000010004e14                rp2040_usb_init
 .text.hw_endpoint_reset_transfer
                0x0000000010004e64        0xc CMakeFiles/picoputer1.dir/tree/downloaded_tools/pico/pico-sdk/lib/tinyusb/src/portable/raspberrypi/rp2040/rp2040_usb.c.obj
                0x0000000010004e64                hw_endpoint_reset_transfer
 .text._hw_endpoint_buffer_control_update32
                0x0000000010004e70       0x40 CMakeFiles/picoputer1.dir/tree/downloaded_tools/pico/pico-sdk/lib/tinyusb/src/portable/raspberrypi/rp2040/rp2040_usb.c.obj
                0x0000000010004e70                _hw_endpoint_buffer_control_update32
 .text._hw_endpoint_xfer_continue
                0x0000000010004eb0      0x104 CMakeFiles/picoputer1.dir/tree/downloaded_tools/pico/pico-sdk/lib/tinyusb/src/portable/raspberrypi/rp2040/rp2040_usb.c.obj
                0x0000000010004eb0                _hw_endpoint_xfer_continue
 .text._hw_endpoint_xfer
                0x0000000010004fb4       0xac CMakeFiles/picoputer1.dir/tree/downloaded_tools/pico/pico-sdk/lib/tinyusb/src/portable/raspberrypi/rp2040/rp2040_usb.c.obj
                0x0000000010004fb4                _hw_endpoint_xfer
 .text.tud_mounted
                0x0000000010005060       0x10 CMakeFiles/picoputer1.dir/tree/downloaded_tools/pico/pico-sdk/lib/tinyusb/src/device/usbd.c.obj
                0x0000000010005060                tud_mounted
 .text.tud_suspended
                0x0000000010005070       0x10 CMakeFiles/picoputer1.dir/tree/downloaded_tools/pico/pico-sdk/lib/tinyusb/src/device/usbd.c.obj
                0x0000000010005070                tud_suspended
 .text.tud_inited
                0x0000000010005080        0xc CMakeFiles/picoputer1.dir/tree/downloaded_tools/pico/pico-sdk/lib/tinyusb/src/device/usbd.c.obj
                0x0000000010005080                tud_inited
 .text.tud_init
                0x000000001000508c       0xd8 CMakeFiles/picoputer1.dir/tree/downloaded_tools/pico/pico-sdk/lib/tinyusb/src/device/usbd.c.obj
                0x000000001000508c                tud_init
 .text.tud_task
                0x0000000010005164      0x7f8 CMakeFiles/picoputer1.dir/tree/downloaded_tools/pico/pico-sdk/lib/tinyusb/src/device/usbd.c.obj
                0x0000000010005164                tud_task
 .text.dcd_event_bus_signal
                0x000000001000595c       0xe8 CMakeFiles/picoputer1.dir/tree/downloaded_tools/pico/pico-sdk/lib/tinyusb/src/device/usbd.c.obj
                0x000000001000595c                dcd_event_bus_signal
 .text.dcd_event_bus_reset
                0x0000000010005a44       0x54 CMakeFiles/picoputer1.dir/tree/downloaded_tools/pico/pico-sdk/lib/tinyusb/src/device/usbd.c.obj
                0x0000000010005a44                dcd_event_bus_reset
 .text.dcd_event_setup_received
                0x0000000010005a98       0x50 CMakeFiles/picoputer1.dir/tree/downloaded_tools/pico/pico-sdk/lib/tinyusb/src/device/usbd.c.obj
                0x0000000010005a98                dcd_event_setup_received
 .text.dcd_event_xfer_complete
                0x0000000010005ae8       0x68 CMakeFiles/picoputer1.dir/tree/downloaded_tools/pico/pico-sdk/lib/tinyusb/src/device/usbd.c.obj
                0x0000000010005ae8                dcd_event_xfer_complete
 .text.usbd_open_edpt_pair
                0x0000000010005b50       0xe4 CMakeFiles/picoputer1.dir/tree/downloaded_tools/pico/pico-sdk/lib/tinyusb/src/device/usbd.c.obj
                0x0000000010005b50                usbd_open_edpt_pair
 .text.usbd_edpt_open
                0x0000000010005c34       0xa8 CMakeFiles/picoputer1.dir/tree/downloaded_tools/pico/pico-sdk/lib/tinyusb/src/device/usbd.c.obj
                0x0000000010005c34                usbd_edpt_open
 .text.usbd_edpt_claim
                0x0000000010005cdc       0x64 CMakeFiles/picoputer1.dir/tree/downloaded_tools/pico/pico-sdk/lib/tinyusb/src/device/usbd.c.obj
                0x0000000010005cdc                usbd_edpt_claim
 .text.usbd_edpt_release
                0x0000000010005d40       0x4c CMakeFiles/picoputer1.dir/tree/downloaded_tools/pico/pico-sdk/lib/tinyusb/src/device/usbd.c.obj
                0x0000000010005d40                usbd_edpt_release
 .text.usbd_edpt_xfer
                0x0000000010005d8c       0x48 CMakeFiles/picoputer1.dir/tree/downloaded_tools/pico/pico-sdk/lib/tinyusb/src/device/usbd.c.obj
                0x0000000010005d8c                usbd_edpt_xfer
 .text.tud_control_status
                0x0000000010005dd4       0x30 CMakeFiles/picoputer1.dir/tree/downloaded_tools/pico/pico-sdk/lib/tinyusb/src/device/usbd_control.c.obj
                0x0000000010005dd4                tud_control_status
 .text.tud_control_xfer
                0x0000000010005e04       0xb8 CMakeFiles/picoputer1.dir/tree/downloaded_tools/pico/pico-sdk/lib/tinyusb/src/device/usbd_control.c.obj
                0x0000000010005e04                tud_control_xfer
 .text.usbd_control_reset
                0x0000000010005ebc       0x14 CMakeFiles/picoputer1.dir/tree/downloaded_tools/pico/pico-sdk/lib/tinyusb/src/device/usbd_control.c.obj
                0x0000000010005ebc                usbd_control_reset
 .text.usbd_control_set_complete_callback
                0x0000000010005ed0        0xc CMakeFiles/picoputer1.dir/tree/downloaded_tools/pico/pico-sdk/lib/tinyusb/src/device/usbd_control.c.obj
                0x0000000010005ed0                usbd_control_set_complete_callback
 .text.usbd_control_set_request
                0x0000000010005edc       0x1c CMakeFiles/picoputer1.dir/tree/downloaded_tools/pico/pico-sdk/lib/tinyusb/src/device/usbd_control.c.obj
                0x0000000010005edc                usbd_control_set_request
 .text.usbd_control_xfer_cb
                0x0000000010005ef8       0xf8 CMakeFiles/picoputer1.dir/tree/downloaded_tools/pico/pico-sdk/lib/tinyusb/src/device/usbd_control.c.obj
                0x0000000010005ef8                usbd_control_xfer_cb
 .text.tud_cdc_n_connected
                0x0000000010005ff0       0x30 CMakeFiles/picoputer1.dir/tree/downloaded_tools/pico/pico-sdk/lib/tinyusb/src/class/cdc/cdc_device.c.obj
                0x0000000010005ff0                tud_cdc_n_connected
 .text.tud_cdc_n_available
                0x0000000010006020       0x18 CMakeFiles/picoputer1.dir/tree/downloaded_tools/pico/pico-sdk/lib/tinyusb/src/class/cdc/cdc_device.c.obj
                0x0000000010006020                tud_cdc_n_available
 .text.tud_cdc_n_read
                0x0000000010006038       0x70 CMakeFiles/picoputer1.dir/tree/downloaded_tools/pico/pico-sdk/lib/tinyusb/src/class/cdc/cdc_device.c.obj
                0x0000000010006038                tud_cdc_n_read
 .text.tud_cdc_n_write_flush
                0x00000000100060a8       0x78 CMakeFiles/picoputer1.dir/tree/downloaded_tools/pico/pico-sdk/lib/tinyusb/src/class/cdc/cdc_device.c.obj
                0x00000000100060a8                tud_cdc_n_write_flush
 .text.tud_cdc_n_write
                0x0000000010006120       0x34 CMakeFiles/picoputer1.dir/tree/downloaded_tools/pico/pico-sdk/lib/tinyusb/src/class/cdc/cdc_device.c.obj
                0x0000000010006120                tud_cdc_n_write
 .text.tud_cdc_n_write_available
                0x0000000010006154       0x18 CMakeFiles/picoputer1.dir/tree/downloaded_tools/pico/pico-sdk/lib/tinyusb/src/class/cdc/cdc_device.c.obj
                0x0000000010006154                tud_cdc_n_write_available
 .text.cdcd_init
                0x000000001000616c       0x7c CMakeFiles/picoputer1.dir/tree/downloaded_tools/pico/pico-sdk/lib/tinyusb/src/class/cdc/cdc_device.c.obj
                0x000000001000616c                cdcd_init
 .text.cdcd_reset
                0x00000000100061e8       0x2c CMakeFiles/picoputer1.dir/tree/downloaded_tools/pico/pico-sdk/lib/tinyusb/src/class/cdc/cdc_device.c.obj
                0x00000000100061e8                cdcd_reset
 .text.cdcd_open
                0x0000000010006214       0xec CMakeFiles/picoputer1.dir/tree/downloaded_tools/pico/pico-sdk/lib/tinyusb/src/class/cdc/cdc_device.c.obj
                0x0000000010006214                cdcd_open
 .text.cdcd_control_xfer_cb
                0x0000000010006300       0xe0 CMakeFiles/picoputer1.dir/tree/downloaded_tools/pico/pico-sdk/lib/tinyusb/src/class/cdc/cdc_device.c.obj
                0x0000000010006300                cdcd_control_xfer_cb
 .text.cdcd_xfer_cb
                0x00000000100063e0      0x198 CMakeFiles/picoputer1.dir/tree/downloaded_tools/pico/pico-sdk/lib/tinyusb/src/class/cdc/cdc_device.c.obj
                0x00000000100063e0                cdcd_xfer_cb
 .text.tusb_init
                0x0000000010006578        0xc CMakeFiles/picoputer1.dir/tree/downloaded_tools/pico/pico-sdk/lib/tinyusb/src/tusb.c.obj
                0x0000000010006578                tusb_init
 .text.tusb_inited
                0x0000000010006584        0x8 CMakeFiles/picoputer1.dir/tree/downloaded_tools/pico/pico-sdk/lib/tinyusb/src/tusb.c.obj
                0x0000000010006584                tusb_inited
 .text.tu_fifo_config
                0x000000001000658c       0x78 CMakeFiles/picoputer1.dir/tree/downloaded_tools/pico/pico-sdk/lib/tinyusb/src/common/tusb_fifo.c.obj
                0x000000001000658c                tu_fifo_config
 .text.tu_fifo_count
                0x0000000010006604       0x20 CMakeFiles/picoputer1.dir/tree/downloaded_tools/pico/pico-sdk/lib/tinyusb/src/common/tusb_fifo.c.obj
                0x0000000010006604                tu_fifo_count
 .text.tu_fifo_empty
                0x0000000010006624       0x10 CMakeFiles/picoputer1.dir/tree/downloaded_tools/pico/pico-sdk/lib/tinyusb/src/common/tusb_fifo.c.obj
                0x0000000010006624                tu_fifo_empty
 .text.tu_fifo_remaining
                0x0000000010006634       0x1c CMakeFiles/picoputer1.dir/tree/downloaded_tools/pico/pico-sdk/lib/tinyusb/src/common/tusb_fifo.c.obj
                0x0000000010006634                tu_fifo_remaining
 .text.tu_fifo_read
                0x0000000010006650       0x9c CMakeFiles/picoputer1.dir/tree/downloaded_tools/pico/pico-sdk/lib/tinyusb/src/common/tusb_fifo.c.obj
                0x0000000010006650                tu_fifo_read
 .text.tu_fifo_read_n
                0x00000000100066ec       0xfc CMakeFiles/picoputer1.dir/tree/downloaded_tools/pico/pico-sdk/lib/tinyusb/src/common/tusb_fifo.c.obj
                0x00000000100066ec                tu_fifo_read_n
 .text.tu_fifo_write
                0x00000000100067e8       0x78 CMakeFiles/picoputer1.dir/tree/downloaded_tools/pico/pico-sdk/lib/tinyusb/src/common/tusb_fifo.c.obj
                0x00000000100067e8                tu_fifo_write
 .text.tu_fifo_write_n
                0x0000000010006860      0x118 CMakeFiles/picoputer1.dir/tree/downloaded_tools/pico/pico-sdk/lib/tinyusb/src/common/tusb_fifo.c.obj
                0x0000000010006860                tu_fifo_write_n
 .text.tu_fifo_clear
                0x0000000010006978       0x4c CMakeFiles/picoputer1.dir/tree/downloaded_tools/pico/pico-sdk/lib/tinyusb/src/common/tusb_fifo.c.obj
                0x0000000010006978                tu_fifo_clear
 .text.tu_fifo_set_overwritable
                0x00000000100069c4       0x3c CMakeFiles/picoputer1.dir/tree/downloaded_tools/pico/pico-sdk/lib/tinyusb/src/common/tusb_fifo.c.obj
                0x00000000100069c4                tu_fifo_set_overwritable
 .text.startup._retrieve_unique_id_on_boot
                0x0000000010006a00       0x10 CMakeFiles/picoputer1.dir/tree/downloaded_tools/pico/pico-sdk/src/rp2_common/pico_unique_id/unique_id.c.obj
 .text.pico_get_unique_board_id_string
                0x0000000010006a10      0x1bc CMakeFiles/picoputer1.dir/tree/downloaded_tools/pico/pico-sdk/src/rp2_common/pico_unique_id/unique_id.c.obj
                0x0000000010006a10                pico_get_unique_board_id_string
 .text.flash_get_unique_id
                0x0000000010006bcc       0x40 CMakeFiles/picoputer1.dir/tree/downloaded_tools/pico/pico-sdk/src/rp2_common/hardware_flash/flash.c.obj
                0x0000000010006bcc                flash_get_unique_id
 .text          0x0000000010006c0c       0x68 /usr/lib/gcc/arm-none-eabi/9.2.1/../../../arm-none-eabi/lib/thumb/v6-m/nofp/libc.a(lib_a-strlen-stub.o)
                0x0000000010006c0c                strlen
 *(.fini)
 .fini          0x0000000010006c74        0x4 /usr/lib/gcc/arm-none-eabi/9.2.1/thumb/v6-m/nofp/crti.o
                0x0000000010006c74                _fini
 .fini.__stub   0x0000000010006c78       0x70 linker stubs
 *crtbegin.o(.ctors)
 *crtbegin?.o(.ctors)
 *(EXCLUDE_FILE(*crtend.o *crtend?.o) .ctors)
 *(SORT_BY_NAME(.ctors.*))
 *(.ctors)
 *crtbegin.o(.dtors)
 *crtbegin?.o(.dtors)
 *(EXCLUDE_FILE(*crtend.o *crtend?.o) .dtors)
 *(SORT_BY_NAME(.dtors.*))
 *(.dtors)
 *(.eh_frame*)
 .eh_frame      0x0000000010006ce8        0x0 /usr/lib/gcc/arm-none-eabi/9.2.1/thumb/v6-m/nofp/crtbegin.o
                0x0000000010006ce8                . = ALIGN (0x4)

.glue_7         0x0000000010006ce8        0x0
 .glue_7        0x0000000010006ce8        0x0 linker stubs

.glue_7t        0x0000000010006ce8        0x0
 .glue_7t       0x0000000010006ce8        0x0 linker stubs

.vfp11_veneer   0x0000000010006ce8        0x0
 .vfp11_veneer  0x0000000010006ce8        0x0 linker stubs

.v4_bx          0x0000000010006ce8        0x0
 .v4_bx         0x0000000010006ce8        0x0 linker stubs

.iplt           0x0000000010006ce8        0x0
 .iplt          0x0000000010006ce8        0x0 /usr/lib/gcc/arm-none-eabi/9.2.1/thumb/v6-m/nofp/crtbegin.o

.rodata         0x0000000010006ce8      0x5dc
 *(EXCLUDE_FILE(*libm.a: *libc.a:*lib_a-mem*.o *libgcc.a:) .rodata*)
 .rodata.main.str1.4
                0x0000000010006ce8       0x13 CMakeFiles/picoputer1.dir/picoputer1.c.obj
 *fill*         0x0000000010006cfb        0x1 
 .rodata.str1.4
                0x0000000010006cfc       0x25 CMakeFiles/picoputer1.dir/picoputer1.c.obj
 *fill*         0x0000000010006d21        0x3 
 .rodata.__bi_13.5989
                0x0000000010006d24        0xc CMakeFiles/picoputer1.dir/picoputer1.c.obj
 .rodata.__bi_14.5992
                0x0000000010006d30        0xc CMakeFiles/picoputer1.dir/picoputer1.c.obj
 .rodata.spin_lock_claim_unused.str1.4
                0x0000000010006d3c       0x1b CMakeFiles/picoputer1.dir/tree/downloaded_tools/pico/pico-sdk/src/rp2_common/hardware_sync/sync.c.obj
 *fill*         0x0000000010006d57        0x1 
 .rodata.hardware_alarm_claim.str1.4
                0x0000000010006d58       0x22 CMakeFiles/picoputer1.dir/tree/downloaded_tools/pico/pico-sdk/src/rp2_common/hardware_timer/timer.c.obj
 *fill*         0x0000000010006d7a        0x2 
 .rodata.panic.str1.4
                0x0000000010006d7c       0x12 CMakeFiles/picoputer1.dir/tree/downloaded_tools/pico/pico-sdk/src/rp2_common/pico_runtime/runtime.c.obj
 *fill*         0x0000000010006d8e        0x2 
 .rodata.hard_assertion_failure.str1.4
                0x0000000010006d90        0xc CMakeFiles/picoputer1.dir/tree/downloaded_tools/pico/pico-sdk/src/rp2_common/pico_runtime/runtime.c.obj
 .rodata._ftoa.str1.4
                0x0000000010006d9c       0x15 CMakeFiles/picoputer1.dir/tree/downloaded_tools/pico/pico-sdk/src/rp2_common/pico_printf/printf.c.obj
 *fill*         0x0000000010006db1        0x3 
 .rodata._vsnprintf
                0x0000000010006db4      0x1e0 CMakeFiles/picoputer1.dir/tree/downloaded_tools/pico/pico-sdk/src/rp2_common/pico_printf/printf.c.obj
 *fill*         0x0000000010006f94        0x4 
 .rodata.pow10.5435
                0x0000000010006f98       0x50 CMakeFiles/picoputer1.dir/tree/downloaded_tools/pico/pico-sdk/src/rp2_common/pico_printf/printf.c.obj
 .rodata.str1.4
                0x0000000010006fe8       0x40 CMakeFiles/picoputer1.dir/tree/downloaded_tools/pico/pico-sdk/src/rp2_common/pico_standard_link/binary_info.c.obj
 .rodata.__bi_44
                0x0000000010007028        0xc CMakeFiles/picoputer1.dir/tree/downloaded_tools/pico/pico-sdk/src/rp2_common/pico_standard_link/binary_info.c.obj
 .rodata.__bi_75
                0x0000000010007034        0xc CMakeFiles/picoputer1.dir/tree/downloaded_tools/pico/pico-sdk/src/rp2_common/pico_standard_link/binary_info.c.obj
 .rodata.__bi_81
                0x0000000010007040        0xc CMakeFiles/picoputer1.dir/tree/downloaded_tools/pico/pico-sdk/src/rp2_common/pico_standard_link/binary_info.c.obj
 .rodata.crlf_str.6014
                0x000000001000704c        0x2 CMakeFiles/picoputer1.dir/tree/downloaded_tools/pico/pico-sdk/src/rp2_common/pico_stdio/stdio.c.obj
 *fill*         0x000000001000704e        0x2 
 .rodata.str1.4
                0x0000000010007050       0x2c CMakeFiles/picoputer1.dir/tree/downloaded_tools/pico/pico-sdk/src/rp2_common/pico_stdio_uart/stdio_uart.c.obj
 .rodata.__bi_28.4738
                0x000000001000707c        0xc CMakeFiles/picoputer1.dir/tree/downloaded_tools/pico/pico-sdk/src/rp2_common/pico_stdio_uart/stdio_uart.c.obj
 .rodata.__bi_29.4742
                0x0000000010007088        0x8 CMakeFiles/picoputer1.dir/tree/downloaded_tools/pico/pico-sdk/src/rp2_common/pico_stdio_uart/stdio_uart.c.obj
 .rodata._resetd_driver
                0x0000000010007090       0x18 CMakeFiles/picoputer1.dir/tree/downloaded_tools/pico/pico-sdk/src/rp2_common/pico_stdio_usb/reset_interface.c.obj
 .rodata.str1.4
                0x00000000100070a8       0x13 CMakeFiles/picoputer1.dir/tree/downloaded_tools/pico/pico-sdk/src/rp2_common/pico_stdio_usb/stdio_usb.c.obj
 *fill*         0x00000000100070bb        0x1 
 .rodata.__bi_93.7123
                0x00000000100070bc        0xc CMakeFiles/picoputer1.dir/tree/downloaded_tools/pico/pico-sdk/src/rp2_common/pico_stdio_usb/stdio_usb.c.obj
 .rodata.str1.4
                0x00000000100070c8       0x2a CMakeFiles/picoputer1.dir/tree/downloaded_tools/pico/pico-sdk/src/rp2_common/pico_stdio_usb/stdio_usb_descriptors.c.obj
 *fill*         0x00000000100070f2        0x2 
 .rodata.usbd_desc_cfg
                0x00000000100070f4       0x54 CMakeFiles/picoputer1.dir/tree/downloaded_tools/pico/pico-sdk/src/rp2_common/pico_stdio_usb/stdio_usb_descriptors.c.obj
 .rodata.usbd_desc_device
                0x0000000010007148       0x12 CMakeFiles/picoputer1.dir/tree/downloaded_tools/pico/pico-sdk/src/rp2_common/pico_stdio_usb/stdio_usb_descriptors.c.obj
 *fill*         0x000000001000715a        0x2 
 .rodata.usbd_desc_str
                0x000000001000715c       0x18 CMakeFiles/picoputer1.dir/tree/downloaded_tools/pico/pico-sdk/src/rp2_common/pico_stdio_usb/stdio_usb_descriptors.c.obj
 .rodata.dcd_rp2040_irq.str1.4
                0x0000000010007174       0x14 CMakeFiles/picoputer1.dir/tree/downloaded_tools/pico/pico-sdk/lib/tinyusb/src/portable/raspberrypi/rp2040/dcd_rp2040.c.obj
 .rodata.dcd_edpt_open.str1.4
                0x0000000010007188       0x28 CMakeFiles/picoputer1.dir/tree/downloaded_tools/pico/pico-sdk/lib/tinyusb/src/portable/raspberrypi/rp2040/dcd_rp2040.c.obj
 .rodata._hw_endpoint_buffer_control_update32.part.0.str1.4
                0x00000000100071b0       0x1f CMakeFiles/picoputer1.dir/tree/downloaded_tools/pico/pico-sdk/lib/tinyusb/src/portable/raspberrypi/rp2040/rp2040_usb.c.obj
 *fill*         0x00000000100071cf        0x1 
 .rodata._hw_endpoint_xfer_continue.str1.4
                0x00000000100071d0       0x50 CMakeFiles/picoputer1.dir/tree/downloaded_tools/pico/pico-sdk/lib/tinyusb/src/portable/raspberrypi/rp2040/rp2040_usb.c.obj
 .rodata.str1.4
                0x0000000010007220       0x50 CMakeFiles/picoputer1.dir/tree/downloaded_tools/pico/pico-sdk/lib/tinyusb/src/portable/raspberrypi/rp2040/rp2040_usb.c.obj
                                          0x7 (size before relaxing)
 .rodata.tud_task
                0x0000000010007220       0x8c CMakeFiles/picoputer1.dir/tree/downloaded_tools/pico/pico-sdk/lib/tinyusb/src/device/usbd.c.obj
 .rodata._usbd_driver
                0x00000000100072ac       0x18 CMakeFiles/picoputer1.dir/tree/downloaded_tools/pico/pico-sdk/lib/tinyusb/src/device/usbd.c.obj
                0x00000000100072c4                . = ALIGN (0x4)
 *(SORT_BY_ALIGNMENT(SORT_BY_NAME(.flashdata*)))
                0x00000000100072c4                . = ALIGN (0x4)

.rel.dyn        0x00000000100072c4        0x0
 .rel.iplt      0x00000000100072c4        0x0 /usr/lib/gcc/arm-none-eabi/9.2.1/thumb/v6-m/nofp/crtbegin.o

.ARM.extab
 *(.ARM.extab* .gnu.linkonce.armextab.*)
                0x00000000100072c4                __exidx_start = .

.ARM.exidx
 *(.ARM.exidx* .gnu.linkonce.armexidx.*)
                0x00000000100072c4                __exidx_end = .
                0x00000000100072c4                . = ALIGN (0x4)
                0x00000000100072c4                __binary_info_start = .

.binary_info    0x00000000100072c4       0x30
 *(.binary_info.keep.*)
 .binary_info.keep.__bi_ptr13
                0x00000000100072c4        0x4 CMakeFiles/picoputer1.dir/picoputer1.c.obj
 .binary_info.keep.__bi_ptr14
                0x00000000100072c8        0x4 CMakeFiles/picoputer1.dir/picoputer1.c.obj
 .binary_info.keep.__bi_ptr22
                0x00000000100072cc        0x4 CMakeFiles/picoputer1.dir/tree/downloaded_tools/pico/pico-sdk/src/rp2_common/pico_standard_link/binary_info.c.obj
 .binary_info.keep.__bi_ptr30
                0x00000000100072d0        0x4 CMakeFiles/picoputer1.dir/tree/downloaded_tools/pico/pico-sdk/src/rp2_common/pico_standard_link/binary_info.c.obj
 .binary_info.keep.__bi_ptr38
                0x00000000100072d4        0x4 CMakeFiles/picoputer1.dir/tree/downloaded_tools/pico/pico-sdk/src/rp2_common/pico_standard_link/binary_info.c.obj
 .binary_info.keep.__bi_ptr44
                0x00000000100072d8        0x4 CMakeFiles/picoputer1.dir/tree/downloaded_tools/pico/pico-sdk/src/rp2_common/pico_standard_link/binary_info.c.obj
 .binary_info.keep.__bi_ptr50
                0x00000000100072dc        0x4 CMakeFiles/picoputer1.dir/tree/downloaded_tools/pico/pico-sdk/src/rp2_common/pico_standard_link/binary_info.c.obj
 .binary_info.keep.__bi_ptr75
                0x00000000100072e0        0x4 CMakeFiles/picoputer1.dir/tree/downloaded_tools/pico/pico-sdk/src/rp2_common/pico_standard_link/binary_info.c.obj
 .binary_info.keep.__bi_ptr81
                0x00000000100072e4        0x4 CMakeFiles/picoputer1.dir/tree/downloaded_tools/pico/pico-sdk/src/rp2_common/pico_standard_link/binary_info.c.obj
 *(.binary_info.*)
 .binary_info.__bi_ptr28
                0x00000000100072e8        0x4 CMakeFiles/picoputer1.dir/tree/downloaded_tools/pico/pico-sdk/src/rp2_common/pico_stdio_uart/stdio_uart.c.obj
 .binary_info.__bi_ptr29
                0x00000000100072ec        0x4 CMakeFiles/picoputer1.dir/tree/downloaded_tools/pico/pico-sdk/src/rp2_common/pico_stdio_uart/stdio_uart.c.obj
 .binary_info.__bi_ptr93
                0x00000000100072f0        0x4 CMakeFiles/picoputer1.dir/tree/downloaded_tools/pico/pico-sdk/src/rp2_common/pico_stdio_usb/stdio_usb.c.obj
                0x00000000100072f4                __binary_info_end = .
                0x00000000100072f4                . = ALIGN (0x4)
                0x00000000100072f4                __etext = .

.ram_vector_table
                0x0000000020000000       0xc0
 *(.ram_vector_table)
 .ram_vector_table
                0x0000000020000000       0xc0 CMakeFiles/picoputer1.dir/tree/downloaded_tools/pico/pico-sdk/src/rp2_common/pico_runtime/runtime.c.obj
                0x0000000020000000                ram_vector_table

.data           0x00000000200000c0      0x444 load address 0x00000000100072f4
                0x00000000200000c0                __data_start__ = .
 *(vtable)
 *(.time_critical*)
 .time_critical.mutex_enter_blocking
                0x00000000200000c0       0x60 CMakeFiles/picoputer1.dir/tree/downloaded_tools/pico/pico-sdk/src/common/pico_sync/mutex.c.obj
                0x00000000200000c0                mutex_enter_blocking
 .time_critical.mutex_try_enter
                0x0000000020000120       0x5c CMakeFiles/picoputer1.dir/tree/downloaded_tools/pico/pico-sdk/src/common/pico_sync/mutex.c.obj
                0x0000000020000120                mutex_try_enter
 .time_critical.mutex_enter_timeout_ms
                0x000000002000017c       0xb0 CMakeFiles/picoputer1.dir/tree/downloaded_tools/pico/pico-sdk/src/common/pico_sync/mutex.c.obj
                0x000000002000017c                mutex_enter_timeout_ms
 .time_critical.mutex_exit
                0x000000002000022c       0x5c CMakeFiles/picoputer1.dir/tree/downloaded_tools/pico/pico-sdk/src/common/pico_sync/mutex.c.obj
                0x000000002000022c                mutex_exit
 .time_critical.flash_init_boot2_copyout
                0x0000000020000288       0x30 CMakeFiles/picoputer1.dir/tree/downloaded_tools/pico/pico-sdk/src/rp2_common/hardware_flash/flash.c.obj
 .time_critical.flash_enable_xip_via_boot2
                0x00000000200002b8       0x10 CMakeFiles/picoputer1.dir/tree/downloaded_tools/pico/pico-sdk/src/rp2_common/hardware_flash/flash.c.obj
 .time_critical.flash_cs_force
                0x00000000200002c8       0x38 CMakeFiles/picoputer1.dir/tree/downloaded_tools/pico/pico-sdk/src/rp2_common/hardware_flash/flash.c.obj
 .time_critical.flash_do_cmd
                0x0000000020000300       0xa8 CMakeFiles/picoputer1.dir/tree/downloaded_tools/pico/pico-sdk/src/rp2_common/hardware_flash/flash.c.obj
                0x0000000020000300                flash_do_cmd
 *(.text*)
 .text          0x00000000200003a8        0x4 /usr/lib/gcc/arm-none-eabi/9.2.1/thumb/v6-m/nofp/libgcc.a(_dvmd_tls.o)
                0x00000000200003a8                __aeabi_ldiv0
                0x00000000200003a8                __aeabi_idiv0
 *fill*         0x00000000200003ac        0x4 
 .text.__stub   0x00000000200003b0       0x40 linker stubs
                0x00000000200003f0                . = ALIGN (0x4)
 *(.rodata*)
                0x00000000200003f0                . = ALIGN (0x4)
 *(.data*)
 .data.striped_spin_lock_num
                0x00000000200003f0        0x1 CMakeFiles/picoputer1.dir/tree/downloaded_tools/pico/pico-sdk/src/rp2_common/hardware_sync/sync.c.obj
 *fill*         0x00000000200003f1        0x3 
 .data.default_alarm_pool
                0x00000000200003f4       0x18 CMakeFiles/picoputer1.dir/tree/downloaded_tools/pico/pico-sdk/src/common/pico_time/time.c.obj
 .data.default_alarm_pool_heap
                0x000000002000040c       0x10 CMakeFiles/picoputer1.dir/tree/downloaded_tools/pico/pico-sdk/src/common/pico_time/time.c.obj
 .data          0x000000002000041c       0x48 CMakeFiles/picoputer1.dir/tree/downloaded_tools/pico/pico-sdk/src/rp2_common/hardware_irq/irq_handler_chain.S.obj
                0x000000002000041c                irq_handler_chain_slots
                0x000000002000044c                irq_handler_chain_first_slot
                0x0000000020000456                irq_handler_chain_remove_tail
 *fill*         0x0000000020000464        0xc 
 .data.aeabi_bits_funcs
                0x0000000020000470       0x10 CMakeFiles/picoputer1.dir/tree/downloaded_tools/pico/pico-sdk/src/rp2_common/pico_bit_ops/bit_ops_aeabi.S.obj
                0x0000000020000470                aeabi_bits_funcs
                0x0000000020000480                aeabi_bits_funcs_end
 .data.aeabi_mem_funcs
                0x0000000020000480       0x10 CMakeFiles/picoputer1.dir/tree/downloaded_tools/pico/pico-sdk/src/rp2_common/pico_mem_ops/mem_ops_aeabi.S.obj
                0x0000000020000480                aeabi_mem_funcs
                0x0000000020000490                aeabi_mem_funcs_end
 .data.stdio_uart
                0x0000000020000490       0x14 CMakeFiles/picoputer1.dir/tree/downloaded_tools/pico/pico-sdk/src/rp2_common/pico_stdio_uart/stdio_uart.c.obj
                0x0000000020000490                stdio_uart
 .data.stdio_usb
                0x00000000200004a4       0x14 CMakeFiles/picoputer1.dir/tree/downloaded_tools/pico/pico-sdk/src/rp2_common/pico_stdio_usb/stdio_usb.c.obj
                0x00000000200004a4                stdio_usb
 .data.ep_dir_string
                0x00000000200004b8        0x8 CMakeFiles/picoputer1.dir/tree/downloaded_tools/pico/pico-sdk/lib/tinyusb/src/portable/raspberrypi/rp2040/rp2040_usb.c.obj
                0x00000000200004b8                ep_dir_string
 .data._usbd_qdef
                0x00000000200004c0       0x24 CMakeFiles/picoputer1.dir/tree/downloaded_tools/pico/pico-sdk/lib/tinyusb/src/device/usbd.c.obj
                0x00000000200004c0                _usbd_qdef
                0x00000000200004e4                . = ALIGN (0x4)
 *(.after_data.*)
                0x00000000200004e4                . = ALIGN (0x4)
                0x00000000200004e4                PROVIDE (__mutex_array_start = .)
 *(SORT_BY_NAME(.mutex_array.*))
 *(.mutex_array)
 .mutex_array   0x00000000200004e4        0x8 CMakeFiles/picoputer1.dir/tree/downloaded_tools/pico/pico-sdk/src/rp2_common/pico_stdio/stdio.c.obj
                0x00000000200004ec                PROVIDE (__mutex_array_end = .)
                0x00000000200004ec                . = ALIGN (0x4)
                0x00000000200004ec                PROVIDE (__preinit_array_start = .)
 *(SORT_BY_NAME(.preinit_array.*))
 .preinit_array.00001
                0x00000000200004ec        0x4 CMakeFiles/picoputer1.dir/tree/downloaded_tools/pico/pico-sdk/src/rp2_common/pico_mem_ops/mem_ops_aeabi.S.obj
 .preinit_array.00010
                0x00000000200004f0        0x4 CMakeFiles/picoputer1.dir/tree/downloaded_tools/pico/pico-sdk/src/rp2_common/pico_bit_ops/bit_ops_aeabi.S.obj
 .preinit_array.00020
                0x00000000200004f4        0x4 CMakeFiles/picoputer1.dir/tree/downloaded_tools/pico/pico-sdk/src/rp2_common/pico_double/double_aeabi.S.obj
 .preinit_array.00020
                0x00000000200004f8        0x4 CMakeFiles/picoputer1.dir/tree/downloaded_tools/pico/pico-sdk/src/rp2_common/pico_float/float_aeabi.S.obj
 *(.preinit_array)
                0x00000000200004fc                PROVIDE (__preinit_array_end = .)
                0x00000000200004fc                . = ALIGN (0x4)
                0x00000000200004fc                PROVIDE (__init_array_start = .)
 *(SORT_BY_NAME(.init_array.*))
 *(.init_array)
 .init_array    0x00000000200004fc        0x4 /usr/lib/gcc/arm-none-eabi/9.2.1/thumb/v6-m/nofp/crtbegin.o
 .init_array    0x0000000020000500        0x4 CMakeFiles/picoputer1.dir/tree/downloaded_tools/pico/pico-sdk/src/rp2_common/pico_unique_id/unique_id.c.obj
                0x0000000020000504                PROVIDE (__init_array_end = .)
                0x0000000020000504                . = ALIGN (0x4)
                0x0000000020000504                PROVIDE (__fini_array_start = .)
 *(SORT_BY_NAME(.fini_array.*))
 *(.fini_array)
                0x0000000020000504                PROVIDE (__fini_array_end = .)
 *(.jcr)
                0x0000000020000504                . = ALIGN (0x4)
                0x0000000020000504                __data_end__ = .

.tm_clone_table
                0x0000000020000504        0x0 load address 0x0000000010007738
 .tm_clone_table
                0x0000000020000504        0x0 /usr/lib/gcc/arm-none-eabi/9.2.1/thumb/v6-m/nofp/crtbegin.o
 .tm_clone_table
                0x0000000020000504        0x0 /usr/lib/gcc/arm-none-eabi/9.2.1/thumb/v6-m/nofp/crtend.o

.igot.plt       0x0000000020000504        0x0 load address 0x0000000010007738
 .igot.plt      0x0000000020000504        0x0 /usr/lib/gcc/arm-none-eabi/9.2.1/thumb/v6-m/nofp/crtbegin.o

.uninitialized_data
                0x0000000020000504        0x0 load address 0x0000000010007738
                0x0000000020000504                . = ALIGN (0x4)
 *(.uninitialized_data*)

.scratch_x      0x0000000020040000        0x0 load address 0x0000000010007738
                0x0000000020040000                __scratch_x_start__ = .
 *(.scratch_x.*)
                0x0000000020040000                . = ALIGN (0x4)
                0x0000000020040000                __scratch_x_end__ = .
                0x0000000010007738                __scratch_x_source__ = LOADADDR (.scratch_x)

.scratch_y      0x0000000020041000        0x0 load address 0x0000000010007738
                0x0000000020041000                __scratch_y_start__ = .
 *(.scratch_y.*)
                0x0000000020041000                . = ALIGN (0x4)
                0x0000000020041000                __scratch_y_end__ = .
                0x0000000010007738                __scratch_y_source__ = LOADADDR (.scratch_y)

.bss            0x0000000020000508      0xd6c
                0x0000000020000508                . = ALIGN (0x4)
                0x0000000020000508                __bss_start__ = .
 *(SORT_BY_ALIGNMENT(SORT_BY_NAME(.bss*)))
 .bss.default_alarm_pool_entries
                0x0000000020000508      0x100 CMakeFiles/picoputer1.dir/tree/downloaded_tools/pico/pico-sdk/src/common/pico_time/time.c.obj
 .bss.last_avail_time.7102
                0x0000000020000608        0x8 CMakeFiles/picoputer1.dir/tree/downloaded_tools/pico/pico-sdk/src/rp2_common/pico_stdio_usb/stdio_usb.c.obj
 .bss           0x0000000020000610       0x1c /usr/lib/gcc/arm-none-eabi/9.2.1/thumb/v6-m/nofp/crtbegin.o
 .bss._app_driver
                0x000000002000062c        0x4 CMakeFiles/picoputer1.dir/tree/downloaded_tools/pico/pico-sdk/lib/tinyusb/src/device/usbd.c.obj
 .bss._cdcd_itf
                0x0000000020000630      0x2d8 CMakeFiles/picoputer1.dir/tree/downloaded_tools/pico/pico-sdk/lib/tinyusb/src/class/cdc/cdc_device.c.obj
 .bss._ctrl_xfer
                0x0000000020000908       0x14 CMakeFiles/picoputer1.dir/tree/downloaded_tools/pico/pico-sdk/lib/tinyusb/src/device/usbd_control.c.obj
 .bss._ubsd_mutexdef
                0x000000002000091c        0x8 CMakeFiles/picoputer1.dir/tree/downloaded_tools/pico/pico-sdk/lib/tinyusb/src/device/usbd.c.obj
 .bss._usbd_ctrl_buf
                0x0000000020000924       0x40 CMakeFiles/picoputer1.dir/tree/downloaded_tools/pico/pico-sdk/lib/tinyusb/src/device/usbd_control.c.obj
 .bss._usbd_dev
                0x0000000020000964       0x37 CMakeFiles/picoputer1.dir/tree/downloaded_tools/pico/pico-sdk/lib/tinyusb/src/device/usbd.c.obj
 *fill*         0x000000002000099b        0x1 
 .bss._usbd_mutex
                0x000000002000099c        0x4 CMakeFiles/picoputer1.dir/tree/downloaded_tools/pico/pico-sdk/lib/tinyusb/src/device/usbd.c.obj
 .bss._usbd_q   0x00000000200009a0        0x4 CMakeFiles/picoputer1.dir/tree/downloaded_tools/pico/pico-sdk/lib/tinyusb/src/device/usbd.c.obj
 .bss.alarm_callbacks
                0x00000000200009a4       0x10 CMakeFiles/picoputer1.dir/tree/downloaded_tools/pico/pico-sdk/src/rp2_common/hardware_timer/timer.c.obj
 .bss.boot2_copyout
                0x00000000200009b4      0x100 CMakeFiles/picoputer1.dir/tree/downloaded_tools/pico/pico-sdk/src/rp2_common/hardware_flash/flash.c.obj
 .bss.claimed   0x0000000020000ab4        0x4 CMakeFiles/picoputer1.dir/tree/downloaded_tools/pico/pico-sdk/src/rp2_common/hardware_sync/sync.c.obj
 .bss.configured_freq
                0x0000000020000ab8       0x28 CMakeFiles/picoputer1.dir/tree/downloaded_tools/pico/pico-sdk/src/rp2_common/hardware_clocks/clocks.c.obj
 .bss.default_alarm_pool_entry_ids_high
                0x0000000020000ae0       0x10 CMakeFiles/picoputer1.dir/tree/downloaded_tools/pico/pico-sdk/src/common/pico_time/time.c.obj
 .bss.default_alarm_pool_heap_nodes
                0x0000000020000af0       0x30 CMakeFiles/picoputer1.dir/tree/downloaded_tools/pico/pico-sdk/src/common/pico_time/time.c.obj
 .bss.desc_str.7006
                0x0000000020000b20       0x28 CMakeFiles/picoputer1.dir/tree/downloaded_tools/pico/pico-sdk/src/rp2_common/pico_stdio_usb/stdio_usb_descriptors.c.obj
 .bss.drivers   0x0000000020000b48        0x4 CMakeFiles/picoputer1.dir/tree/downloaded_tools/pico/pico-sdk/src/rp2_common/pico_stdio/stdio.c.obj
 .bss.filter    0x0000000020000b4c        0x4 CMakeFiles/picoputer1.dir/tree/downloaded_tools/pico/pico-sdk/src/rp2_common/pico_stdio/stdio.c.obj
 .bss.hw_endpoints
                0x0000000020000b50      0x400 CMakeFiles/picoputer1.dir/tree/downloaded_tools/pico/pico-sdk/lib/tinyusb/src/portable/raspberrypi/rp2040/dcd_rp2040.c.obj
 .bss.lazy_vsnprintf
                0x0000000020000f50        0x4 CMakeFiles/picoputer1.dir/tree/downloaded_tools/pico/pico-sdk/src/rp2_common/pico_printf/printf.c.obj
 .bss.load_value
                0x0000000020000f54        0x4 CMakeFiles/picoputer1.dir/tree/downloaded_tools/pico/pico-sdk/src/rp2_common/hardware_watchdog/watchdog.c.obj
 .bss.next_buffer_ptr
                0x0000000020000f58        0x4 CMakeFiles/picoputer1.dir/tree/downloaded_tools/pico/pico-sdk/lib/tinyusb/src/portable/raspberrypi/rp2040/dcd_rp2040.c.obj
 .bss.pools     0x0000000020000f5c       0x10 CMakeFiles/picoputer1.dir/tree/downloaded_tools/pico/pico-sdk/src/common/pico_time/time.c.obj
 .bss.retrieved_id
                0x0000000020000f6c        0x8 CMakeFiles/picoputer1.dir/tree/downloaded_tools/pico/pico-sdk/src/rp2_common/pico_unique_id/unique_id.c.obj
 .bss.sleep_notifier
                0x0000000020000f74        0x4 CMakeFiles/picoputer1.dir/tree/downloaded_tools/pico/pico-sdk/src/common/pico_time/time.c.obj
 .bss.stdio_usb_mutex
                0x0000000020000f78        0x8 CMakeFiles/picoputer1.dir/tree/downloaded_tools/pico/pico-sdk/src/rp2_common/pico_stdio_usb/stdio_usb.c.obj
 .bss.target_hi
                0x0000000020000f80       0x10 CMakeFiles/picoputer1.dir/tree/downloaded_tools/pico/pico-sdk/src/rp2_common/hardware_timer/timer.c.obj
 .bss.uart_instance
                0x0000000020000f90        0x4 CMakeFiles/picoputer1.dir/tree/downloaded_tools/pico/pico-sdk/src/rp2_common/pico_stdio_uart/stdio_uart.c.obj
 .bss.usbd_serial_str
                0x0000000020000f94       0x11 CMakeFiles/picoputer1.dir/tree/downloaded_tools/pico/pico-sdk/src/rp2_common/pico_stdio_usb/stdio_usb_descriptors.c.obj
 .bss._app_driver_count
                0x0000000020000fa5        0x1 CMakeFiles/picoputer1.dir/tree/downloaded_tools/pico/pico-sdk/lib/tinyusb/src/device/usbd.c.obj
 .bss._usbd_initialized
                0x0000000020000fa6        0x1 CMakeFiles/picoputer1.dir/tree/downloaded_tools/pico/pico-sdk/lib/tinyusb/src/device/usbd.c.obj
 .bss.boot2_copyout_valid
                0x0000000020000fa7        0x1 CMakeFiles/picoputer1.dir/tree/downloaded_tools/pico/pico-sdk/src/rp2_common/hardware_flash/flash.c.obj
 .bss.claimed   0x0000000020000fa8        0x1 CMakeFiles/picoputer1.dir/tree/downloaded_tools/pico/pico-sdk/src/rp2_common/hardware_timer/timer.c.obj
 .bss.irq_hander_chain_free_slot_head
                0x0000000020000fa9        0x1 CMakeFiles/picoputer1.dir/tree/downloaded_tools/pico/pico-sdk/src/rp2_common/hardware_irq/irq.c.obj
 .bss.itf_num   0x0000000020000faa        0x1 CMakeFiles/picoputer1.dir/tree/downloaded_tools/pico/pico-sdk/src/rp2_common/pico_stdio_usb/reset_interface.c.obj
 .bss.timer_callbacks_pending
                0x0000000020000fab        0x1 CMakeFiles/picoputer1.dir/tree/downloaded_tools/pico/pico-sdk/src/rp2_common/hardware_timer/timer.c.obj
 *(COMMON)
 COMMON         0x0000000020000fac        0x4 CMakeFiles/picoputer1.dir/tree/downloaded_tools/pico/pico-sdk/src/rp2_common/hardware_uart/uart.c.obj
                0x0000000020000fac                uart_char_to_line_feed
 COMMON         0x0000000020000fb0      0x100 CMakeFiles/picoputer1.dir/tree/downloaded_tools/pico/pico-sdk/src/rp2_common/pico_double/double_init_rom.c.obj
                0x0000000020000fb0                sd_table
 COMMON         0x00000000200010b0      0x104 CMakeFiles/picoputer1.dir/tree/downloaded_tools/pico/pico-sdk/src/rp2_common/pico_float/float_init_rom.c.obj
                0x00000000200010b0                sf_table
                0x00000000200011b0                sf_clz_func
 COMMON         0x00000000200011b4       0xc0 CMakeFiles/picoputer1.dir/tree/downloaded_tools/pico/pico-sdk/lib/tinyusb/src/device/usbd.c.obj
                0x00000000200011b4                _usbd_qdef_buf
                0x0000000020001274                . = ALIGN (0x4)
                0x0000000020001274                __bss_end__ = .

.heap           0x0000000020001274      0x800
                0x0000000020001274                __end__ = .
                0x0000000020001274                end = __end__
 *(.heap*)
 .heap          0x0000000020001274      0x800 CMakeFiles/picoputer1.dir/tree/downloaded_tools/pico/pico-sdk/src/rp2_common/pico_standard_link/crt0.S.obj
                0x0000000020001a74                __HeapLimit = .

.stack1_dummy   0x0000000020040000        0x0
 *(.stack1*)

.stack_dummy    0x0000000020041000      0x800
 *(.stack*)
 .stack         0x0000000020041000      0x800 CMakeFiles/picoputer1.dir/tree/downloaded_tools/pico/pico-sdk/src/rp2_common/pico_standard_link/crt0.S.obj

.flash_end      0x0000000010007738        0x0
                0x0000000010007738                __flash_binary_end = .
                0x0000000020040000                __StackLimit = (ORIGIN (RAM) + LENGTH (RAM))
                0x0000000020041000                __StackOneTop = (ORIGIN (SCRATCH_X) + LENGTH (SCRATCH_X))
                0x0000000020042000                __StackTop = (ORIGIN (SCRATCH_Y) + LENGTH (SCRATCH_Y))
                0x0000000020041000                __StackOneBottom = (__StackOneTop - SIZEOF (.stack1_dummy))
                0x0000000020041800                __StackBottom = (__StackTop - SIZEOF (.stack_dummy))
                0x0000000020042000                PROVIDE (__stack = __StackTop)
                0x0000000000000001                ASSERT ((__StackLimit >= __HeapLimit), region RAM overflowed)
                0x0000000000000001                ASSERT (((__binary_info_header_end - __logical_binary_start) <= 0x100), Binary info must be in first 256 bytes of the binary)
LOAD CMakeFiles/picoputer1.dir/picoputer1.c.obj
LOAD CMakeFiles/picoputer1.dir/tree/downloaded_tools/pico/pico-sdk/src/rp2_common/pico_stdlib/stdlib.c.obj
LOAD CMakeFiles/picoputer1.dir/tree/downloaded_tools/pico/pico-sdk/src/rp2_common/hardware_gpio/gpio.c.obj
LOAD CMakeFiles/picoputer1.dir/tree/downloaded_tools/pico/pico-sdk/src/rp2_common/hardware_claim/claim.c.obj
LOAD CMakeFiles/picoputer1.dir/tree/downloaded_tools/pico/pico-sdk/src/rp2_common/pico_platform/platform.c.obj
LOAD CMakeFiles/picoputer1.dir/tree/downloaded_tools/pico/pico-sdk/src/rp2_common/hardware_sync/sync.c.obj
LOAD CMakeFiles/picoputer1.dir/tree/downloaded_tools/pico/pico-sdk/src/rp2_common/hardware_uart/uart.c.obj
LOAD CMakeFiles/picoputer1.dir/tree/downloaded_tools/pico/pico-sdk/src/rp2_common/hardware_divider/divider.S.obj
LOAD CMakeFiles/picoputer1.dir/tree/downloaded_tools/pico/pico-sdk/src/common/pico_time/time.c.obj
LOAD CMakeFiles/picoputer1.dir/tree/downloaded_tools/pico/pico-sdk/src/common/pico_time/timeout_helper.c.obj
LOAD CMakeFiles/picoputer1.dir/tree/downloaded_tools/pico/pico-sdk/src/rp2_common/hardware_timer/timer.c.obj
LOAD CMakeFiles/picoputer1.dir/tree/downloaded_tools/pico/pico-sdk/src/common/pico_sync/sem.c.obj
LOAD CMakeFiles/picoputer1.dir/tree/downloaded_tools/pico/pico-sdk/src/common/pico_sync/lock_core.c.obj
LOAD CMakeFiles/picoputer1.dir/tree/downloaded_tools/pico/pico-sdk/src/common/pico_sync/mutex.c.obj
LOAD CMakeFiles/picoputer1.dir/tree/downloaded_tools/pico/pico-sdk/src/common/pico_sync/critical_section.c.obj
LOAD CMakeFiles/picoputer1.dir/tree/downloaded_tools/pico/pico-sdk/src/common/pico_util/datetime.c.obj
LOAD CMakeFiles/picoputer1.dir/tree/downloaded_tools/pico/pico-sdk/src/common/pico_util/pheap.c.obj
LOAD CMakeFiles/picoputer1.dir/tree/downloaded_tools/pico/pico-sdk/src/common/pico_util/queue.c.obj
LOAD CMakeFiles/picoputer1.dir/tree/downloaded_tools/pico/pico-sdk/src/rp2_common/pico_runtime/runtime.c.obj
LOAD CMakeFiles/picoputer1.dir/tree/downloaded_tools/pico/pico-sdk/src/rp2_common/hardware_clocks/clocks.c.obj
LOAD CMakeFiles/picoputer1.dir/tree/downloaded_tools/pico/pico-sdk/src/rp2_common/hardware_irq/irq.c.obj
LOAD CMakeFiles/picoputer1.dir/tree/downloaded_tools/pico/pico-sdk/src/rp2_common/hardware_irq/irq_handler_chain.S.obj
LOAD CMakeFiles/picoputer1.dir/tree/downloaded_tools/pico/pico-sdk/src/rp2_common/hardware_pll/pll.c.obj
LOAD CMakeFiles/picoputer1.dir/tree/downloaded_tools/pico/pico-sdk/src/rp2_common/hardware_vreg/vreg.c.obj
LOAD CMakeFiles/picoputer1.dir/tree/downloaded_tools/pico/pico-sdk/src/rp2_common/hardware_watchdog/watchdog.c.obj
LOAD CMakeFiles/picoputer1.dir/tree/downloaded_tools/pico/pico-sdk/src/rp2_common/hardware_xosc/xosc.c.obj
LOAD CMakeFiles/picoputer1.dir/tree/downloaded_tools/pico/pico-sdk/src/rp2_common/pico_printf/printf.c.obj
LOAD CMakeFiles/picoputer1.dir/tree/downloaded_tools/pico/pico-sdk/src/rp2_common/pico_bit_ops/bit_ops_aeabi.S.obj
LOAD CMakeFiles/picoputer1.dir/tree/downloaded_tools/pico/pico-sdk/src/rp2_common/pico_bootrom/bootrom.c.obj
LOAD CMakeFiles/picoputer1.dir/tree/downloaded_tools/pico/pico-sdk/src/rp2_common/pico_divider/divider.S.obj
LOAD CMakeFiles/picoputer1.dir/tree/downloaded_tools/pico/pico-sdk/src/rp2_common/pico_double/double_aeabi.S.obj
LOAD CMakeFiles/picoputer1.dir/tree/downloaded_tools/pico/pico-sdk/src/rp2_common/pico_double/double_init_rom.c.obj
LOAD CMakeFiles/picoputer1.dir/tree/downloaded_tools/pico/pico-sdk/src/rp2_common/pico_double/double_math.c.obj
LOAD CMakeFiles/picoputer1.dir/tree/downloaded_tools/pico/pico-sdk/src/rp2_common/pico_double/double_v1_rom_shim.S.obj
LOAD CMakeFiles/picoputer1.dir/tree/downloaded_tools/pico/pico-sdk/src/rp2_common/pico_int64_ops/pico_int64_ops_aeabi.S.obj
LOAD CMakeFiles/picoputer1.dir/tree/downloaded_tools/pico/pico-sdk/src/rp2_common/pico_float/float_aeabi.S.obj
LOAD CMakeFiles/picoputer1.dir/tree/downloaded_tools/pico/pico-sdk/src/rp2_common/pico_float/float_init_rom.c.obj
LOAD CMakeFiles/picoputer1.dir/tree/downloaded_tools/pico/pico-sdk/src/rp2_common/pico_float/float_math.c.obj
LOAD CMakeFiles/picoputer1.dir/tree/downloaded_tools/pico/pico-sdk/src/rp2_common/pico_float/float_v1_rom_shim.S.obj
LOAD CMakeFiles/picoputer1.dir/tree/downloaded_tools/pico/pico-sdk/src/rp2_common/pico_malloc/pico_malloc.c.obj
LOAD CMakeFiles/picoputer1.dir/tree/downloaded_tools/pico/pico-sdk/src/rp2_common/pico_mem_ops/mem_ops_aeabi.S.obj
LOAD CMakeFiles/picoputer1.dir/tree/downloaded_tools/pico/pico-sdk/src/rp2_common/pico_standard_link/crt0.S.obj
LOAD CMakeFiles/picoputer1.dir/tree/downloaded_tools/pico/pico-sdk/src/rp2_common/pico_standard_link/new_delete.cpp.obj
LOAD CMakeFiles/picoputer1.dir/tree/downloaded_tools/pico/pico-sdk/src/rp2_common/pico_standard_link/binary_info.c.obj
LOAD CMakeFiles/picoputer1.dir/tree/downloaded_tools/pico/pico-sdk/src/rp2_common/pico_stdio/stdio.c.obj
LOAD CMakeFiles/picoputer1.dir/tree/downloaded_tools/pico/pico-sdk/src/rp2_common/pico_stdio_uart/stdio_uart.c.obj
LOAD CMakeFiles/picoputer1.dir/tree/downloaded_tools/pico/pico-sdk/src/rp2_common/pico_stdio_usb/reset_interface.c.obj
LOAD CMakeFiles/picoputer1.dir/tree/downloaded_tools/pico/pico-sdk/src/rp2_common/pico_stdio_usb/stdio_usb.c.obj
LOAD CMakeFiles/picoputer1.dir/tree/downloaded_tools/pico/pico-sdk/src/rp2_common/pico_stdio_usb/stdio_usb_descriptors.c.obj
LOAD CMakeFiles/picoputer1.dir/tree/downloaded_tools/pico/pico-sdk/lib/tinyusb/src/portable/raspberrypi/rp2040/dcd_rp2040.c.obj
LOAD CMakeFiles/picoputer1.dir/tree/downloaded_tools/pico/pico-sdk/lib/tinyusb/src/portable/raspberrypi/rp2040/rp2040_usb.c.obj
LOAD CMakeFiles/picoputer1.dir/tree/downloaded_tools/pico/pico-sdk/lib/tinyusb/src/device/usbd.c.obj
LOAD CMakeFiles/picoputer1.dir/tree/downloaded_tools/pico/pico-sdk/lib/tinyusb/src/device/usbd_control.c.obj
LOAD CMakeFiles/picoputer1.dir/tree/downloaded_tools/pico/pico-sdk/lib/tinyusb/src/class/audio/audio_device.c.obj
LOAD CMakeFiles/picoputer1.dir/tree/downloaded_tools/pico/pico-sdk/lib/tinyusb/src/class/cdc/cdc_device.c.obj
LOAD CMakeFiles/picoputer1.dir/tree/downloaded_tools/pico/pico-sdk/lib/tinyusb/src/class/dfu/dfu_device.c.obj
LOAD CMakeFiles/picoputer1.dir/tree/downloaded_tools/pico/pico-sdk/lib/tinyusb/src/class/dfu/dfu_rt_device.c.obj
LOAD CMakeFiles/picoputer1.dir/tree/downloaded_tools/pico/pico-sdk/lib/tinyusb/src/class/hid/hid_device.c.obj
LOAD CMakeFiles/picoputer1.dir/tree/downloaded_tools/pico/pico-sdk/lib/tinyusb/src/class/midi/midi_device.c.obj
LOAD CMakeFiles/picoputer1.dir/tree/downloaded_tools/pico/pico-sdk/lib/tinyusb/src/class/msc/msc_device.c.obj
LOAD CMakeFiles/picoputer1.dir/tree/downloaded_tools/pico/pico-sdk/lib/tinyusb/src/class/net/net_device.c.obj
LOAD CMakeFiles/picoputer1.dir/tree/downloaded_tools/pico/pico-sdk/lib/tinyusb/src/class/usbtmc/usbtmc_device.c.obj
LOAD CMakeFiles/picoputer1.dir/tree/downloaded_tools/pico/pico-sdk/lib/tinyusb/src/class/vendor/vendor_device.c.obj
LOAD CMakeFiles/picoputer1.dir/tree/downloaded_tools/pico/pico-sdk/lib/tinyusb/src/tusb.c.obj
LOAD CMakeFiles/picoputer1.dir/tree/downloaded_tools/pico/pico-sdk/lib/tinyusb/src/common/tusb_fifo.c.obj
LOAD CMakeFiles/picoputer1.dir/tree/downloaded_tools/pico/pico-sdk/src/rp2_common/pico_fix/rp2040_usb_device_enumeration/rp2040_usb_device_enumeration.c.obj
LOAD CMakeFiles/picoputer1.dir/tree/downloaded_tools/pico/pico-sdk/src/rp2_common/pico_unique_id/unique_id.c.obj
LOAD CMakeFiles/picoputer1.dir/tree/downloaded_tools/pico/pico-sdk/src/rp2_common/hardware_flash/flash.c.obj
LOAD CMakeFiles/picoputer1.dir/tree/downloaded_tools/pico/pico-extras/src/rp2_common/pico_sd_card/sd_card.c.obj
LOAD CMakeFiles/picoputer1.dir/tree/downloaded_tools/pico/pico-sdk/src/rp2_common/hardware_dma/dma.c.obj
LOAD CMakeFiles/picoputer1.dir/tree/downloaded_tools/pico/pico-sdk/src/rp2_common/hardware_pio/pio.c.obj
LOAD /tmp/cckLySbB.o
LOAD /usr/lib/gcc/arm-none-eabi/9.2.1/../../../arm-none-eabi/lib/thumb/v6-m/nofp/libstdc++.a
LOAD /usr/lib/gcc/arm-none-eabi/9.2.1/../../../arm-none-eabi/lib/thumb/v6-m/nofp/libm.a
START GROUP
LOAD /usr/lib/gcc/arm-none-eabi/9.2.1/thumb/v6-m/nofp/libgcc.a
LOAD /usr/lib/gcc/arm-none-eabi/9.2.1/../../../arm-none-eabi/lib/thumb/v6-m/nofp/libc.a
END GROUP
START GROUP
LOAD /usr/lib/gcc/arm-none-eabi/9.2.1/thumb/v6-m/nofp/libgcc.a
LOAD /usr/lib/gcc/arm-none-eabi/9.2.1/../../../arm-none-eabi/lib/thumb/v6-m/nofp/libc.a
LOAD /usr/lib/gcc/arm-none-eabi/9.2.1/../../../arm-none-eabi/lib/thumb/v6-m/nofp/libnosys.a
END GROUP
LOAD /usr/lib/gcc/arm-none-eabi/9.2.1/thumb/v6-m/nofp/crtend.o
LOAD /usr/lib/gcc/arm-none-eabi/9.2.1/thumb/v6-m/nofp/crtn.o
OUTPUT(picoputer1.elf elf32-littlearm)
LOAD linker stubs

.ARM.attributes
                0x0000000000000000       0x28
 .ARM.attributes
                0x0000000000000000       0x1e /usr/lib/gcc/arm-none-eabi/9.2.1/thumb/v6-m/nofp/crti.o
 .ARM.attributes
                0x000000000000001e       0x2c /usr/lib/gcc/arm-none-eabi/9.2.1/thumb/v6-m/nofp/crtbegin.o
 .ARM.attributes
                0x000000000000004a       0x2c CMakeFiles/picoputer1.dir/picoputer1.c.obj
 .ARM.attributes
                0x0000000000000076       0x2c CMakeFiles/picoputer1.dir/tree/downloaded_tools/pico/pico-sdk/src/rp2_common/hardware_gpio/gpio.c.obj
 .ARM.attributes
                0x00000000000000a2       0x2c CMakeFiles/picoputer1.dir/tree/downloaded_tools/pico/pico-sdk/src/rp2_common/hardware_claim/claim.c.obj
 .ARM.attributes
                0x00000000000000ce       0x2c CMakeFiles/picoputer1.dir/tree/downloaded_tools/pico/pico-sdk/src/rp2_common/pico_platform/platform.c.obj
 .ARM.attributes
                0x00000000000000fa       0x2c CMakeFiles/picoputer1.dir/tree/downloaded_tools/pico/pico-sdk/src/rp2_common/hardware_sync/sync.c.obj
 .ARM.attributes
                0x0000000000000126       0x2c CMakeFiles/picoputer1.dir/tree/downloaded_tools/pico/pico-sdk/src/rp2_common/hardware_uart/uart.c.obj
 .ARM.attributes
                0x0000000000000152       0x2c CMakeFiles/picoputer1.dir/tree/downloaded_tools/pico/pico-sdk/src/common/pico_time/time.c.obj
 .ARM.attributes
                0x000000000000017e       0x2c CMakeFiles/picoputer1.dir/tree/downloaded_tools/pico/pico-sdk/src/rp2_common/hardware_timer/timer.c.obj
 .ARM.attributes
                0x00000000000001aa       0x2c CMakeFiles/picoputer1.dir/tree/downloaded_tools/pico/pico-sdk/src/common/pico_sync/lock_core.c.obj
 .ARM.attributes
                0x00000000000001d6       0x2c CMakeFiles/picoputer1.dir/tree/downloaded_tools/pico/pico-sdk/src/common/pico_sync/mutex.c.obj
 .ARM.attributes
                0x0000000000000202       0x2c CMakeFiles/picoputer1.dir/tree/downloaded_tools/pico/pico-sdk/src/common/pico_sync/critical_section.c.obj
 .ARM.attributes
                0x000000000000022e       0x2c CMakeFiles/picoputer1.dir/tree/downloaded_tools/pico/pico-sdk/src/common/pico_util/pheap.c.obj
 .ARM.attributes
                0x000000000000025a       0x2c CMakeFiles/picoputer1.dir/tree/downloaded_tools/pico/pico-sdk/src/rp2_common/pico_runtime/runtime.c.obj
 .ARM.attributes
                0x0000000000000286       0x2c CMakeFiles/picoputer1.dir/tree/downloaded_tools/pico/pico-sdk/src/rp2_common/hardware_clocks/clocks.c.obj
 .ARM.attributes
                0x00000000000002b2       0x2c CMakeFiles/picoputer1.dir/tree/downloaded_tools/pico/pico-sdk/src/rp2_common/hardware_irq/irq.c.obj
 .ARM.attributes
                0x00000000000002de       0x22 CMakeFiles/picoputer1.dir/tree/downloaded_tools/pico/pico-sdk/src/rp2_common/hardware_irq/irq_handler_chain.S.obj
 .ARM.attributes
                0x0000000000000300       0x2c CMakeFiles/picoputer1.dir/tree/downloaded_tools/pico/pico-sdk/src/rp2_common/hardware_pll/pll.c.obj
 .ARM.attributes
                0x000000000000032c       0x2c CMakeFiles/picoputer1.dir/tree/downloaded_tools/pico/pico-sdk/src/rp2_common/hardware_watchdog/watchdog.c.obj
 .ARM.attributes
                0x0000000000000358       0x2c CMakeFiles/picoputer1.dir/tree/downloaded_tools/pico/pico-sdk/src/rp2_common/hardware_xosc/xosc.c.obj
 .ARM.attributes
                0x0000000000000384       0x2c CMakeFiles/picoputer1.dir/tree/downloaded_tools/pico/pico-sdk/src/rp2_common/pico_printf/printf.c.obj
 .ARM.attributes
                0x00000000000003b0       0x22 CMakeFiles/picoputer1.dir/tree/downloaded_tools/pico/pico-sdk/src/rp2_common/pico_bit_ops/bit_ops_aeabi.S.obj
 .ARM.attributes
                0x00000000000003d2       0x2c CMakeFiles/picoputer1.dir/tree/downloaded_tools/pico/pico-sdk/src/rp2_common/pico_bootrom/bootrom.c.obj
 .ARM.attributes
                0x00000000000003fe       0x22 CMakeFiles/picoputer1.dir/tree/downloaded_tools/pico/pico-sdk/src/rp2_common/pico_divider/divider.S.obj
 .ARM.attributes
                0x0000000000000420       0x22 CMakeFiles/picoputer1.dir/tree/downloaded_tools/pico/pico-sdk/src/rp2_common/pico_double/double_aeabi.S.obj
 .ARM.attributes
                0x0000000000000442       0x2c CMakeFiles/picoputer1.dir/tree/downloaded_tools/pico/pico-sdk/src/rp2_common/pico_double/double_init_rom.c.obj
 .ARM.attributes
                0x000000000000046e       0x22 CMakeFiles/picoputer1.dir/tree/downloaded_tools/pico/pico-sdk/src/rp2_common/pico_double/double_v1_rom_shim.S.obj
 .ARM.attributes
                0x0000000000000490       0x22 CMakeFiles/picoputer1.dir/tree/downloaded_tools/pico/pico-sdk/src/rp2_common/pico_int64_ops/pico_int64_ops_aeabi.S.obj
 .ARM.attributes
                0x00000000000004b2       0x22 CMakeFiles/picoputer1.dir/tree/downloaded_tools/pico/pico-sdk/src/rp2_common/pico_float/float_aeabi.S.obj
 .ARM.attributes
                0x00000000000004d4       0x2c CMakeFiles/picoputer1.dir/tree/downloaded_tools/pico/pico-sdk/src/rp2_common/pico_float/float_init_rom.c.obj
 .ARM.attributes
                0x0000000000000500       0x22 CMakeFiles/picoputer1.dir/tree/downloaded_tools/pico/pico-sdk/src/rp2_common/pico_float/float_v1_rom_shim.S.obj
 .ARM.attributes
                0x0000000000000522       0x22 CMakeFiles/picoputer1.dir/tree/downloaded_tools/pico/pico-sdk/src/rp2_common/pico_mem_ops/mem_ops_aeabi.S.obj
 .ARM.attributes
                0x0000000000000544       0x22 CMakeFiles/picoputer1.dir/tree/downloaded_tools/pico/pico-sdk/src/rp2_common/pico_standard_link/crt0.S.obj
 .ARM.attributes
                0x0000000000000566       0x32 CMakeFiles/picoputer1.dir/tree/downloaded_tools/pico/pico-sdk/src/rp2_common/pico_standard_link/binary_info.c.obj
 .ARM.attributes
                0x0000000000000598       0x2c CMakeFiles/picoputer1.dir/tree/downloaded_tools/pico/pico-sdk/src/rp2_common/pico_stdio/stdio.c.obj
 .ARM.attributes
                0x00000000000005c4       0x2c CMakeFiles/picoputer1.dir/tree/downloaded_tools/pico/pico-sdk/src/rp2_common/pico_stdio_uart/stdio_uart.c.obj
 .ARM.attributes