Archive member included to satisfy reference by file (symbol)

/usr/lib/gcc/arm-none-eabi/9.2.1/thumb/v6-m/nofp/libgcc.a(_dvmd_tls.o)
                              CMakeFiles/pakgadget1.dir/tree/downloaded_tools/pico/pico-sdk/src/rp2_common/pico_divider/divider.S.obj (__aeabi_idiv0)
/usr/lib/gcc/arm-none-eabi/9.2.1/../../../arm-none-eabi/lib/thumb/v6-m/nofp/libg.a(lib_a-atexit.o)
                              /usr/lib/gcc/arm-none-eabi/9.2.1/../../../arm-none-eabi/lib/thumb/v6-m/nofp/crt0.o (atexit)
/usr/lib/gcc/arm-none-eabi/9.2.1/../../../arm-none-eabi/lib/thumb/v6-m/nofp/libg.a(lib_a-calloc.o)
                              CMakeFiles/pakgadget1.dir/tree/downloaded_tools/pico/pico-sdk/src/rp2_common/pico_malloc/pico_malloc.c.obj (calloc)
/usr/lib/gcc/arm-none-eabi/9.2.1/../../../arm-none-eabi/lib/thumb/v6-m/nofp/libg.a(lib_a-callocr.o)
                              /usr/lib/gcc/arm-none-eabi/9.2.1/../../../arm-none-eabi/lib/thumb/v6-m/nofp/libg.a(lib_a-calloc.o) (_calloc_r)
/usr/lib/gcc/arm-none-eabi/9.2.1/../../../arm-none-eabi/lib/thumb/v6-m/nofp/libg.a(lib_a-ctype_.o)
                              CMakeFiles/pakgadget1.dir/pakgadget1.c.obj (_ctype_)
/usr/lib/gcc/arm-none-eabi/9.2.1/../../../arm-none-eabi/lib/thumb/v6-m/nofp/libg.a(lib_a-fini.o)
                              /usr/lib/gcc/arm-none-eabi/9.2.1/../../../arm-none-eabi/lib/thumb/v6-m/nofp/crt0.o (__libc_fini_array)
/usr/lib/gcc/arm-none-eabi/9.2.1/../../../arm-none-eabi/lib/thumb/v6-m/nofp/libg.a(lib_a-impure.o)
                              /usr/lib/gcc/arm-none-eabi/9.2.1/../../../arm-none-eabi/lib/thumb/v6-m/nofp/libg.a(lib_a-calloc.o) (_impure_ptr)
/usr/lib/gcc/arm-none-eabi/9.2.1/../../../arm-none-eabi/lib/thumb/v6-m/nofp/libg.a(lib_a-init.o)
                              /usr/lib/gcc/arm-none-eabi/9.2.1/../../../arm-none-eabi/lib/thumb/v6-m/nofp/crt0.o (__libc_init_array)
/usr/lib/gcc/arm-none-eabi/9.2.1/../../../arm-none-eabi/lib/thumb/v6-m/nofp/libg.a(lib_a-malloc.o)
                              CMakeFiles/pakgadget1.dir/tree/downloaded_tools/pico/pico-sdk/src/rp2_common/pico_malloc/pico_malloc.c.obj (malloc)
/usr/lib/gcc/arm-none-eabi/9.2.1/../../../arm-none-eabi/lib/thumb/v6-m/nofp/libg.a(lib_a-mallocr.o)
                              /usr/lib/gcc/arm-none-eabi/9.2.1/../../../arm-none-eabi/lib/thumb/v6-m/nofp/libg.a(lib_a-callocr.o) (_malloc_r)
/usr/lib/gcc/arm-none-eabi/9.2.1/../../../arm-none-eabi/lib/thumb/v6-m/nofp/libg.a(lib_a-mlock.o)
                              /usr/lib/gcc/arm-none-eabi/9.2.1/../../../arm-none-eabi/lib/thumb/v6-m/nofp/libg.a(lib_a-mallocr.o) (__malloc_lock)
/usr/lib/gcc/arm-none-eabi/9.2.1/../../../arm-none-eabi/lib/thumb/v6-m/nofp/libg.a(lib_a-sbrkr.o)
                              /usr/lib/gcc/arm-none-eabi/9.2.1/../../../arm-none-eabi/lib/thumb/v6-m/nofp/libg.a(lib_a-mallocr.o) (_sbrk_r)
/usr/lib/gcc/arm-none-eabi/9.2.1/../../../arm-none-eabi/lib/thumb/v6-m/nofp/libg.a(lib_a-signal.o)
                              CMakeFiles/pakgadget1.dir/t4main.c.obj (signal)
/usr/lib/gcc/arm-none-eabi/9.2.1/../../../arm-none-eabi/lib/thumb/v6-m/nofp/libg.a(lib_a-signalr.o)
                              /usr/lib/gcc/arm-none-eabi/9.2.1/../../../arm-none-eabi/lib/thumb/v6-m/nofp/libg.a(lib_a-signal.o) (_kill_r)
/usr/lib/gcc/arm-none-eabi/9.2.1/../../../arm-none-eabi/lib/thumb/v6-m/nofp/libg.a(lib_a-sscanf.o)
                              CMakeFiles/pakgadget1.dir/t4main.c.obj (sscanf)
/usr/lib/gcc/arm-none-eabi/9.2.1/../../../arm-none-eabi/lib/thumb/v6-m/nofp/libg.a(lib_a-stdio.o)
                              /usr/lib/gcc/arm-none-eabi/9.2.1/../../../arm-none-eabi/lib/thumb/v6-m/nofp/libg.a(lib_a-sscanf.o) (__seofread)
/usr/lib/gcc/arm-none-eabi/9.2.1/../../../arm-none-eabi/lib/thumb/v6-m/nofp/libg.a(lib_a-strcat.o)
                              CMakeFiles/pakgadget1.dir/t4main.c.obj (strcat)
/usr/lib/gcc/arm-none-eabi/9.2.1/../../../arm-none-eabi/lib/thumb/v6-m/nofp/libg.a(lib_a-strcpy.o)
                              CMakeFiles/pakgadget1.dir/t4main.c.obj (strcpy)
/usr/lib/gcc/arm-none-eabi/9.2.1/../../../arm-none-eabi/lib/thumb/v6-m/nofp/libg.a(lib_a-strlen-stub.o)
                              CMakeFiles/pakgadget1.dir/pakgadget1.c.obj (strlen)
/usr/lib/gcc/arm-none-eabi/9.2.1/../../../arm-none-eabi/lib/thumb/v6-m/nofp/libg.a(lib_a-svfscanf.o)
                              /usr/lib/gcc/arm-none-eabi/9.2.1/../../../arm-none-eabi/lib/thumb/v6-m/nofp/libg.a(lib_a-sscanf.o) (__ssvfscanf_r)
/usr/lib/gcc/arm-none-eabi/9.2.1/../../../arm-none-eabi/lib/thumb/v6-m/nofp/libg.a(lib_a-writer.o)
                              /usr/lib/gcc/arm-none-eabi/9.2.1/../../../arm-none-eabi/lib/thumb/v6-m/nofp/libg.a(lib_a-stdio.o) (_write_r)
/usr/lib/gcc/arm-none-eabi/9.2.1/../../../arm-none-eabi/lib/thumb/v6-m/nofp/libg.a(lib_a-__atexit.o)
                              /usr/lib/gcc/arm-none-eabi/9.2.1/../../../arm-none-eabi/lib/thumb/v6-m/nofp/libg.a(lib_a-atexit.o) (__register_exitproc)
[...]
Memory Configuration

Name             Origin             Length             Attributes
FLASH            0x0000000010000000 0x0000000000200000 xr
RAM              0x0000000020000000 0x0000000000040000 xrw
SCRATCH_X        0x0000000020040000 0x0000000000001000 xrw
SCRATCH_Y        0x0000000020041000 0x0000000000001000 xrw
*default*        0x0000000000000000 0xffffffffffffffff

Linker script and memory map

LOAD /usr/lib/gcc/arm-none-eabi/9.2.1/thumb/v6-m/nofp/crti.o
LOAD /usr/lib/gcc/arm-none-eabi/9.2.1/thumb/v6-m/nofp/crtbegin.o
LOAD /usr/lib/gcc/arm-none-eabi/9.2.1/../../../arm-none-eabi/lib/thumb/v6-m/nofp/crt0.o

.flash_begin    0x0000000010000000        0x0
                0x0000000010000000                __flash_binary_start = .

.boot2          0x0000000010000000      0x100
                0x0000000010000000                __boot2_start__ = .
 *(.boot2)
 .boot2         0x0000000010000000      0x100 /tmp/ccsI74gP.o
                0x0000000010000100                __boot2_end__ = .
                0x0000000000000001                ASSERT (((__boot2_end__ - __boot2_start__) == 0x100), ERROR: Pico second stage bootloader must be 256 bytes in size)

.text           0x0000000010000100     0x75a0
                0x0000000010000100                __logical_binary_start = .
 *(.vectors)
 .vectors       0x0000000010000100       0xd4 CMakeFiles/pakgadget1.dir/tree/downloaded_tools/pico/pico-sdk/src/rp2_common/pico_standard_link/crt0.S.obj
                0x0000000010000100                __vectors
                0x0000000010000100                __VECTOR_TABLE
                0x00000000100001c0                isr_invalid
                0x00000000100001c0                __default_isrs_start
                0x00000000100001c2                isr_nmi
                0x00000000100001c4                isr_hardfault
                0x00000000100001c6                isr_svcall
                0x00000000100001c8                isr_pendsv
                0x00000000100001ca                isr_systick
                0x00000000100001cc                isr_irq30
                0x00000000100001cc                __unhandled_user_irq
                0x00000000100001cc                isr_irq13
                0x00000000100001cc                isr_irq27
                0x00000000100001cc                isr_irq31
                0x00000000100001cc                isr_irq5
                0x00000000100001cc                isr_irq11
                0x00000000100001cc                isr_irq23
                0x00000000100001cc                isr_irq18
                0x00000000100001cc                isr_irq28
                0x00000000100001cc                isr_irq19
                0x00000000100001cc                isr_irq0
                0x00000000100001cc                isr_irq6
                0x00000000100001cc                isr_irq22
                0x00000000100001cc                isr_irq17
                0x00000000100001cc                isr_irq14
                0x00000000100001cc                isr_irq2
                0x00000000100001cc                isr_irq10
                0x00000000100001cc                isr_irq8
                0x00000000100001cc                isr_irq24
                0x00000000100001cc                isr_irq1
                0x00000000100001cc                isr_irq7
                0x00000000100001cc                isr_irq21
                0x00000000100001cc                isr_irq20
                0x00000000100001cc                isr_irq15
                0x00000000100001cc                isr_irq25
                0x00000000100001cc                isr_irq4
                0x00000000100001cc                isr_irq16
                0x00000000100001cc                isr_irq29
                0x00000000100001cc                isr_irq26
                0x00000000100001cc                __default_isrs_end
                0x00000000100001cc                isr_irq3
                0x00000000100001cc                isr_irq12
                0x00000000100001cc                isr_irq9
                0x00000000100001d2                unhandled_user_irq_num_in_r0
 *(.binary_info_header)
 .binary_info_header
                0x00000000100001d4       0x14 CMakeFiles/pakgadget1.dir/tree/downloaded_tools/pico/pico-sdk/src/rp2_common/pico_standard_link/crt0.S.obj
                0x00000000100001e8                __binary_info_header_end = .
 *(.reset)
 .reset         0x00000000100001e8       0xa8 CMakeFiles/pakgadget1.dir/tree/downloaded_tools/pico/pico-sdk/src/rp2_common/pico_standard_link/crt0.S.obj
                0x00000000100001e8                _entry_point
                0x0000000010000266                __get_current_exception
 .reset         0x0000000010000290       0x30 CMakeFiles/pakgadget1.dir/tree/downloaded_tools/pico/pico-sdk/src/rp2_common/pico_standard_link/binary_info.c.obj
 *(.init)
 .init          0x00000000100002c0        0x4 /usr/lib/gcc/arm-none-eabi/9.2.1/thumb/v6-m/nofp/crti.o
                0x00000000100002c0                _init
 *(EXCLUDE_FILE(*libm.a: *libc.a:*lib_a-mem*.o *libgcc.a:) .text*)
 .text          0x00000000100002c4       0x98 /usr/lib/gcc/arm-none-eabi/9.2.1/thumb/v6-m/nofp/crtbegin.o
 .text.picoputer_program_init
                0x000000001000035c       0x98 CMakeFiles/pakgadget1.dir/pakgadget1.c.obj
                0x000000001000035c                picoputer_program_init
 .text.blink_pin_forever
                0x00000000100003f4       0x3c CMakeFiles/pakgadget1.dir/pakgadget1.c.obj
                0x00000000100003f4                blink_pin_forever
 .text.main     0x0000000010000430       0xb0 CMakeFiles/pakgadget1.dir/pakgadget1.c.obj
                0x0000000010000430                main
 .text.gpio_set_function
                0x00000000100004e0       0x30 CMakeFiles/pakgadget1.dir/tree/downloaded_tools/pico/pico-sdk/src/rp2_common/hardware_gpio/gpio.c.obj
                0x00000000100004e0                gpio_set_function
 .text.gpio_init
                0x0000000010000510       0x16 CMakeFiles/pakgadget1.dir/tree/downloaded_tools/pico/pico-sdk/src/rp2_common/hardware_gpio/gpio.c.obj
                0x0000000010000510                gpio_init
 *fill*         0x0000000010000526        0x2 
 .text.hw_claim_lock
                0x0000000010000528       0x18 CMakeFiles/pakgadget1.dir/tree/downloaded_tools/pico/pico-sdk/src/rp2_common/hardware_claim/claim.c.obj
                0x0000000010000528                hw_claim_lock
 .text.hw_claim_unlock
                0x0000000010000540       0x14 CMakeFiles/pakgadget1.dir/tree/downloaded_tools/pico/pico-sdk/src/rp2_common/hardware_claim/claim.c.obj
                0x0000000010000540                hw_claim_unlock
 .text.hw_claim_or_assert
                0x0000000010000554       0x32 CMakeFiles/pakgadget1.dir/tree/downloaded_tools/pico/pico-sdk/src/rp2_common/hardware_claim/claim.c.obj
                0x0000000010000554                hw_claim_or_assert
 .text.hw_claim_unused_from_range
                0x0000000010000586       0x50 CMakeFiles/pakgadget1.dir/tree/downloaded_tools/pico/pico-sdk/src/rp2_common/hardware_claim/claim.c.obj
                0x0000000010000586                hw_claim_unused_from_range
 *fill*         0x00000000100005d6        0x2 
 .text.running_on_fpga
                0x00000000100005d8       0x14 CMakeFiles/pakgadget1.dir/tree/downloaded_tools/pico/pico-sdk/src/rp2_common/pico_platform/platform.c.obj
                0x00000000100005d8                running_on_fpga
 .text.spin_locks_reset
                0x00000000100005ec       0x20 CMakeFiles/pakgadget1.dir/tree/downloaded_tools/pico/pico-sdk/src/rp2_common/hardware_sync/sync.c.obj
                0x00000000100005ec                spin_locks_reset
 .text.next_striped_spin_lock_num
                0x000000001000060c       0x1c CMakeFiles/pakgadget1.dir/tree/downloaded_tools/pico/pico-sdk/src/rp2_common/hardware_sync/sync.c.obj
                0x000000001000060c                next_striped_spin_lock_num
 .text.spin_lock_claim_unused
                0x0000000010000628       0x20 CMakeFiles/pakgadget1.dir/tree/downloaded_tools/pico/pico-sdk/src/rp2_common/hardware_sync/sync.c.obj
                0x0000000010000628                spin_lock_claim_unused
 .text.uart_set_baudrate
                0x0000000010000648       0x5c CMakeFiles/pakgadget1.dir/tree/downloaded_tools/pico/pico-sdk/src/rp2_common/hardware_uart/uart.c.obj
                0x0000000010000648                uart_set_baudrate
 .text.uart_set_translate_crlf
                0x00000000100006a4       0x28 CMakeFiles/pakgadget1.dir/tree/downloaded_tools/pico/pico-sdk/src/rp2_common/hardware_uart/uart.c.obj
                0x00000000100006a4                uart_set_translate_crlf
 .text.uart_init
                0x00000000100006cc       0x80 CMakeFiles/pakgadget1.dir/tree/downloaded_tools/pico/pico-sdk/src/rp2_common/hardware_uart/uart.c.obj
                0x00000000100006cc                uart_init
 .text.alarm_pool_post_alloc_init
                0x000000001000074c       0x40 CMakeFiles/pakgadget1.dir/tree/downloaded_tools/pico/pico-sdk/src/common/pico_time/time.c.obj
 .text.sleep_until_callback
                0x000000001000078c       0x30 CMakeFiles/pakgadget1.dir/tree/downloaded_tools/pico/pico-sdk/src/common/pico_time/time.c.obj
 .text.timer_pool_entry_comparator
                0x00000000100007bc       0x7c CMakeFiles/pakgadget1.dir/tree/downloaded_tools/pico/pico-sdk/src/common/pico_time/time.c.obj
                0x00000000100007bc                timer_pool_entry_comparator
 .text.ph_add_child_node
                0x0000000010000838       0xa4 CMakeFiles/pakgadget1.dir/tree/downloaded_tools/pico/pico-sdk/src/common/pico_time/time.c.obj
 .text.ph_merge_nodes
                0x00000000100008dc       0x3e CMakeFiles/pakgadget1.dir/tree/downloaded_tools/pico/pico-sdk/src/common/pico_time/time.c.obj
 *fill*         0x000000001000091a        0x2 
 .text.add_alarm_under_lock
                0x000000001000091c      0x174 CMakeFiles/pakgadget1.dir/tree/downloaded_tools/pico/pico-sdk/src/common/pico_time/time.c.obj
 .text.alarm_pool_alarm_callback
                0x0000000010000a90      0x32c CMakeFiles/pakgadget1.dir/tree/downloaded_tools/pico/pico-sdk/src/common/pico_time/time.c.obj
 .text.alarm_pool_init_default
                0x0000000010000dbc       0x38 CMakeFiles/pakgadget1.dir/tree/downloaded_tools/pico/pico-sdk/src/common/pico_time/time.c.obj
                0x0000000010000dbc                alarm_pool_init_default
 .text.alarm_pool_get_default
                0x0000000010000df4       0x2c CMakeFiles/pakgadget1.dir/tree/downloaded_tools/pico/pico-sdk/src/common/pico_time/time.c.obj
                0x0000000010000df4                alarm_pool_get_default
 .text.alarm_pool_add_alarm_at
                0x0000000010000e20      0x170 CMakeFiles/pakgadget1.dir/tree/downloaded_tools/pico/pico-sdk/src/common/pico_time/time.c.obj
                0x0000000010000e20                alarm_pool_add_alarm_at
 .text.alarm_pool_cancel_alarm
                0x0000000010000f90       0xec CMakeFiles/pakgadget1.dir/tree/downloaded_tools/pico/pico-sdk/src/common/pico_time/time.c.obj
                0x0000000010000f90                alarm_pool_cancel_alarm
 .text.sleep_until
                0x000000001000107c       0xfc CMakeFiles/pakgadget1.dir/tree/downloaded_tools/pico/pico-sdk/src/common/pico_time/time.c.obj
                0x000000001000107c                sleep_until
 .text.sleep_us
                0x0000000010001178       0x58 CMakeFiles/pakgadget1.dir/tree/downloaded_tools/pico/pico-sdk/src/common/pico_time/time.c.obj
                0x0000000010001178                sleep_us
 .text.sleep_ms
                0x00000000100011d0       0x14 CMakeFiles/pakgadget1.dir/tree/downloaded_tools/pico/pico-sdk/src/common/pico_time/time.c.obj
                0x00000000100011d0                sleep_ms
 .text.best_effort_wfe_or_timeout
                0x00000000100011e4       0x80 CMakeFiles/pakgadget1.dir/tree/downloaded_tools/pico/pico-sdk/src/common/pico_time/time.c.obj
                0x00000000100011e4                best_effort_wfe_or_timeout
 .text.hardware_alarm_irq_handler
                0x0000000010001264       0x8c CMakeFiles/pakgadget1.dir/tree/downloaded_tools/pico/pico-sdk/src/rp2_common/hardware_timer/timer.c.obj
 .text.hardware_alarm_claim
                0x00000000100012f0       0x18 CMakeFiles/pakgadget1.dir/tree/downloaded_tools/pico/pico-sdk/src/rp2_common/hardware_timer/timer.c.obj
                0x00000000100012f0                hardware_alarm_claim
 .text.time_us_64
                0x0000000010001308       0x18 CMakeFiles/pakgadget1.dir/tree/downloaded_tools/pico/pico-sdk/src/rp2_common/hardware_timer/timer.c.obj
                0x0000000010001308                time_us_64
 .text.busy_wait_until
                0x0000000010001320       0x24 CMakeFiles/pakgadget1.dir/tree/downloaded_tools/pico/pico-sdk/src/rp2_common/hardware_timer/timer.c.obj
                0x0000000010001320                busy_wait_until
 .text.hardware_alarm_set_callback
                0x0000000010001344       0x90 CMakeFiles/pakgadget1.dir/tree/downloaded_tools/pico/pico-sdk/src/rp2_common/hardware_timer/timer.c.obj
                0x0000000010001344                hardware_alarm_set_callback
 .text.hardware_alarm_set_target
                0x00000000100013d4       0xe8 CMakeFiles/pakgadget1.dir/tree/downloaded_tools/pico/pico-sdk/src/rp2_common/hardware_timer/timer.c.obj
                0x00000000100013d4                hardware_alarm_set_target
 .text.hardware_alarm_cancel
                0x00000000100014bc       0x40 CMakeFiles/pakgadget1.dir/tree/downloaded_tools/pico/pico-sdk/src/rp2_common/hardware_timer/timer.c.obj
                0x00000000100014bc                hardware_alarm_cancel
 .text.lock_init
                0x00000000100014fc       0x10 CMakeFiles/pakgadget1.dir/tree/downloaded_tools/pico/pico-sdk/src/common/pico_sync/lock_core.c.obj
                0x00000000100014fc                lock_init
 .text.mutex_init_internal
                0x000000001000150c       0x1e CMakeFiles/pakgadget1.dir/tree/downloaded_tools/pico/pico-sdk/src/common/pico_sync/mutex.c.obj
 .text.mutex_init
                0x000000001000152a        0xa CMakeFiles/pakgadget1.dir/tree/downloaded_tools/pico/pico-sdk/src/common/pico_sync/mutex.c.obj
                0x000000001000152a                mutex_init
 .text.recursive_mutex_init
                0x0000000010001534        0xa CMakeFiles/pakgadget1.dir/tree/downloaded_tools/pico/pico-sdk/src/common/pico_sync/mutex.c.obj
                0x0000000010001534                recursive_mutex_init
 *fill*         0x000000001000153e        0x2 
 .text.critical_section_init_with_lock_num
                0x0000000010001540       0x14 CMakeFiles/pakgadget1.dir/tree/downloaded_tools/pico/pico-sdk/src/common/pico_sync/critical_section.c.obj
                0x0000000010001540                critical_section_init_with_lock_num
 .text.critical_section_init
                0x0000000010001554       0x14 CMakeFiles/pakgadget1.dir/tree/downloaded_tools/pico/pico-sdk/src/common/pico_sync/critical_section.c.obj
                0x0000000010001554                critical_section_init
 .text.ph_add_child_node
                0x0000000010001568       0xa4 CMakeFiles/pakgadget1.dir/tree/downloaded_tools/pico/pico-sdk/src/common/pico_util/pheap.c.obj
 .text.ph_merge_nodes
                0x000000001000160c       0x3e CMakeFiles/pakgadget1.dir/tree/downloaded_tools/pico/pico-sdk/src/common/pico_util/pheap.c.obj
 *fill*         0x000000001000164a        0x2 
 .text.ph_clear
                0x000000001000164c       0x70 CMakeFiles/pakgadget1.dir/tree/downloaded_tools/pico/pico-sdk/src/common/pico_util/pheap.c.obj
                0x000000001000164c                ph_clear
 .text.ph_post_alloc_init
                0x00000000100016bc        0xe CMakeFiles/pakgadget1.dir/tree/downloaded_tools/pico/pico-sdk/src/common/pico_util/pheap.c.obj
                0x00000000100016bc                ph_post_alloc_init
 *fill*         0x00000000100016ca        0x2 
 .text.ph_merge_two_pass
                0x00000000100016cc       0xa8 CMakeFiles/pakgadget1.dir/tree/downloaded_tools/pico/pico-sdk/src/common/pico_util/pheap.c.obj
                0x00000000100016cc                ph_merge_two_pass
 .text.ph_remove_any_head
                0x0000000010001774      0x108 CMakeFiles/pakgadget1.dir/tree/downloaded_tools/pico/pico-sdk/src/common/pico_util/pheap.c.obj
 .text.ph_remove_head
                0x000000001000187c       0x14 CMakeFiles/pakgadget1.dir/tree/downloaded_tools/pico/pico-sdk/src/common/pico_util/pheap.c.obj
                0x000000001000187c                ph_remove_head
 .text.ph_remove_and_free_node
                0x0000000010001890       0xf8 CMakeFiles/pakgadget1.dir/tree/downloaded_tools/pico/pico-sdk/src/common/pico_util/pheap.c.obj
                0x0000000010001890                ph_remove_and_free_node
 .text.runtime_init
                0x0000000010001988       0xd8 CMakeFiles/pakgadget1.dir/tree/downloaded_tools/pico/pico-sdk/src/rp2_common/pico_runtime/runtime.c.obj
                0x0000000010001988                runtime_init
 .text._exit    0x0000000010001a60        0x4 CMakeFiles/pakgadget1.dir/tree/downloaded_tools/pico/pico-sdk/src/rp2_common/pico_runtime/runtime.c.obj
                0x0000000010001a60                _exit
 .text.exit     0x0000000010001a64        0x6 CMakeFiles/pakgadget1.dir/tree/downloaded_tools/pico/pico-sdk/src/rp2_common/pico_runtime/runtime.c.obj
                0x0000000010001a64                exit
 *fill*         0x0000000010001a6a        0x2 
 .text.__assert_func
                0x0000000010001a6c       0x3c CMakeFiles/pakgadget1.dir/tree/downloaded_tools/pico/pico-sdk/src/rp2_common/pico_runtime/runtime.c.obj
                0x0000000010001a6c                __assert_func
 .text.panic    0x0000000010001aa8       0x30 CMakeFiles/pakgadget1.dir/tree/downloaded_tools/pico/pico-sdk/src/rp2_common/pico_runtime/runtime.c.obj
                0x0000000010001aa8                panic
 .text.clock_configure
                0x0000000010001ad8      0x104 CMakeFiles/pakgadget1.dir/tree/downloaded_tools/pico/pico-sdk/src/rp2_common/hardware_clocks/clocks.c.obj
                0x0000000010001ad8                clock_configure
 .text.clocks_init
                0x0000000010001bdc      0x100 CMakeFiles/pakgadget1.dir/tree/downloaded_tools/pico/pico-sdk/src/rp2_common/hardware_clocks/clocks.c.obj
                0x0000000010001bdc                clocks_init
 .text.clock_get_hz
                0x0000000010001cdc        0xc CMakeFiles/pakgadget1.dir/tree/downloaded_tools/pico/pico-sdk/src/rp2_common/hardware_clocks/clocks.c.obj
                0x0000000010001cdc                clock_get_hz
 .text.set_raw_irq_handler_and_unlock
                0x0000000010001ce8       0x28 CMakeFiles/pakgadget1.dir/tree/downloaded_tools/pico/pico-sdk/src/rp2_common/hardware_irq/irq.c.obj
 .text.make_branch
                0x0000000010001d10       0x34 CMakeFiles/pakgadget1.dir/tree/downloaded_tools/pico/pico-sdk/src/rp2_common/hardware_irq/irq.c.obj
 .text.insert_branch_and_link
                0x0000000010001d44       0x40 CMakeFiles/pakgadget1.dir/tree/downloaded_tools/pico/pico-sdk/src/rp2_common/hardware_irq/irq.c.obj
 .text.irq_is_enabled
                0x0000000010001d84       0x18 CMakeFiles/pakgadget1.dir/tree/downloaded_tools/pico/pico-sdk/src/rp2_common/hardware_irq/irq.c.obj
                0x0000000010001d84                irq_is_enabled
 .text.irq_set_mask_enabled
                0x0000000010001d9c       0x20 CMakeFiles/pakgadget1.dir/tree/downloaded_tools/pico/pico-sdk/src/rp2_common/hardware_irq/irq.c.obj
                0x0000000010001d9c                irq_set_mask_enabled
 .text.irq_set_enabled
                0x0000000010001dbc        0xe CMakeFiles/pakgadget1.dir/tree/downloaded_tools/pico/pico-sdk/src/rp2_common/hardware_irq/irq.c.obj
                0x0000000010001dbc                irq_set_enabled
 *fill*         0x0000000010001dca        0x2 
 .text.irq_set_pending
                0x0000000010001dcc       0x10 CMakeFiles/pakgadget1.dir/tree/downloaded_tools/pico/pico-sdk/src/rp2_common/hardware_irq/irq.c.obj
                0x0000000010001dcc                irq_set_pending
 .text.irq_get_vtable_handler
                0x0000000010001ddc       0x10 CMakeFiles/pakgadget1.dir/tree/downloaded_tools/pico/pico-sdk/src/rp2_common/hardware_irq/irq.c.obj
                0x0000000010001ddc                irq_get_vtable_handler
 .text.irq_set_exclusive_handler
                0x0000000010001dec       0x54 CMakeFiles/pakgadget1.dir/tree/downloaded_tools/pico/pico-sdk/src/rp2_common/hardware_irq/irq.c.obj
                0x0000000010001dec                irq_set_exclusive_handler
 .text.irq_remove_handler
                0x0000000010001e40      0x1ac CMakeFiles/pakgadget1.dir/tree/downloaded_tools/pico/pico-sdk/src/rp2_common/hardware_irq/irq.c.obj
                0x0000000010001e40                irq_remove_handler
 .text.irq_set_priority
                0x0000000010001fec       0x28 CMakeFiles/pakgadget1.dir/tree/downloaded_tools/pico/pico-sdk/src/rp2_common/hardware_irq/irq.c.obj
                0x0000000010001fec                irq_set_priority
 .text.irq_add_tail_to_free_list
                0x0000000010002014       0xf0 CMakeFiles/pakgadget1.dir/tree/downloaded_tools/pico/pico-sdk/src/rp2_common/hardware_irq/irq.c.obj
                0x0000000010002014                irq_add_tail_to_free_list
 .text.irq_init_priorities
                0x0000000010002104       0x16 CMakeFiles/pakgadget1.dir/tree/downloaded_tools/pico/pico-sdk/src/rp2_common/hardware_irq/irq.c.obj
                0x0000000010002104                irq_init_priorities
 *fill*         0x000000001000211a        0x2 
 .text.pll_init
                0x000000001000211c      0x118 CMakeFiles/pakgadget1.dir/tree/downloaded_tools/pico/pico-sdk/src/rp2_common/hardware_pll/pll.c.obj
                0x000000001000211c                pll_init
 .text.watchdog_start_tick
                0x0000000010002234       0x10 CMakeFiles/pakgadget1.dir/tree/downloaded_tools/pico/pico-sdk/src/rp2_common/hardware_watchdog/watchdog.c.obj
                0x0000000010002234                watchdog_start_tick
 .text.watchdog_update
                0x0000000010002244       0x14 CMakeFiles/pakgadget1.dir/tree/downloaded_tools/pico/pico-sdk/src/rp2_common/hardware_watchdog/watchdog.c.obj
                0x0000000010002244                watchdog_update
 .text._watchdog_enable
                0x0000000010002258       0x70 CMakeFiles/pakgadget1.dir/tree/downloaded_tools/pico/pico-sdk/src/rp2_common/hardware_watchdog/watchdog.c.obj
                0x0000000010002258                _watchdog_enable
 .text.watchdog_reboot
                0x00000000100022c8       0x48 CMakeFiles/pakgadget1.dir/tree/downloaded_tools/pico/pico-sdk/src/rp2_common/hardware_watchdog/watchdog.c.obj
                0x00000000100022c8                watchdog_reboot
 .text.xosc_init
                0x0000000010002310       0x28 CMakeFiles/pakgadget1.dir/tree/downloaded_tools/pico/pico-sdk/src/rp2_common/hardware_xosc/xosc.c.obj
                0x0000000010002310                xosc_init
 .text._out_null
                0x0000000010002338        0x2 CMakeFiles/pakgadget1.dir/tree/downloaded_tools/pico/pico-sdk/src/rp2_common/pico_printf/printf.c.obj
 .text._out_fct
                0x000000001000233a        0xe CMakeFiles/pakgadget1.dir/tree/downloaded_tools/pico/pico-sdk/src/rp2_common/pico_printf/printf.c.obj
 .text._atoi    0x0000000010002348       0x24 CMakeFiles/pakgadget1.dir/tree/downloaded_tools/pico/pico-sdk/src/rp2_common/pico_printf/printf.c.obj
 .text._out_rev
                0x000000001000236c       0xae CMakeFiles/pakgadget1.dir/tree/downloaded_tools/pico/pico-sdk/src/rp2_common/pico_printf/printf.c.obj
 .text._ntoa_format
                0x000000001000241a      0x110 CMakeFiles/pakgadget1.dir/tree/downloaded_tools/pico/pico-sdk/src/rp2_common/pico_printf/printf.c.obj
 .text._ntoa_long
                0x000000001000252a       0xbc CMakeFiles/pakgadget1.dir/tree/downloaded_tools/pico/pico-sdk/src/rp2_common/pico_printf/printf.c.obj
 .text._ntoa_long_long
                0x00000000100025e6       0xe2 CMakeFiles/pakgadget1.dir/tree/downloaded_tools/pico/pico-sdk/src/rp2_common/pico_printf/printf.c.obj
 .text._etoa    0x00000000100026c8      0x40c CMakeFiles/pakgadget1.dir/tree/downloaded_tools/pico/pico-sdk/src/rp2_common/pico_printf/printf.c.obj
 .text._ftoa    0x0000000010002ad4      0x354 CMakeFiles/pakgadget1.dir/tree/downloaded_tools/pico/pico-sdk/src/rp2_common/pico_printf/printf.c.obj
 .text._vsnprintf
                0x0000000010002e28      0x628 CMakeFiles/pakgadget1.dir/tree/downloaded_tools/pico/pico-sdk/src/rp2_common/pico_printf/printf.c.obj
 .text.vfctprintf
                0x0000000010003450       0x20 CMakeFiles/pakgadget1.dir/tree/downloaded_tools/pico/pico-sdk/src/rp2_common/pico_printf/printf.c.obj
                0x0000000010003450                vfctprintf
 .text          0x0000000010003470       0x10 CMakeFiles/pakgadget1.dir/tree/downloaded_tools/pico/pico-sdk/src/rp2_common/pico_bit_ops/bit_ops_aeabi.S.obj
 .text.rom_func_lookup
                0x0000000010003480       0x10 CMakeFiles/pakgadget1.dir/tree/downloaded_tools/pico/pico-sdk/src/rp2_common/pico_bootrom/bootrom.c.obj
                0x0000000010003480                rom_func_lookup
 .text.rom_data_lookup
                0x0000000010003490       0x10 CMakeFiles/pakgadget1.dir/tree/downloaded_tools/pico/pico-sdk/src/rp2_common/pico_bootrom/bootrom.c.obj
                0x0000000010003490                rom_data_lookup
 .text.rom_funcs_lookup
                0x00000000100034a0       0x36 CMakeFiles/pakgadget1.dir/tree/downloaded_tools/pico/pico-sdk/src/rp2_common/pico_bootrom/bootrom.c.obj
                0x00000000100034a0                rom_funcs_lookup
 *fill*         0x00000000100034d6        0x2 
 .text.__wrap___aeabi_idiv
                0x00000000100034d8       0x50 CMakeFiles/pakgadget1.dir/tree/downloaded_tools/pico/pico-sdk/src/rp2_common/pico_divider/divider.S.obj
                0x00000000100034d8                __wrap___aeabi_idivmod
                0x00000000100034d8                divmod_s32s32
                0x00000000100034d8                div_s32s32
                0x00000000100034d8                __wrap___aeabi_idiv
                0x00000000100034e0                divmod_s32s32_unsafe
                0x000000001000350c                divmod_s32s32_savestate
 .text.__wrap___aeabi_uidiv
                0x0000000010003528       0x4c CMakeFiles/pakgadget1.dir/tree/downloaded_tools/pico/pico-sdk/src/rp2_common/pico_divider/divider.S.obj
                0x0000000010003528                __wrap___aeabi_uidiv
                0x0000000010003528                __wrap___aeabi_uidivmod
                0x0000000010003528                div_u32u32
                0x0000000010003528                divmod_u32u32
                0x0000000010003530                divmod_u32u32_unsafe
                0x0000000010003558                divmod_u32u32_savestate
 .text.__wrap___aeabi_ldiv
                0x0000000010003574      0x430 CMakeFiles/pakgadget1.dir/tree/downloaded_tools/pico/pico-sdk/src/rp2_common/pico_divider/divider.S.obj
                0x0000000010003574                div_s64s64
                0x0000000010003574                divmod_s64s64
                0x0000000010003574                __wrap___aeabi_ldivmod
                0x00000000100035ac                div_u64u64
                0x00000000100035ac                divmod_u64u64
                0x00000000100035ac                __wrap___aeabi_uldivmod
                0x00000000100035bc                divmod_u64u64_savestate
                0x00000000100035e4                divmod_s64s64_unsafe
                0x000000001000366c                divmod_u64u64_unsafe
 .text.__wrap___aeabi_darithmetic
                0x00000000100039a4       0x80 CMakeFiles/pakgadget1.dir/tree/downloaded_tools/pico/pico-sdk/src/rp2_common/pico_double/double_aeabi.S.obj
                0x00000000100039a4                __wrap___aeabi_drsub
                0x00000000100039aa                __wrap___aeabi_dsub
                0x00000000100039bc                __wrap___aeabi_dadd
                0x00000000100039ce                __wrap___aeabi_ddiv
                0x0000000010003a0a                __wrap___aeabi_dmul
 .text.__wrap___aeabi_cdcmple
                0x0000000010003a24       0x6c CMakeFiles/pakgadget1.dir/tree/downloaded_tools/pico/pico-sdk/src/rp2_common/pico_double/double_aeabi.S.obj
                0x0000000010003a24                __wrap___aeabi_cdrcmple
                0x0000000010003a34                __wrap___aeabi_cdcmple
                0x0000000010003a34                __wrap___aeabi_cdcmpeq
 .text.__wrap___aeabi_dcmplt
                0x0000000010003a90        0xc CMakeFiles/pakgadget1.dir/tree/downloaded_tools/pico/pico-sdk/src/rp2_common/pico_double/double_aeabi.S.obj
                0x0000000010003a90                __wrap___aeabi_dcmplt
 .text.__wrap___aeabi_dcmple
                0x0000000010003a9c       0x10 CMakeFiles/pakgadget1.dir/tree/downloaded_tools/pico/pico-sdk/src/rp2_common/pico_double/double_aeabi.S.obj
                0x0000000010003a9c                __wrap___aeabi_dcmple
 .text.__wrap___aeabi_dcmpge
                0x0000000010003aac       0x10 CMakeFiles/pakgadget1.dir/tree/downloaded_tools/pico/pico-sdk/src/rp2_common/pico_double/double_aeabi.S.obj
                0x0000000010003aac                __wrap___aeabi_dcmpge
 .text.__wrap___aeabi_dcmpgt
                0x0000000010003abc        0xa CMakeFiles/pakgadget1.dir/tree/downloaded_tools/pico/pico-sdk/src/rp2_common/pico_double/double_aeabi.S.obj
                0x0000000010003abc                __wrap___aeabi_dcmpgt
 .text.__wrap___aeabi_dcmpun
                0x0000000010003ac6       0x1c CMakeFiles/pakgadget1.dir/tree/downloaded_tools/pico/pico-sdk/src/rp2_common/pico_double/double_aeabi.S.obj
                0x0000000010003ac6                __wrap___aeabi_dcmpun
 *fill*         0x0000000010003ae2        0x2 
 .text.__wrap___aeabi_i2d
                0x0000000010003ae4       0x38 CMakeFiles/pakgadget1.dir/tree/downloaded_tools/pico/pico-sdk/src/rp2_common/pico_double/double_aeabi.S.obj
                0x0000000010003ae4                __wrap___aeabi_ui2d
                0x0000000010003aec                __wrap___aeabi_i2d
 .text.__wrap___aeabi_d2iz
                0x0000000010003b1c       0x48 CMakeFiles/pakgadget1.dir/tree/downloaded_tools/pico/pico-sdk/src/rp2_common/pico_double/double_aeabi.S.obj
                0x0000000010003b1c                __wrap___aeabi_d2iz
                0x0000000010003b1c                double2int_z
 .text.__wrap___aeabi_d2uiz
                0x0000000010003b64       0x18 CMakeFiles/pakgadget1.dir/tree/downloaded_tools/pico/pico-sdk/src/rp2_common/pico_double/double_aeabi.S.obj
                0x0000000010003b64                double2uint
                0x0000000010003b64                __wrap___aeabi_d2uiz
 .text.__aeabi_double_init
                0x0000000010003b7c       0xb4 CMakeFiles/pakgadget1.dir/tree/downloaded_tools/pico/pico-sdk/src/rp2_common/pico_double/double_init_rom.c.obj
                0x0000000010003b7c                __aeabi_double_init
 .text.double_table_shim_on_use_helper
                0x0000000010003c30       0x34 CMakeFiles/pakgadget1.dir/tree/downloaded_tools/pico/pico-sdk/src/rp2_common/pico_double/double_v1_rom_shim.S.obj
                0x0000000010003c30                double_table_shim_on_use_helper
 .text.__wrap___aeabi_dsub
                0x0000000010003c64       0x10 CMakeFiles/pakgadget1.dir/tree/downloaded_tools/pico/pico-sdk/src/rp2_common/pico_double/double_v1_rom_shim.S.obj
                0x0000000010003c64                drsub_shim
                0x0000000010003c6a                dsub_shim
 .text.dadd_shim
                0x0000000010003c74      0x15c CMakeFiles/pakgadget1.dir/tree/downloaded_tools/pico/pico-sdk/src/rp2_common/pico_double/double_v1_rom_shim.S.obj
                0x0000000010003c74                dadd_shim
 .text.dmul_shim
                0x0000000010003dd0      0x15c CMakeFiles/pakgadget1.dir/tree/downloaded_tools/pico/pico-sdk/src/rp2_common/pico_double/double_v1_rom_shim.S.obj
                0x0000000010003dd0                dmul_shim
 .text.ddiv_shim
                0x0000000010003f2c      0x1b0 CMakeFiles/pakgadget1.dir/tree/downloaded_tools/pico/pico-sdk/src/rp2_common/pico_double/double_v1_rom_shim.S.obj
                0x0000000010003f2c                ddiv_shim
 .text.dcordic_rot_step
                0x00000000100040dc       0x7c CMakeFiles/pakgadget1.dir/tree/downloaded_tools/pico/pico-sdk/src/rp2_common/pico_double/double_v1_rom_shim.S.obj
                0x00000000100040dc                dcordic_rot_step
 .text.double2uint_shim
                0x0000000010004158        0xe CMakeFiles/pakgadget1.dir/tree/downloaded_tools/pico/pico-sdk/src/rp2_common/pico_double/double_v1_rom_shim.S.obj
                0x0000000010004158                double2uint_shim
                0x000000001000415a                double2ufix_shim
 *fill*         0x0000000010004166        0x2 
 .text.double2uint64_shim
                0x0000000010004168       0x6c CMakeFiles/pakgadget1.dir/tree/downloaded_tools/pico/pico-sdk/src/rp2_common/pico_double/double_v1_rom_shim.S.obj
                0x0000000010004168                double2uint64_shim
                0x000000001000416a                double2ufix64_shim
                0x0000000010004184                d2fix_a
 .text.dunpacks
                0x00000000100041d4       0x3c CMakeFiles/pakgadget1.dir/tree/downloaded_tools/pico/pico-sdk/src/rp2_common/pico_double/double_v1_rom_shim.S.obj
                0x00000000100041d4                dunpacks
 .text.__aeabi_lmul
                0x0000000010004210       0x32 CMakeFiles/pakgadget1.dir/tree/downloaded_tools/pico/pico-sdk/src/rp2_common/pico_int64_ops/pico_int64_ops_aeabi.S.obj
                0x0000000010004210                __wrap___aeabi_lmul
 *fill*         0x0000000010004242        0x2 
 .text.__aeabi_float_init
                0x0000000010004244       0xfc CMakeFiles/pakgadget1.dir/tree/downloaded_tools/pico/pico-sdk/src/rp2_common/pico_float/float_init_rom.c.obj
                0x0000000010004244                __aeabi_float_init
 .text.float_table_shim_on_use_helper
                0x0000000010004340       0x34 CMakeFiles/pakgadget1.dir/tree/downloaded_tools/pico/pico-sdk/src/rp2_common/pico_float/float_v1_rom_shim.S.obj
                0x0000000010004340                float_table_shim_on_use_helper
 .text          0x0000000010004374       0x10 CMakeFiles/pakgadget1.dir/tree/downloaded_tools/pico/pico-sdk/src/rp2_common/pico_mem_ops/mem_ops_aeabi.S.obj
                0x0000000010004374                __aeabi_mem_init
 .text.memset   0x0000000010004384        0xc CMakeFiles/pakgadget1.dir/tree/downloaded_tools/pico/pico-sdk/src/rp2_common/pico_mem_ops/mem_ops_aeabi.S.obj
                0x0000000010004384                __wrap_memset
 .text.memcpy   0x0000000010004390        0xc CMakeFiles/pakgadget1.dir/tree/downloaded_tools/pico/pico-sdk/src/rp2_common/pico_mem_ops/mem_ops_aeabi.S.obj
                0x0000000010004390                __wrap___aeabi_memcpy
                0x0000000010004390                __wrap_memcpy
 .text.stdio_out_chars_crlf
                0x000000001000439c       0x80 CMakeFiles/pakgadget1.dir/tree/downloaded_tools/pico/pico-sdk/src/rp2_common/pico_stdio/stdio.c.obj
 .text.stdio_stack_buffer_flush
                0x000000001000441c       0x44 CMakeFiles/pakgadget1.dir/tree/downloaded_tools/pico/pico-sdk/src/rp2_common/pico_stdio/stdio.c.obj
 .text.stdio_buffered_printer
                0x0000000010004460       0x20 CMakeFiles/pakgadget1.dir/tree/downloaded_tools/pico/pico-sdk/src/rp2_common/pico_stdio/stdio.c.obj
 .text.stdout_serialize_begin
                0x0000000010004480       0x30 CMakeFiles/pakgadget1.dir/tree/downloaded_tools/pico/pico-sdk/src/rp2_common/pico_stdio/stdio.c.obj
                0x0000000010004480                stdout_serialize_begin
 .text.stdout_serialize_end
                0x00000000100044b0       0x10 CMakeFiles/pakgadget1.dir/tree/downloaded_tools/pico/pico-sdk/src/rp2_common/pico_stdio/stdio.c.obj
                0x00000000100044b0                stdout_serialize_end
 .text.stdio_put_string
                0x00000000100044c0       0x84 CMakeFiles/pakgadget1.dir/tree/downloaded_tools/pico/pico-sdk/src/rp2_common/pico_stdio/stdio.c.obj
 .text.stdio_set_driver_enabled
                0x0000000010004544       0x38 CMakeFiles/pakgadget1.dir/tree/downloaded_tools/pico/pico-sdk/src/rp2_common/pico_stdio/stdio.c.obj
                0x0000000010004544                stdio_set_driver_enabled
 .text.stdio_flush
                0x000000001000457c       0x20 CMakeFiles/pakgadget1.dir/tree/downloaded_tools/pico/pico-sdk/src/rp2_common/pico_stdio/stdio.c.obj
                0x000000001000457c                stdio_flush
 .text.__wrap_puts
                0x000000001000459c       0x1c CMakeFiles/pakgadget1.dir/tree/downloaded_tools/pico/pico-sdk/src/rp2_common/pico_stdio/stdio.c.obj
                0x000000001000459c                __wrap_puts
 .text.__wrap_vprintf
                0x00000000100045b8       0x44 CMakeFiles/pakgadget1.dir/tree/downloaded_tools/pico/pico-sdk/src/rp2_common/pico_stdio/stdio.c.obj
                0x00000000100045b8                __wrap_vprintf
 .text.__wrap_printf
                0x00000000100045fc       0x18 CMakeFiles/pakgadget1.dir/tree/downloaded_tools/pico/pico-sdk/src/rp2_common/pico_stdio/stdio.c.obj
                0x00000000100045fc                __wrap_printf
 .text.stdio_init_all
                0x0000000010004614        0xc CMakeFiles/pakgadget1.dir/tree/downloaded_tools/pico/pico-sdk/src/rp2_common/pico_stdio/stdio.c.obj
                0x0000000010004614                stdio_init_all
 .text.stdio_uart_out_chars
                0x0000000010004620       0x74 CMakeFiles/pakgadget1.dir/tree/downloaded_tools/pico/pico-sdk/src/rp2_common/pico_stdio_uart/stdio_uart.c.obj
 .text.stdio_uart_in_chars
                0x0000000010004694       0x54 CMakeFiles/pakgadget1.dir/tree/downloaded_tools/pico/pico-sdk/src/rp2_common/pico_stdio_uart/stdio_uart.c.obj
                0x0000000010004694                stdio_uart_in_chars
 .text.stdio_uart_init_full
                0x00000000100046e8       0x3c CMakeFiles/pakgadget1.dir/tree/downloaded_tools/pico/pico-sdk/src/rp2_common/pico_stdio_uart/stdio_uart.c.obj
                0x00000000100046e8                stdio_uart_init_full
 .text.stdio_uart_init
                0x0000000010004724       0x28 CMakeFiles/pakgadget1.dir/tree/downloaded_tools/pico/pico-sdk/src/rp2_common/pico_stdio_uart/stdio_uart.c.obj
                0x0000000010004724                stdio_uart_init
 .text.resetd_init
                0x000000001000474c        0x2 CMakeFiles/pakgadget1.dir/tree/downloaded_tools/pico/pico-sdk/src/rp2_common/pico_stdio_usb/reset_interface.c.obj
 *fill*         0x000000001000474e        0x2 
 .text.resetd_reset
                0x0000000010004750        0xc CMakeFiles/pakgadget1.dir/tree/downloaded_tools/pico/pico-sdk/src/rp2_common/pico_stdio_usb/reset_interface.c.obj
 .text.resetd_open
                0x000000001000475c       0x34 CMakeFiles/pakgadget1.dir/tree/downloaded_tools/pico/pico-sdk/src/rp2_common/pico_stdio_usb/reset_interface.c.obj
 .text.resetd_xfer_cb
                0x0000000010004790        0x4 CMakeFiles/pakgadget1.dir/tree/downloaded_tools/pico/pico-sdk/src/rp2_common/pico_stdio_usb/reset_interface.c.obj
 .text.resetd_control_xfer_cb
                0x0000000010004794       0x6c CMakeFiles/pakgadget1.dir/tree/downloaded_tools/pico/pico-sdk/src/rp2_common/pico_stdio_usb/reset_interface.c.obj
 .text.usbd_app_driver_get_cb
                0x0000000010004800        0xc CMakeFiles/pakgadget1.dir/tree/downloaded_tools/pico/pico-sdk/src/rp2_common/pico_stdio_usb/reset_interface.c.obj
                0x0000000010004800                usbd_app_driver_get_cb
 .text.tud_cdc_line_coding_cb
                0x000000001000480c       0x34 CMakeFiles/pakgadget1.dir/tree/downloaded_tools/pico/pico-sdk/src/rp2_common/pico_stdio_usb/reset_interface.c.obj
                0x000000001000480c                tud_cdc_line_coding_cb
 .text.stdio_usb_in_chars
                0x0000000010004840       0x70 CMakeFiles/pakgadget1.dir/tree/downloaded_tools/pico/pico-sdk/src/rp2_common/pico_stdio_usb/stdio_usb.c.obj
                0x0000000010004840                stdio_usb_in_chars
 .text.low_priority_worker_irq
                0x00000000100048b0       0x20 CMakeFiles/pakgadget1.dir/tree/downloaded_tools/pico/pico-sdk/src/rp2_common/pico_stdio_usb/stdio_usb.c.obj
 .text.stdio_usb_out_chars
                0x00000000100048d0       0xd4 CMakeFiles/pakgadget1.dir/tree/downloaded_tools/pico/pico-sdk/src/rp2_common/pico_stdio_usb/stdio_usb.c.obj
 .text.timer_task
                0x00000000100049a4       0x10 CMakeFiles/pakgadget1.dir/tree/downloaded_tools/pico/pico-sdk/src/rp2_common/pico_stdio_usb/stdio_usb.c.obj
 .text.stdio_usb_init
                0x00000000100049b4       0xb8 CMakeFiles/pakgadget1.dir/tree/downloaded_tools/pico/pico-sdk/src/rp2_common/pico_stdio_usb/stdio_usb.c.obj
                0x00000000100049b4                stdio_usb_init
 .text.tud_descriptor_device_cb
                0x0000000010004a6c        0x8 CMakeFiles/pakgadget1.dir/tree/downloaded_tools/pico/pico-sdk/src/rp2_common/pico_stdio_usb/stdio_usb_descriptors.c.obj
                0x0000000010004a6c                tud_descriptor_device_cb
 .text.tud_descriptor_configuration_cb
                0x0000000010004a74        0x8 CMakeFiles/pakgadget1.dir/tree/downloaded_tools/pico/pico-sdk/src/rp2_common/pico_stdio_usb/stdio_usb_descriptors.c.obj
                0x0000000010004a74                tud_descriptor_configuration_cb
 .text.tud_descriptor_string_cb
                0x0000000010004a7c       0x68 CMakeFiles/pakgadget1.dir/tree/downloaded_tools/pico/pico-sdk/src/rp2_common/pico_stdio_usb/stdio_usb_descriptors.c.obj
                0x0000000010004a7c                tud_descriptor_string_cb
 .text.hw_endpoint_get_by_addr
                0x0000000010004ae4       0x18 CMakeFiles/pakgadget1.dir/tree/downloaded_tools/pico/pico-sdk/lib/tinyusb/src/portable/raspberrypi/rp2040/dcd_rp2040.c.obj
 .text.reset_ep0
                0x0000000010004afc       0x2c CMakeFiles/pakgadget1.dir/tree/downloaded_tools/pico/pico-sdk/lib/tinyusb/src/portable/raspberrypi/rp2040/dcd_rp2040.c.obj
 .text._hw_endpoint_alloc
                0x0000000010004b28       0x80 CMakeFiles/pakgadget1.dir/tree/downloaded_tools/pico/pico-sdk/lib/tinyusb/src/portable/raspberrypi/rp2040/dcd_rp2040.c.obj
 .text._hw_endpoint_init
                0x0000000010004ba8       0xbc CMakeFiles/pakgadget1.dir/tree/downloaded_tools/pico/pico-sdk/lib/tinyusb/src/portable/raspberrypi/rp2040/dcd_rp2040.c.obj
 .text.hw_endpoint_init
                0x0000000010004c64       0x18 CMakeFiles/pakgadget1.dir/tree/downloaded_tools/pico/pico-sdk/lib/tinyusb/src/portable/raspberrypi/rp2040/dcd_rp2040.c.obj
 .text.hw_handle_buff_status
                0x0000000010004c7c       0xb4 CMakeFiles/pakgadget1.dir/tree/downloaded_tools/pico/pico-sdk/lib/tinyusb/src/portable/raspberrypi/rp2040/dcd_rp2040.c.obj
 .text.dcd_rp2040_irq
                0x0000000010004d30       0xa8 CMakeFiles/pakgadget1.dir/tree/downloaded_tools/pico/pico-sdk/lib/tinyusb/src/portable/raspberrypi/rp2040/dcd_rp2040.c.obj
 .text.hw_endpoint_xfer
                0x0000000010004dd8       0x18 CMakeFiles/pakgadget1.dir/tree/downloaded_tools/pico/pico-sdk/lib/tinyusb/src/portable/raspberrypi/rp2040/dcd_rp2040.c.obj
 .text.ep0_0len_status
                0x0000000010004df0       0x14 CMakeFiles/pakgadget1.dir/tree/downloaded_tools/pico/pico-sdk/lib/tinyusb/src/portable/raspberrypi/rp2040/dcd_rp2040.c.obj
 .text._hw_endpoint_stall
                0x0000000010004e04       0x54 CMakeFiles/pakgadget1.dir/tree/downloaded_tools/pico/pico-sdk/lib/tinyusb/src/portable/raspberrypi/rp2040/dcd_rp2040.c.obj
 .text.hw_endpoint_stall
                0x0000000010004e58        0xc CMakeFiles/pakgadget1.dir/tree/downloaded_tools/pico/pico-sdk/lib/tinyusb/src/portable/raspberrypi/rp2040/dcd_rp2040.c.obj
 .text._hw_endpoint_clear_stall
                0x0000000010004e64       0x34 CMakeFiles/pakgadget1.dir/tree/downloaded_tools/pico/pico-sdk/lib/tinyusb/src/portable/raspberrypi/rp2040/dcd_rp2040.c.obj
 .text.hw_endpoint_clear_stall
                0x0000000010004e98        0xc CMakeFiles/pakgadget1.dir/tree/downloaded_tools/pico/pico-sdk/lib/tinyusb/src/portable/raspberrypi/rp2040/dcd_rp2040.c.obj
 .text.dcd_int_enable
                0x0000000010004ea4       0x2c CMakeFiles/pakgadget1.dir/tree/downloaded_tools/pico/pico-sdk/lib/tinyusb/src/portable/raspberrypi/rp2040/dcd_rp2040.c.obj
                0x0000000010004ea4                dcd_int_enable
 .text.dcd_set_address
                0x0000000010004ed0       0x28 CMakeFiles/pakgadget1.dir/tree/downloaded_tools/pico/pico-sdk/lib/tinyusb/src/portable/raspberrypi/rp2040/dcd_rp2040.c.obj
                0x0000000010004ed0                dcd_set_address
 .text.dcd_connect
                0x0000000010004ef8       0x30 CMakeFiles/pakgadget1.dir/tree/downloaded_tools/pico/pico-sdk/lib/tinyusb/src/portable/raspberrypi/rp2040/dcd_rp2040.c.obj
                0x0000000010004ef8                dcd_connect
 .text.dcd_init
                0x0000000010004f28       0x84 CMakeFiles/pakgadget1.dir/tree/downloaded_tools/pico/pico-sdk/lib/tinyusb/src/portable/raspberrypi/rp2040/dcd_rp2040.c.obj
                0x0000000010004f28                dcd_init
 .text.dcd_edpt0_status_complete
                0x0000000010004fac       0x40 CMakeFiles/pakgadget1.dir/tree/downloaded_tools/pico/pico-sdk/lib/tinyusb/src/portable/raspberrypi/rp2040/dcd_rp2040.c.obj
                0x0000000010004fac                dcd_edpt0_status_complete
 .text.dcd_edpt_open
                0x0000000010004fec       0x40 CMakeFiles/pakgadget1.dir/tree/downloaded_tools/pico/pico-sdk/lib/tinyusb/src/portable/raspberrypi/rp2040/dcd_rp2040.c.obj
                0x0000000010004fec                dcd_edpt_open
 .text.dcd_edpt_xfer
                0x000000001000502c       0x34 CMakeFiles/pakgadget1.dir/tree/downloaded_tools/pico/pico-sdk/lib/tinyusb/src/portable/raspberrypi/rp2040/dcd_rp2040.c.obj
                0x000000001000502c                dcd_edpt_xfer
 .text.dcd_edpt_stall
                0x0000000010005060       0x28 CMakeFiles/pakgadget1.dir/tree/downloaded_tools/pico/pico-sdk/lib/tinyusb/src/portable/raspberrypi/rp2040/dcd_rp2040.c.obj
                0x0000000010005060                dcd_edpt_stall
 .text.dcd_edpt_clear_stall
                0x0000000010005088       0x2c CMakeFiles/pakgadget1.dir/tree/downloaded_tools/pico/pico-sdk/lib/tinyusb/src/portable/raspberrypi/rp2040/dcd_rp2040.c.obj
                0x0000000010005088                dcd_edpt_clear_stall
 .text.rp2040_usb_init
                0x00000000100050b4       0x50 CMakeFiles/pakgadget1.dir/tree/downloaded_tools/pico/pico-sdk/lib/tinyusb/src/portable/raspberrypi/rp2040/rp2040_usb.c.obj
                0x00000000100050b4                rp2040_usb_init
 .text.hw_endpoint_reset_transfer
                0x0000000010005104       0x10 CMakeFiles/pakgadget1.dir/tree/downloaded_tools/pico/pico-sdk/lib/tinyusb/src/portable/raspberrypi/rp2040/rp2040_usb.c.obj
                0x0000000010005104                hw_endpoint_reset_transfer
 .text._hw_endpoint_buffer_control_update32
                0x0000000010005114       0x58 CMakeFiles/pakgadget1.dir/tree/downloaded_tools/pico/pico-sdk/lib/tinyusb/src/portable/raspberrypi/rp2040/rp2040_usb.c.obj
                0x0000000010005114                _hw_endpoint_buffer_control_update32
 .text._hw_endpoint_start_next_buffer
                0x000000001000516c       0x50 CMakeFiles/pakgadget1.dir/tree/downloaded_tools/pico/pico-sdk/lib/tinyusb/src/portable/raspberrypi/rp2040/rp2040_usb.c.obj
                0x000000001000516c                _hw_endpoint_start_next_buffer
 .text._hw_endpoint_xfer_start
                0x00000000100051bc       0x3e CMakeFiles/pakgadget1.dir/tree/downloaded_tools/pico/pico-sdk/lib/tinyusb/src/portable/raspberrypi/rp2040/rp2040_usb.c.obj
                0x00000000100051bc                _hw_endpoint_xfer_start
 *fill*         0x00000000100051fa        0x2 
 .text._hw_endpoint_xfer_sync
                0x00000000100051fc       0x74 CMakeFiles/pakgadget1.dir/tree/downloaded_tools/pico/pico-sdk/lib/tinyusb/src/portable/raspberrypi/rp2040/rp2040_usb.c.obj
                0x00000000100051fc                _hw_endpoint_xfer_sync
 .text._hw_endpoint_xfer_continue
                0x0000000010005270       0x60 CMakeFiles/pakgadget1.dir/tree/downloaded_tools/pico/pico-sdk/lib/tinyusb/src/portable/raspberrypi/rp2040/rp2040_usb.c.obj
                0x0000000010005270                _hw_endpoint_xfer_continue
 .text._hw_endpoint_xfer
                0x00000000100052d0       0x34 CMakeFiles/pakgadget1.dir/tree/downloaded_tools/pico/pico-sdk/lib/tinyusb/src/portable/raspberrypi/rp2040/rp2040_usb.c.obj
                0x00000000100052d0                _hw_endpoint_xfer
 .text.mark_interface_endpoint
                0x0000000010005304       0x2a CMakeFiles/pakgadget1.dir/tree/downloaded_tools/pico/pico-sdk/lib/tinyusb/src/device/usbd.c.obj
 *fill*         0x000000001000532e        0x2 
 .text.usbd_reset
                0x0000000010005330       0x88 CMakeFiles/pakgadget1.dir/tree/downloaded_tools/pico/pico-sdk/lib/tinyusb/src/device/usbd.c.obj
 .text.invoke_class_control
                0x00000000100053b8       0x1a CMakeFiles/pakgadget1.dir/tree/downloaded_tools/pico/pico-sdk/lib/tinyusb/src/device/usbd.c.obj
 *fill*         0x00000000100053d2        0x2 
 .text.process_set_config
                0x00000000100053d4      0x1d0 CMakeFiles/pakgadget1.dir/tree/downloaded_tools/pico/pico-sdk/lib/tinyusb/src/device/usbd.c.obj
 .text.process_get_descriptor
                0x00000000100055a4       0xf8 CMakeFiles/pakgadget1.dir/tree/downloaded_tools/pico/pico-sdk/lib/tinyusb/src/device/usbd.c.obj
 .text.tud_mounted
                0x000000001000569c       0x10 CMakeFiles/pakgadget1.dir/tree/downloaded_tools/pico/pico-sdk/lib/tinyusb/src/device/usbd.c.obj
                0x000000001000569c                tud_mounted
 .text.tud_suspended
                0x00000000100056ac       0x10 CMakeFiles/pakgadget1.dir/tree/downloaded_tools/pico/pico-sdk/lib/tinyusb/src/device/usbd.c.obj
                0x00000000100056ac                tud_suspended
 .text.tud_inited
                0x00000000100056bc        0xc CMakeFiles/pakgadget1.dir/tree/downloaded_tools/pico/pico-sdk/lib/tinyusb/src/device/usbd.c.obj
                0x00000000100056bc                tud_inited
 .text.tud_init
                0x00000000100056c8       0xcc CMakeFiles/pakgadget1.dir/tree/downloaded_tools/pico/pico-sdk/lib/tinyusb/src/device/usbd.c.obj
                0x00000000100056c8                tud_init
 .text.dcd_event_handler
                0x0000000010005794      0x174 CMakeFiles/pakgadget1.dir/tree/downloaded_tools/pico/pico-sdk/lib/tinyusb/src/device/usbd.c.obj
                0x0000000010005794                dcd_event_handler
 .text.dcd_event_bus_signal
                0x0000000010005908       0x26 CMakeFiles/pakgadget1.dir/tree/downloaded_tools/pico/pico-sdk/lib/tinyusb/src/device/usbd.c.obj
                0x0000000010005908                dcd_event_bus_signal
 .text.dcd_event_bus_reset
                0x000000001000592e       0x2a CMakeFiles/pakgadget1.dir/tree/downloaded_tools/pico/pico-sdk/lib/tinyusb/src/device/usbd.c.obj
                0x000000001000592e                dcd_event_bus_reset
 .text.dcd_event_setup_received
                0x0000000010005958       0x34 CMakeFiles/pakgadget1.dir/tree/downloaded_tools/pico/pico-sdk/lib/tinyusb/src/device/usbd.c.obj
                0x0000000010005958                dcd_event_setup_received
 .text.dcd_event_xfer_complete
                0x000000001000598c       0x44 CMakeFiles/pakgadget1.dir/tree/downloaded_tools/pico/pico-sdk/lib/tinyusb/src/device/usbd.c.obj
                0x000000001000598c                dcd_event_xfer_complete
 .text.usbd_edpt_open
                0x00000000100059d0       0xe0 CMakeFiles/pakgadget1.dir/tree/downloaded_tools/pico/pico-sdk/lib/tinyusb/src/device/usbd.c.obj
                0x00000000100059d0                usbd_edpt_open
 .text.usbd_open_edpt_pair
                0x0000000010005ab0       0x8c CMakeFiles/pakgadget1.dir/tree/downloaded_tools/pico/pico-sdk/lib/tinyusb/src/device/usbd.c.obj
                0x0000000010005ab0                usbd_open_edpt_pair
 .text.usbd_edpt_claim
                0x0000000010005b3c       0x8c CMakeFiles/pakgadget1.dir/tree/downloaded_tools/pico/pico-sdk/lib/tinyusb/src/device/usbd.c.obj
                0x0000000010005b3c                usbd_edpt_claim
 .text.usbd_edpt_release
                0x0000000010005bc8       0x68 CMakeFiles/pakgadget1.dir/tree/downloaded_tools/pico/pico-sdk/lib/tinyusb/src/device/usbd.c.obj
                0x0000000010005bc8                usbd_edpt_release
 .text.usbd_edpt_xfer
                0x0000000010005c30       0x80 CMakeFiles/pakgadget1.dir/tree/downloaded_tools/pico/pico-sdk/lib/tinyusb/src/device/usbd.c.obj
                0x0000000010005c30                usbd_edpt_xfer
 .text.usbd_edpt_stall
                0x0000000010005cb0       0x2c CMakeFiles/pakgadget1.dir/tree/downloaded_tools/pico/pico-sdk/lib/tinyusb/src/device/usbd.c.obj
                0x0000000010005cb0                usbd_edpt_stall
 .text.usbd_edpt_clear_stall
                0x0000000010005cdc       0x2c CMakeFiles/pakgadget1.dir/tree/downloaded_tools/pico/pico-sdk/lib/tinyusb/src/device/usbd.c.obj
                0x0000000010005cdc                usbd_edpt_clear_stall
 .text.usbd_edpt_stalled
                0x0000000010005d08       0x1c CMakeFiles/pakgadget1.dir/tree/downloaded_tools/pico/pico-sdk/lib/tinyusb/src/device/usbd.c.obj
                0x0000000010005d08                usbd_edpt_stalled
 .text.process_control_request
                0x0000000010005d24      0x380 CMakeFiles/pakgadget1.dir/tree/downloaded_tools/pico/pico-sdk/lib/tinyusb/src/device/usbd.c.obj
 .text.tud_task
                0x00000000100060a4      0x204 CMakeFiles/pakgadget1.dir/tree/downloaded_tools/pico/pico-sdk/lib/tinyusb/src/device/usbd.c.obj
                0x00000000100060a4                tud_task
 .text._data_stage_xact
                0x00000000100062a8       0x58 CMakeFiles/pakgadget1.dir/tree/downloaded_tools/pico/pico-sdk/lib/tinyusb/src/device/usbd_control.c.obj
 .text.tud_control_status
                0x0000000010006300       0x38 CMakeFiles/pakgadget1.dir/tree/downloaded_tools/pico/pico-sdk/lib/tinyusb/src/device/usbd_control.c.obj
                0x0000000010006300                tud_control_status
 .text.tud_control_xfer
                0x0000000010006338       0xa8 CMakeFiles/pakgadget1.dir/tree/downloaded_tools/pico/pico-sdk/lib/tinyusb/src/device/usbd_control.c.obj
                0x0000000010006338                tud_control_xfer
 .text.usbd_control_reset
                0x00000000100063e0       0x14 CMakeFiles/pakgadget1.dir/tree/downloaded_tools/pico/pico-sdk/lib/tinyusb/src/device/usbd_control.c.obj
                0x00000000100063e0                usbd_control_reset
 .text.usbd_control_set_complete_callback
                0x00000000100063f4        0xc CMakeFiles/pakgadget1.dir/tree/downloaded_tools/pico/pico-sdk/lib/tinyusb/src/device/usbd_control.c.obj
                0x00000000100063f4                usbd_control_set_complete_callback
 .text.usbd_control_set_request
                0x0000000010006400       0x1c CMakeFiles/pakgadget1.dir/tree/downloaded_tools/pico/pico-sdk/lib/tinyusb/src/device/usbd_control.c.obj
                0x0000000010006400                usbd_control_set_request
 .text.usbd_control_xfer_cb
                0x000000001000641c       0xfc CMakeFiles/pakgadget1.dir/tree/downloaded_tools/pico/pico-sdk/lib/tinyusb/src/device/usbd_control.c.obj
                0x000000001000641c                usbd_control_xfer_cb
 .text._prep_out_transaction
                0x0000000010006518       0x46 CMakeFiles/pakgadget1.dir/tree/downloaded_tools/pico/pico-sdk/lib/tinyusb/src/class/cdc/cdc_device.c.obj
 *fill*         0x000000001000655e        0x2 
 .text.tud_cdc_n_connected
                0x0000000010006560       0x44 CMakeFiles/pakgadget1.dir/tree/downloaded_tools/pico/pico-sdk/lib/tinyusb/src/class/cdc/cdc_device.c.obj
                0x0000000010006560                tud_cdc_n_connected
 .text.tud_cdc_n_available
                0x00000000100065a4       0x18 CMakeFiles/pakgadget1.dir/tree/downloaded_tools/pico/pico-sdk/lib/tinyusb/src/class/cdc/cdc_device.c.obj
                0x00000000100065a4                tud_cdc_n_available
 .text.tud_cdc_n_read
                0x00000000100065bc       0x28 CMakeFiles/pakgadget1.dir/tree/downloaded_tools/pico/pico-sdk/lib/tinyusb/src/class/cdc/cdc_device.c.obj
                0x00000000100065bc                tud_cdc_n_read
 .text.tud_cdc_n_write_flush
                0x00000000100065e4       0xcc CMakeFiles/pakgadget1.dir/tree/downloaded_tools/pico/pico-sdk/lib/tinyusb/src/class/cdc/cdc_device.c.obj
                0x00000000100065e4                tud_cdc_n_write_flush
 .text.tud_cdc_n_write
                0x00000000100066b0       0x38 CMakeFiles/pakgadget1.dir/tree/downloaded_tools/pico/pico-sdk/lib/tinyusb/src/class/cdc/cdc_device.c.obj
                0x00000000100066b0                tud_cdc_n_write
 .text.tud_cdc_n_write_available
                0x00000000100066e8       0x1c CMakeFiles/pakgadget1.dir/tree/downloaded_tools/pico/pico-sdk/lib/tinyusb/src/class/cdc/cdc_device.c.obj
                0x00000000100066e8                tud_cdc_n_write_available
 .text.cdcd_init
                0x0000000010006704       0xbc CMakeFiles/pakgadget1.dir/tree/downloaded_tools/pico/pico-sdk/lib/tinyusb/src/class/cdc/cdc_device.c.obj
                0x0000000010006704                cdcd_init
 .text.cdcd_reset
                0x00000000100067c0       0x44 CMakeFiles/pakgadget1.dir/tree/downloaded_tools/pico/pico-sdk/lib/tinyusb/src/class/cdc/cdc_device.c.obj
                0x00000000100067c0                cdcd_reset
 .text.cdcd_open
                0x0000000010006804      0x10c CMakeFiles/pakgadget1.dir/tree/downloaded_tools/pico/pico-sdk/lib/tinyusb/src/class/cdc/cdc_device.c.obj
                0x0000000010006804                cdcd_open
 .text.cdcd_control_xfer_cb
                0x0000000010006910      0x134 CMakeFiles/pakgadget1.dir/tree/downloaded_tools/pico/pico-sdk/lib/tinyusb/src/class/cdc/cdc_device.c.obj
                0x0000000010006910                cdcd_control_xfer_cb
 .text.cdcd_xfer_cb
                0x0000000010006a44      0x144 CMakeFiles/pakgadget1.dir/tree/downloaded_tools/pico/pico-sdk/lib/tinyusb/src/class/cdc/cdc_device.c.obj
                0x0000000010006a44                cdcd_xfer_cb
 .text.tusb_init
                0x0000000010006b88       0x24 CMakeFiles/pakgadget1.dir/tree/downloaded_tools/pico/pico-sdk/lib/tinyusb/src/tusb.c.obj
                0x0000000010006b88                tusb_init
 .text.tusb_inited
                0x0000000010006bac        0xe CMakeFiles/pakgadget1.dir/tree/downloaded_tools/pico/pico-sdk/lib/tinyusb/src/tusb.c.obj
                0x0000000010006bac                tusb_inited
 .text.advance_pointer
                0x0000000010006bba       0x1e CMakeFiles/pakgadget1.dir/tree/downloaded_tools/pico/pico-sdk/lib/tinyusb/src/common/tusb_fifo.c.obj
 .text.backward_pointer
                0x0000000010006bd8       0x1a CMakeFiles/pakgadget1.dir/tree/downloaded_tools/pico/pico-sdk/lib/tinyusb/src/common/tusb_fifo.c.obj
 .text.get_relative_pointer
                0x0000000010006bf2       0x10 CMakeFiles/pakgadget1.dir/tree/downloaded_tools/pico/pico-sdk/lib/tinyusb/src/common/tusb_fifo.c.obj
 .text._tu_fifo_peek
                0x0000000010006c02       0x50 CMakeFiles/pakgadget1.dir/tree/downloaded_tools/pico/pico-sdk/lib/tinyusb/src/common/tusb_fifo.c.obj
 .text._ff_pull_const_addr
                0x0000000010006c52       0x4c CMakeFiles/pakgadget1.dir/tree/downloaded_tools/pico/pico-sdk/lib/tinyusb/src/common/tusb_fifo.c.obj
 .text._ff_pull_n
                0x0000000010006c9e      0x10c CMakeFiles/pakgadget1.dir/tree/downloaded_tools/pico/pico-sdk/lib/tinyusb/src/common/tusb_fifo.c.obj
 .text._tu_fifo_peek_n
                0x0000000010006daa       0x5e CMakeFiles/pakgadget1.dir/tree/downloaded_tools/pico/pico-sdk/lib/tinyusb/src/common/tusb_fifo.c.obj
 .text._tu_fifo_read_n
                0x0000000010006e08       0x4e CMakeFiles/pakgadget1.dir/tree/downloaded_tools/pico/pico-sdk/lib/tinyusb/src/common/tusb_fifo.c.obj
 .text._ff_push_const_addr
                0x0000000010006e56       0x40 CMakeFiles/pakgadget1.dir/tree/downloaded_tools/pico/pico-sdk/lib/tinyusb/src/common/tusb_fifo.c.obj
 .text._ff_push_n
                0x0000000010006e96      0x106 CMakeFiles/pakgadget1.dir/tree/downloaded_tools/pico/pico-sdk/lib/tinyusb/src/common/tusb_fifo.c.obj
 .text._tu_fifo_write_n
                0x0000000010006f9c       0x9e CMakeFiles/pakgadget1.dir/tree/downloaded_tools/pico/pico-sdk/lib/tinyusb/src/common/tusb_fifo.c.obj
 .text.tu_fifo_config
                0x000000001000703a       0x72 CMakeFiles/pakgadget1.dir/tree/downloaded_tools/pico/pico-sdk/lib/tinyusb/src/common/tusb_fifo.c.obj
                0x000000001000703a                tu_fifo_config
 .text.tu_fifo_count
                0x00000000100070ac       0x26 CMakeFiles/pakgadget1.dir/tree/downloaded_tools/pico/pico-sdk/lib/tinyusb/src/common/tusb_fifo.c.obj
                0x00000000100070ac                tu_fifo_count
 .text.tu_fifo_empty
                0x00000000100070d2        0xe CMakeFiles/pakgadget1.dir/tree/downloaded_tools/pico/pico-sdk/lib/tinyusb/src/common/tusb_fifo.c.obj
                0x00000000100070d2                tu_fifo_empty
 .text.tu_fifo_remaining
                0x00000000100070e0       0x20 CMakeFiles/pakgadget1.dir/tree/downloaded_tools/pico/pico-sdk/lib/tinyusb/src/common/tusb_fifo.c.obj
                0x00000000100070e0                tu_fifo_remaining
 .text.tu_fifo_read
                0x0000000010007100       0x42 CMakeFiles/pakgadget1.dir/tree/downloaded_tools/pico/pico-sdk/lib/tinyusb/src/common/tusb_fifo.c.obj
                0x0000000010007100                tu_fifo_read
 .text.tu_fifo_read_n
                0x0000000010007142        0xa CMakeFiles/pakgadget1.dir/tree/downloaded_tools/pico/pico-sdk/lib/tinyusb/src/common/tusb_fifo.c.obj
                0x0000000010007142                tu_fifo_read_n
 .text.tu_fifo_write
                0x000000001000714c       0x6c CMakeFiles/pakgadget1.dir/tree/downloaded_tools/pico/pico-sdk/lib/tinyusb/src/common/tusb_fifo.c.obj
                0x000000001000714c                tu_fifo_write
 .text.tu_fifo_write_n
                0x00000000100071b8        0xa CMakeFiles/pakgadget1.dir/tree/downloaded_tools/pico/pico-sdk/lib/tinyusb/src/common/tusb_fifo.c.obj
                0x00000000100071b8                tu_fifo_write_n
 .text.tu_fifo_clear
                0x00000000100071c2       0x4c CMakeFiles/pakgadget1.dir/tree/downloaded_tools/pico/pico-sdk/lib/tinyusb/src/common/tusb_fifo.c.obj
                0x00000000100071c2                tu_fifo_clear
 .text.tu_fifo_set_overwritable
                0x000000001000720e       0x3c CMakeFiles/pakgadget1.dir/tree/downloaded_tools/pico/pico-sdk/lib/tinyusb/src/common/tusb_fifo.c.obj
                0x000000001000720e                tu_fifo_set_overwritable
 *fill*         0x000000001000724a        0x2 
 .text._retrieve_unique_id_on_boot
                0x000000001000724c       0x10 CMakeFiles/pakgadget1.dir/tree/downloaded_tools/pico/pico-sdk/src/rp2_common/pico_unique_id/unique_id.c.obj
 .text.pico_get_unique_board_id_string
                0x000000001000725c       0x60 CMakeFiles/pakgadget1.dir/tree/downloaded_tools/pico/pico-sdk/src/rp2_common/pico_unique_id/unique_id.c.obj
                0x000000001000725c                pico_get_unique_board_id_string
 .text.flash_get_unique_id
                0x00000000100072bc       0x46 CMakeFiles/pakgadget1.dir/tree/downloaded_tools/pico/pico-sdk/src/rp2_common/hardware_flash/flash.c.obj
                0x00000000100072bc                flash_get_unique_id
 *fill*         0x0000000010007302        0x2 
 .text._pio_can_add_program_at_offset
                0x0000000010007304       0x3c CMakeFiles/pakgadget1.dir/tree/downloaded_tools/pico/pico-sdk/src/rp2_common/hardware_pio/pio.c.obj
 .text._pio_find_offset_for_program
                0x0000000010007340       0x7c CMakeFiles/pakgadget1.dir/tree/downloaded_tools/pico/pico-sdk/src/rp2_common/hardware_pio/pio.c.obj
 .text._pio_add_program_at_offset
                0x00000000100073bc       0x78 CMakeFiles/pakgadget1.dir/tree/downloaded_tools/pico/pico-sdk/src/rp2_common/hardware_pio/pio.c.obj
 .text.pio_claim_unused_sm
                0x0000000010007434       0x3c CMakeFiles/pakgadget1.dir/tree/downloaded_tools/pico/pico-sdk/src/rp2_common/hardware_pio/pio.c.obj
                0x0000000010007434                pio_claim_unused_sm
 .text.pio_add_program
                0x0000000010007470       0x38 CMakeFiles/pakgadget1.dir/tree/downloaded_tools/pico/pico-sdk/src/rp2_common/hardware_pio/pio.c.obj
                0x0000000010007470                pio_add_program
 .text.pio_sm_set_consecutive_pindirs
                0x00000000100074a8       0x70 CMakeFiles/pakgadget1.dir/tree/downloaded_tools/pico/pico-sdk/src/rp2_common/hardware_pio/pio.c.obj
                0x00000000100074a8                pio_sm_set_consecutive_pindirs
 .text.pio_sm_init
                0x0000000010007518       0xa8 CMakeFiles/pakgadget1.dir/tree/downloaded_tools/pico/pico-sdk/src/rp2_common/hardware_pio/pio.c.obj
                0x0000000010007518                pio_sm_init
 .text          0x00000000100075c0       0x68 /usr/lib/gcc/arm-none-eabi/9.2.1/../../../arm-none-eabi/lib/thumb/v6-m/nofp/libg.a(lib_a-strlen-stub.o)
                0x00000000100075c0                strlen
 *(.fini)
 .fini          0x0000000010007628        0x4 /usr/lib/gcc/arm-none-eabi/9.2.1/thumb/v6-m/nofp/crti.o
                0x0000000010007628                _fini
 *fill*         0x000000001000762c        0x4 
 .fini.__stub   0x0000000010007630       0x70 linker stubs
 *crtbegin.o(.ctors)
 *crtbegin?.o(.ctors)
 *(EXCLUDE_FILE(*crtend.o *crtend?.o) .ctors)
 *(SORT_BY_NAME(.ctors.*))
 *(.ctors)
 *crtbegin.o(.dtors)
 *crtbegin?.o(.dtors)
 *(EXCLUDE_FILE(*crtend.o *crtend?.o) .dtors)
 *(SORT_BY_NAME(.dtors.*))
 *(.dtors)
 *(.eh_frame*)
 .eh_frame      0x00000000100076a0        0x0 /usr/lib/gcc/arm-none-eabi/9.2.1/thumb/v6-m/nofp/crtbegin.o
                0x00000000100076a0                . = ALIGN (0x4)

.glue_7         0x00000000100076a0        0x0
 .glue_7        0x00000000100076a0        0x0 linker stubs

.glue_7t        0x00000000100076a0        0x0
 .glue_7t       0x00000000100076a0        0x0 linker stubs

.vfp11_veneer   0x00000000100076a0        0x0
 .vfp11_veneer  0x00000000100076a0        0x0 linker stubs

.v4_bx          0x00000000100076a0        0x0
 .v4_bx         0x00000000100076a0        0x0 linker stubs

.iplt           0x00000000100076a0        0x0
 .iplt          0x00000000100076a0        0x0 /usr/lib/gcc/arm-none-eabi/9.2.1/thumb/v6-m/nofp/crtbegin.o

.rodata         0x00000000100076a0     0x1830
 *(EXCLUDE_FILE(*libm.a: *libc.a:*lib_a-mem*.o *libgcc.a:) .rodata*)
 .rodata.blink_pin_forever.str1.4
                0x00000000100076a0       0x1a CMakeFiles/pakgadget1.dir/pakgadget1.c.obj
 *fill*         0x00000000100076ba        0x2 
 .rodata.str1.4
                0x00000000100076bc       0x25 CMakeFiles/pakgadget1.dir/pakgadget1.c.obj
 *fill*         0x00000000100076e1        0x3 
 .rodata.__bi_2405.7681
                0x00000000100076e4        0xc CMakeFiles/pakgadget1.dir/pakgadget1.c.obj
 .rodata.__bi_2406.7684
                0x00000000100076f0        0xc CMakeFiles/pakgadget1.dir/pakgadget1.c.obj
 .rodata.picoputer_program
                0x00000000100076fc        0x6 CMakeFiles/pakgadget1.dir/pakgadget1.c.obj
 *fill*         0x0000000010007702        0x2 
 .rodata.picoputer_program_instructions
                0x0000000010007704       0x10 CMakeFiles/pakgadget1.dir/pakgadget1.c.obj
 .rodata.spin_lock_claim_unused.str1.4
                0x0000000010007714       0x1b CMakeFiles/pakgadget1.dir/tree/downloaded_tools/pico/pico-sdk/src/rp2_common/hardware_sync/sync.c.obj
 *fill*         0x000000001000772f        0x1 
 .rodata.repeating_timer_callback.str1.4
                0x0000000010007730       0x55 CMakeFiles/pakgadget1.dir/tree/downloaded_tools/pico/pico-sdk/src/common/pico_time/time.c.obj
 *fill*         0x0000000010007785        0x3 
 .rodata.alarm_pool_dump_key.str1.4
                0x0000000010007788       0x33 CMakeFiles/pakgadget1.dir/tree/downloaded_tools/pico/pico-sdk/src/common/pico_time/time.c.obj
 *fill*         0x00000000100077bb        0x1 
 .rodata.ph_add_child_node.str1.4
                0x00000000100077bc       0x9e CMakeFiles/pakgadget1.dir/tree/downloaded_tools/pico/pico-sdk/src/common/pico_time/time.c.obj
 *fill*         0x000000001000785a        0x2 
 .rodata.add_alarm_under_lock.str1.4
                0x000000001000785c       0x28 CMakeFiles/pakgadget1.dir/tree/downloaded_tools/pico/pico-sdk/src/common/pico_time/time.c.obj
                                         0x2b (size before relaxing)
 .rodata.alarm_pool_alarm_callback.str1.4
                0x0000000010007884       0xee CMakeFiles/pakgadget1.dir/tree/downloaded_tools/pico/pico-sdk/src/common/pico_time/time.c.obj
 *fill*         0x0000000010007972        0x2 
 .rodata.alarm_pool_get_default.str1.4
                0x0000000010007974       0x21 CMakeFiles/pakgadget1.dir/tree/downloaded_tools/pico/pico-sdk/src/common/pico_time/time.c.obj
 *fill*         0x0000000010007995        0x3 
 .rodata.alarm_pool_cancel_alarm.str1.4
                0x0000000010007998       0x27 CMakeFiles/pakgadget1.dir/tree/downloaded_tools/pico/pico-sdk/src/common/pico_time/time.c.obj
 *fill*         0x00000000100079bf        0x1 
 .rodata.sleep_until.str1.4
                0x00000000100079c0       0x4d CMakeFiles/pakgadget1.dir/tree/downloaded_tools/pico/pico-sdk/src/common/pico_time/time.c.obj
 *fill*         0x0000000010007a0d        0x3 
 .rodata.__func__.5701
                0x0000000010007a10       0x15 CMakeFiles/pakgadget1.dir/tree/downloaded_tools/pico/pico-sdk/src/common/pico_time/time.c.obj
 *fill*         0x0000000010007a25        0x3 
 .rodata.__func__.6002
                0x0000000010007a28        0xc CMakeFiles/pakgadget1.dir/tree/downloaded_tools/pico/pico-sdk/src/common/pico_time/time.c.obj
 .rodata.__func__.6009
                0x0000000010007a34       0x12 CMakeFiles/pakgadget1.dir/tree/downloaded_tools/pico/pico-sdk/src/common/pico_time/time.c.obj
 *fill*         0x0000000010007a46        0x2 
 .rodata.__func__.6025
                0x0000000010007a48        0xf CMakeFiles/pakgadget1.dir/tree/downloaded_tools/pico/pico-sdk/src/common/pico_time/time.c.obj
 *fill*         0x0000000010007a57        0x1 
 .rodata.__func__.6047
                0x0000000010007a58        0xd CMakeFiles/pakgadget1.dir/tree/downloaded_tools/pico/pico-sdk/src/common/pico_time/time.c.obj
 *fill*         0x0000000010007a65        0x3 
 .rodata.__func__.6248
                0x0000000010007a68        0xa CMakeFiles/pakgadget1.dir/tree/downloaded_tools/pico/pico-sdk/src/common/pico_time/time.c.obj
 *fill*         0x0000000010007a72        0x2 
 .rodata.__func__.6253
                0x0000000010007a74       0x12 CMakeFiles/pakgadget1.dir/tree/downloaded_tools/pico/pico-sdk/src/common/pico_time/time.c.obj
 *fill*         0x0000000010007a86        0x2 
 .rodata.__func__.6268
                0x0000000010007a88       0x17 CMakeFiles/pakgadget1.dir/tree/downloaded_tools/pico/pico-sdk/src/common/pico_time/time.c.obj
 *fill*         0x0000000010007a9f        0x1 
 .rodata.__func__.6279
                0x0000000010007aa0       0x15 CMakeFiles/pakgadget1.dir/tree/downloaded_tools/pico/pico-sdk/src/common/pico_time/time.c.obj
 *fill*         0x0000000010007ab5        0x3 
 .rodata.__func__.6296
                0x0000000010007ab8       0x1a CMakeFiles/pakgadget1.dir/tree/downloaded_tools/pico/pico-sdk/src/common/pico_time/time.c.obj
 *fill*         0x0000000010007ad2        0x2 
 .rodata.__func__.6335
                0x0000000010007ad4       0x18 CMakeFiles/pakgadget1.dir/tree/downloaded_tools/pico/pico-sdk/src/common/pico_time/time.c.obj
 .rodata.hardware_alarm_claim.str1.4
                0x0000000010007aec       0x22 CMakeFiles/pakgadget1.dir/tree/downloaded_tools/pico/pico-sdk/src/rp2_common/hardware_timer/timer.c.obj
 *fill*         0x0000000010007b0e        0x2 
 .rodata.hardware_alarm_set_target.str1.4
                0x0000000010007b10       0x6f CMakeFiles/pakgadget1.dir/tree/downloaded_tools/pico/pico-sdk/src/rp2_common/hardware_timer/timer.c.obj
 *fill*         0x0000000010007b7f        0x1 
 .rodata.__func__.4548
                0x0000000010007b80       0x1a CMakeFiles/pakgadget1.dir/tree/downloaded_tools/pico/pico-sdk/src/rp2_common/hardware_timer/timer.c.obj
 *fill*         0x0000000010007b9a        0x2 
 .rodata.str1.4
                0x0000000010007b9c       0xbd CMakeFiles/pakgadget1.dir/tree/downloaded_tools/pico/pico-sdk/src/common/pico_sync/mutex.c.obj
                                        0x129 (size before relaxing)
 *fill*         0x0000000010007c59        0x3 
 .rodata.__func__.4193
                0x0000000010007c5c       0x15 CMakeFiles/pakgadget1.dir/tree/downloaded_tools/pico/pico-sdk/src/common/pico_sync/mutex.c.obj
 *fill*         0x0000000010007c71        0x3 
 .rodata.__func__.4610
                0x0000000010007c74       0x15 CMakeFiles/pakgadget1.dir/tree/downloaded_tools/pico/pico-sdk/src/common/pico_sync/mutex.c.obj
 *fill*         0x0000000010007c89        0x3 
 .rodata.__func__.4635
                0x0000000010007c8c       0x18 CMakeFiles/pakgadget1.dir/tree/downloaded_tools/pico/pico-sdk/src/common/pico_sync/mutex.c.obj
 .rodata.__func__.4645
                0x0000000010007ca4        0xb CMakeFiles/pakgadget1.dir/tree/downloaded_tools/pico/pico-sdk/src/common/pico_sync/mutex.c.obj
 .rodata.ph_add_child_node.str1.4
                0x0000000010007caf       0x9e CMakeFiles/pakgadget1.dir/tree/downloaded_tools/pico/pico-sdk/src/common/pico_util/pheap.c.obj
 *fill*         0x0000000010007caf        0x1 
 .rodata.ph_remove_any_head.str1.4
                0x0000000010007cb0       0x98 CMakeFiles/pakgadget1.dir/tree/downloaded_tools/pico/pico-sdk/src/common/pico_util/pheap.c.obj
 .rodata.ph_remove_and_free_node.str1.4
                0x0000000010007d48       0x26 CMakeFiles/pakgadget1.dir/tree/downloaded_tools/pico/pico-sdk/src/common/pico_util/pheap.c.obj
 *fill*         0x0000000010007d6e        0x2 
 .rodata.__func__.5708
                0x0000000010007d70        0xc CMakeFiles/pakgadget1.dir/tree/downloaded_tools/pico/pico-sdk/src/common/pico_util/pheap.c.obj
 .rodata.__func__.5715
                0x0000000010007d7c       0x12 CMakeFiles/pakgadget1.dir/tree/downloaded_tools/pico/pico-sdk/src/common/pico_util/pheap.c.obj
 *fill*         0x0000000010007d8e        0x2 
 .rodata.__func__.5801
                0x0000000010007d90       0x13 CMakeFiles/pakgadget1.dir/tree/downloaded_tools/pico/pico-sdk/src/common/pico_util/pheap.c.obj
 *fill*         0x0000000010007da3        0x1 
 .rodata.__func__.5819
                0x0000000010007da4       0x18 CMakeFiles/pakgadget1.dir/tree/downloaded_tools/pico/pico-sdk/src/common/pico_util/pheap.c.obj
 .rodata.__assert_func.str1.4
                0x0000000010007dbc       0x3f CMakeFiles/pakgadget1.dir/tree/downloaded_tools/pico/pico-sdk/src/rp2_common/pico_runtime/runtime.c.obj
                                         0x43 (size before relaxing)
 *fill*         0x0000000010007dfb        0x1 
 .rodata.panic.str1.4
                0x0000000010007dfc       0x10 CMakeFiles/pakgadget1.dir/tree/downloaded_tools/pico/pico-sdk/src/rp2_common/pico_runtime/runtime.c.obj
                                         0x12 (size before relaxing)
 .rodata.clock_configure.str1.4
                0x0000000010007e0c       0x61 CMakeFiles/pakgadget1.dir/tree/downloaded_tools/pico/pico-sdk/src/rp2_common/hardware_clocks/clocks.c.obj
 *fill*         0x0000000010007e6d        0x3 
 .rodata.__func__.4667
                0x0000000010007e70       0x10 CMakeFiles/pakgadget1.dir/tree/downloaded_tools/pico/pico-sdk/src/rp2_common/hardware_clocks/clocks.c.obj
 .rodata.make_branch.str1.4
                0x0000000010007e80       0x57 CMakeFiles/pakgadget1.dir/tree/downloaded_tools/pico/pico-sdk/src/rp2_common/hardware_irq/irq.c.obj
 *fill*         0x0000000010007ed7        0x1 
 .rodata.irq_set_exclusive_handler.str1.4
                0x0000000010007ed8       0x36 CMakeFiles/pakgadget1.dir/tree/downloaded_tools/pico/pico-sdk/src/rp2_common/hardware_irq/irq.c.obj
 *fill*         0x0000000010007f0e        0x2 
 .rodata.irq_add_shared_handler.str1.4
                0x0000000010007f10       0xd9 CMakeFiles/pakgadget1.dir/tree/downloaded_tools/pico/pico-sdk/src/rp2_common/hardware_irq/irq.c.obj
 *fill*         0x0000000010007fe9        0x3 
 .rodata.irq_remove_handler.str1.4
                0x0000000010007fec       0x2a CMakeFiles/pakgadget1.dir/tree/downloaded_tools/pico/pico-sdk/src/rp2_common/hardware_irq/irq.c.obj
 *fill*         0x0000000010008016        0x2 
 .rodata.irq_add_tail_to_free_list.str1.4
                0x0000000010008018       0x32 CMakeFiles/pakgadget1.dir/tree/downloaded_tools/pico/pico-sdk/src/rp2_common/hardware_irq/irq.c.obj
                                         0x3a (size before relaxing)
 *fill*         0x000000001000804a        0x2 
 .rodata.__func__.4703
                0x000000001000804c       0x1a CMakeFiles/pakgadget1.dir/tree/downloaded_tools/pico/pico-sdk/src/rp2_common/hardware_irq/irq.c.obj
 *fill*         0x0000000010008066        0x2 
 .rodata.__func__.4717
                0x0000000010008068        0xc CMakeFiles/pakgadget1.dir/tree/downloaded_tools/pico/pico-sdk/src/rp2_common/hardware_irq/irq.c.obj
 .rodata.__func__.4725
                0x0000000010008074       0x17 CMakeFiles/pakgadget1.dir/tree/downloaded_tools/pico/pico-sdk/src/rp2_common/hardware_irq/irq.c.obj
 *fill*         0x000000001000808b        0x1 
 .rodata.__func__.4729
                0x000000001000808c        0xf CMakeFiles/pakgadget1.dir/tree/downloaded_tools/pico/pico-sdk/src/rp2_common/hardware_irq/irq.c.obj
 *fill*         0x000000001000809b        0x1 
 .rodata.__func__.4768
                0x000000001000809c       0x13 CMakeFiles/pakgadget1.dir/tree/downloaded_tools/pico/pico-sdk/src/rp2_common/hardware_irq/irq.c.obj
 *fill*         0x00000000100080af        0x1 
 .rodata.__func__.4787
                0x00000000100080b0       0x1a CMakeFiles/pakgadget1.dir/tree/downloaded_tools/pico/pico-sdk/src/rp2_common/hardware_irq/irq.c.obj
 *fill*         0x00000000100080ca        0x2 
 .rodata.pll_init.str1.4
                0x00000000100080cc       0xe3 CMakeFiles/pakgadget1.dir/tree/downloaded_tools/pico/pico-sdk/src/rp2_common/hardware_pll/pll.c.obj
 *fill*         0x00000000100081af        0x1 
 .rodata.__func__.4402
                0x00000000100081b0        0x9 CMakeFiles/pakgadget1.dir/tree/downloaded_tools/pico/pico-sdk/src/rp2_common/hardware_pll/pll.c.obj
 *fill*         0x00000000100081b9        0x3 
 .rodata._ftoa.str1.4
                0x00000000100081bc       0x15 CMakeFiles/pakgadget1.dir/tree/downloaded_tools/pico/pico-sdk/src/rp2_common/pico_printf/printf.c.obj
 *fill*         0x00000000100081d1        0x3 
 .rodata._vsnprintf
                0x00000000100081d4      0x1e0 CMakeFiles/pakgadget1.dir/tree/downloaded_tools/pico/pico-sdk/src/rp2_common/pico_printf/printf.c.obj
 *fill*         0x00000000100083b4        0x4 
 .rodata.pow10.5422
                0x00000000100083b8       0x50 CMakeFiles/pakgadget1.dir/tree/downloaded_tools/pico/pico-sdk/src/rp2_common/pico_printf/printf.c.obj
 .rodata.__aeabi_double_init.str1.4
                0x0000000010008408       0xb2 CMakeFiles/pakgadget1.dir/tree/downloaded_tools/pico/pico-sdk/src/rp2_common/pico_double/double_init_rom.c.obj
 *fill*         0x00000000100084ba        0x2 
 .rodata.__func__.4668
                0x00000000100084bc       0x14 CMakeFiles/pakgadget1.dir/tree/downloaded_tools/pico/pico-sdk/src/rp2_common/pico_double/double_init_rom.c.obj
 .rodata.__aeabi_float_init.str1.4
                0x00000000100084d0       0x84 CMakeFiles/pakgadget1.dir/tree/downloaded_tools/pico/pico-sdk/src/rp2_common/pico_float/float_init_rom.c.obj
                                         0x88 (size before relaxing)
 .rodata.__func__.4670
                0x0000000010008554       0x13 CMakeFiles/pakgadget1.dir/tree/downloaded_tools/pico/pico-sdk/src/rp2_common/pico_float/float_init_rom.c.obj
 *fill*         0x0000000010008567        0x1 
 .rodata.str1.4
                0x0000000010008568       0x40 CMakeFiles/pakgadget1.dir/tree/downloaded_tools/pico/pico-sdk/src/rp2_common/pico_standard_link/binary_info.c.obj
 .rodata.__bi_44
                0x00000000100085a8        0xc CMakeFiles/pakgadget1.dir/tree/downloaded_tools/pico/pico-sdk/src/rp2_common/pico_standard_link/binary_info.c.obj
 .rodata.__bi_75
                0x00000000100085b4        0xc CMakeFiles/pakgadget1.dir/tree/downloaded_tools/pico/pico-sdk/src/rp2_common/pico_standard_link/binary_info.c.obj
 .rodata.__bi_81
                0x00000000100085c0        0xc CMakeFiles/pakgadget1.dir/tree/downloaded_tools/pico/pico-sdk/src/rp2_common/pico_standard_link/binary_info.c.obj
 .rodata.crlf_str.6013
                0x00000000100085cc        0x2 CMakeFiles/pakgadget1.dir/tree/downloaded_tools/pico/pico-sdk/src/rp2_common/pico_stdio/stdio.c.obj
 *fill*         0x00000000100085ce        0x2 
 .rodata.str1.4
                0x00000000100085d0       0x2c CMakeFiles/pakgadget1.dir/tree/downloaded_tools/pico/pico-sdk/src/rp2_common/pico_stdio_uart/stdio_uart.c.obj
 .rodata.__bi_28.4739
                0x00000000100085fc        0xc CMakeFiles/pakgadget1.dir/tree/downloaded_tools/pico/pico-sdk/src/rp2_common/pico_stdio_uart/stdio_uart.c.obj
 .rodata.__bi_29.4743
                0x0000000010008608        0x8 CMakeFiles/pakgadget1.dir/tree/downloaded_tools/pico/pico-sdk/src/rp2_common/pico_stdio_uart/stdio_uart.c.obj
 .rodata._resetd_driver
                0x0000000010008610       0x18 CMakeFiles/pakgadget1.dir/tree/downloaded_tools/pico/pico-sdk/src/rp2_common/pico_stdio_usb/reset_interface.c.obj
 .rodata.stdio_usb_init.str1.4
                0x0000000010008628       0x6b CMakeFiles/pakgadget1.dir/tree/downloaded_tools/pico/pico-sdk/src/rp2_common/pico_stdio_usb/stdio_usb.c.obj
 .rodata.str1.4
                0x0000000010008628       0x13 CMakeFiles/pakgadget1.dir/tree/downloaded_tools/pico/pico-sdk/src/rp2_common/pico_stdio_usb/stdio_usb.c.obj
 *fill*         0x000000001000863b        0x1 
 .rodata.__bi_93.7154
                0x000000001000863c        0xc CMakeFiles/pakgadget1.dir/tree/downloaded_tools/pico/pico-sdk/src/rp2_common/pico_stdio_usb/stdio_usb.c.obj
 .rodata.__func__.5424
                0x0000000010008648       0x15 CMakeFiles/pakgadget1.dir/tree/downloaded_tools/pico/pico-sdk/src/rp2_common/pico_stdio_usb/stdio_usb.c.obj
 *fill*         0x000000001000865d        0x3 
 .rodata.str1.4
                0x0000000010008660       0x2a CMakeFiles/pakgadget1.dir/tree/downloaded_tools/pico/pico-sdk/src/rp2_common/pico_stdio_usb/stdio_usb_descriptors.c.obj
 *fill*         0x000000001000868a        0x2 
 .rodata.usbd_desc_cfg
                0x000000001000868c       0x54 CMakeFiles/pakgadget1.dir/tree/downloaded_tools/pico/pico-sdk/src/rp2_common/pico_stdio_usb/stdio_usb_descriptors.c.obj
 .rodata.usbd_desc_device
                0x00000000100086e0       0x12 CMakeFiles/pakgadget1.dir/tree/downloaded_tools/pico/pico-sdk/src/rp2_common/pico_stdio_usb/stdio_usb_descriptors.c.obj
 *fill*         0x00000000100086f2        0x2 
 .rodata.usbd_desc_str
                0x00000000100086f4       0x18 CMakeFiles/pakgadget1.dir/tree/downloaded_tools/pico/pico-sdk/src/rp2_common/pico_stdio_usb/stdio_usb_descriptors.c.obj
 .rodata._hw_endpoint_alloc.str1.4
                0x000000001000870c       0xc1 CMakeFiles/pakgadget1.dir/tree/downloaded_tools/pico/pico-sdk/lib/tinyusb/src/portable/raspberrypi/rp2040/dcd_rp2040.c.obj
 *fill*         0x00000000100087cd        0x3 
 .rodata._hw_endpoint_init.str1.4
                0x00000000100087d0       0x28 CMakeFiles/pakgadget1.dir/tree/downloaded_tools/pico/pico-sdk/lib/tinyusb/src/portable/raspberrypi/rp2040/dcd_rp2040.c.obj
 .rodata.hw_handle_buff_status.str1.4
                0x00000000100087f8        0xb CMakeFiles/pakgadget1.dir/tree/downloaded_tools/pico/pico-sdk/lib/tinyusb/src/portable/raspberrypi/rp2040/dcd_rp2040.c.obj
 *fill*         0x0000000010008803        0x1 
 .rodata.dcd_rp2040_irq.str1.4
                0x0000000010008804       0x14 CMakeFiles/pakgadget1.dir/tree/downloaded_tools/pico/pico-sdk/lib/tinyusb/src/portable/raspberrypi/rp2040/dcd_rp2040.c.obj
 .rodata._hw_endpoint_stall.str1.4
                0x0000000010008818        0xd CMakeFiles/pakgadget1.dir/tree/downloaded_tools/pico/pico-sdk/lib/tinyusb/src/portable/raspberrypi/rp2040/dcd_rp2040.c.obj
 *fill*         0x0000000010008825        0x3 
 .rodata.dcd_int_enable.str1.4
                0x0000000010008828        0xc CMakeFiles/pakgadget1.dir/tree/downloaded_tools/pico/pico-sdk/lib/tinyusb/src/portable/raspberrypi/rp2040/dcd_rp2040.c.obj
 .rodata.__func__.6859
                0x0000000010008834       0x13 CMakeFiles/pakgadget1.dir/tree/downloaded_tools/pico/pico-sdk/lib/tinyusb/src/portable/raspberrypi/rp2040/dcd_rp2040.c.obj
 *fill*         0x0000000010008847        0x1 
 .rodata.__func__.6890
                0x0000000010008848       0x16 CMakeFiles/pakgadget1.dir/tree/downloaded_tools/pico/pico-sdk/lib/tinyusb/src/portable/raspberrypi/rp2040/dcd_rp2040.c.obj
 *fill*         0x000000001000885e        0x2 
 .rodata.__func__.6911
                0x0000000010008860       0x13 CMakeFiles/pakgadget1.dir/tree/downloaded_tools/pico/pico-sdk/lib/tinyusb/src/portable/raspberrypi/rp2040/dcd_rp2040.c.obj
 *fill*         0x0000000010008873        0x1 
 .rodata.__func__.6932
                0x0000000010008874        0x9 CMakeFiles/pakgadget1.dir/tree/downloaded_tools/pico/pico-sdk/lib/tinyusb/src/portable/raspberrypi/rp2040/dcd_rp2040.c.obj
 *fill*         0x000000001000887d        0x3 
 .rodata.__func__.6936
                0x0000000010008880        0xf CMakeFiles/pakgadget1.dir/tree/downloaded_tools/pico/pico-sdk/lib/tinyusb/src/portable/raspberrypi/rp2040/dcd_rp2040.c.obj
 *fill*         0x000000001000888f        0x1 
 .rodata.__func__.6945
                0x0000000010008890       0x10 CMakeFiles/pakgadget1.dir/tree/downloaded_tools/pico/pico-sdk/lib/tinyusb/src/portable/raspberrypi/rp2040/dcd_rp2040.c.obj
 .rodata.__func__.6957
                0x00000000100088a0        0xc CMakeFiles/pakgadget1.dir/tree/downloaded_tools/pico/pico-sdk/lib/tinyusb/src/portable/raspberrypi/rp2040/dcd_rp2040.c.obj
 .rodata.__func__.6962
                0x00000000100088ac       0x1a CMakeFiles/pakgadget1.dir/tree/downloaded_tools/pico/pico-sdk/lib/tinyusb/src/portable/raspberrypi/rp2040/dcd_rp2040.c.obj
 *fill*         0x00000000100088c6        0x2 
 .rodata.__func__.6967
                0x00000000100088c8        0xe CMakeFiles/pakgadget1.dir/tree/downloaded_tools/pico/pico-sdk/lib/tinyusb/src/portable/raspberrypi/rp2040/dcd_rp2040.c.obj
 *fill*         0x00000000100088d6        0x2 
 .rodata.__func__.6974
                0x00000000100088d8        0xe CMakeFiles/pakgadget1.dir/tree/downloaded_tools/pico/pico-sdk/lib/tinyusb/src/portable/raspberrypi/rp2040/dcd_rp2040.c.obj
 *fill*         0x00000000100088e6        0x2 
 .rodata.__func__.6979
                0x00000000100088e8        0xf CMakeFiles/pakgadget1.dir/tree/downloaded_tools/pico/pico-sdk/lib/tinyusb/src/portable/raspberrypi/rp2040/dcd_rp2040.c.obj
 *fill*         0x00000000100088f7        0x1 
 .rodata.__func__.6984
                0x00000000100088f8       0x15 CMakeFiles/pakgadget1.dir/tree/downloaded_tools/pico/pico-sdk/lib/tinyusb/src/portable/raspberrypi/rp2040/dcd_rp2040.c.obj
 *fill*         0x000000001000890d        0x3 
 .rodata._hw_endpoint_buffer_control_update32.str1.4
                0x0000000010008910       0x1f CMakeFiles/pakgadget1.dir/tree/downloaded_tools/pico/pico-sdk/lib/tinyusb/src/portable/raspberrypi/rp2040/rp2040_usb.c.obj
 *fill*         0x000000001000892f        0x1 
 .rodata._hw_endpoint_xfer_sync.str1.4
                0x0000000010008930       0x9d CMakeFiles/pakgadget1.dir/tree/downloaded_tools/pico/pico-sdk/lib/tinyusb/src/portable/raspberrypi/rp2040/rp2040_usb.c.obj
 *fill*         0x00000000100089cd        0x3 
 .rodata._hw_endpoint_xfer_continue.str1.4
                0x00000000100089d0       0x50 CMakeFiles/pakgadget1.dir/tree/downloaded_tools/pico/pico-sdk/lib/tinyusb/src/portable/raspberrypi/rp2040/rp2040_usb.c.obj
 .rodata._hw_endpoint_xfer.str1.4
                0x0000000010008a20        0xf CMakeFiles/pakgadget1.dir/tree/downloaded_tools/pico/pico-sdk/lib/tinyusb/src/portable/raspberrypi/rp2040/rp2040_usb.c.obj
 .rodata.str1.4
                0x0000000010008a2f        0xf CMakeFiles/pakgadget1.dir/tree/downloaded_tools/pico/pico-sdk/lib/tinyusb/src/portable/raspberrypi/rp2040/rp2040_usb.c.obj
                                          0x7 (size before relaxing)
 *fill*         0x0000000010008a2f        0x1 
 .rodata.__func__.6638
                0x0000000010008a30       0x17 CMakeFiles/pakgadget1.dir/tree/downloaded_tools/pico/pico-sdk/lib/tinyusb/src/portable/raspberrypi/rp2040/rp2040_usb.c.obj
 *fill*         0x0000000010008a47        0x1 
 .rodata.__func__.6649
                0x0000000010008a48       0x12 CMakeFiles/pakgadget1.dir/tree/downloaded_tools/pico/pico-sdk/lib/tinyusb/src/portable/raspberrypi/rp2040/rp2040_usb.c.obj
 *fill*         0x0000000010008a5a        0x2 
 .rodata.process_set_config.str1.4
                0x0000000010008a5c       0x17 CMakeFiles/pakgadget1.dir/tree/downloaded_tools/pico/pico-sdk/lib/tinyusb/src/device/usbd.c.obj
 *fill*         0x0000000010008a73        0x1 
 .rodata.process_get_descriptor
                0x0000000010008a74       0x40 CMakeFiles/pakgadget1.dir/tree/downloaded_tools/pico/pico-sdk/lib/tinyusb/src/device/usbd.c.obj
 .rodata.process_control_request
                0x0000000010008ab4       0x28 CMakeFiles/pakgadget1.dir/tree/downloaded_tools/pico/pico-sdk/lib/tinyusb/src/device/usbd.c.obj
 .rodata.tud_task
                0x0000000010008adc       0x24 CMakeFiles/pakgadget1.dir/tree/downloaded_tools/pico/pico-sdk/lib/tinyusb/src/device/usbd.c.obj
 .rodata.__func__.6512
                0x0000000010008b00       0x10 CMakeFiles/pakgadget1.dir/tree/downloaded_tools/pico/pico-sdk/lib/tinyusb/src/device/usbd.c.obj
 .rodata.__func__.7306
                0x0000000010008b10        0x9 CMakeFiles/pakgadget1.dir/tree/downloaded_tools/pico/pico-sdk/lib/tinyusb/src/device/usbd.c.obj
 *fill*         0x0000000010008b19        0x3 
 .rodata.__func__.7327
                0x0000000010008b1c       0x18 CMakeFiles/pakgadget1.dir/tree/downloaded_tools/pico/pico-sdk/lib/tinyusb/src/device/usbd.c.obj
 .rodata.__func__.7365
                0x0000000010008b34       0x13 CMakeFiles/pakgadget1.dir/tree/downloaded_tools/pico/pico-sdk/lib/tinyusb/src/device/usbd.c.obj
 *fill*         0x0000000010008b47        0x1 
 .rodata.__func__.7408
                0x0000000010008b48       0x17 CMakeFiles/pakgadget1.dir/tree/downloaded_tools/pico/pico-sdk/lib/tinyusb/src/device/usbd.c.obj
 *fill*         0x0000000010008b5f        0x1 
 .rodata.__func__.7462
                0x0000000010008b60       0x14 CMakeFiles/pakgadget1.dir/tree/downloaded_tools/pico/pico-sdk/lib/tinyusb/src/device/usbd.c.obj
 .rodata.__func__.7478
                0x0000000010008b74        0xf CMakeFiles/pakgadget1.dir/tree/downloaded_tools/pico/pico-sdk/lib/tinyusb/src/device/usbd.c.obj
 *fill*         0x0000000010008b83        0x1 
 .rodata.__func__.7506
                0x0000000010008b84        0xf CMakeFiles/pakgadget1.dir/tree/downloaded_tools/pico/pico-sdk/lib/tinyusb/src/device/usbd.c.obj
 *fill*         0x0000000010008b93        0x1 
 .rodata._usbd_driver
                0x0000000010008b94       0x18 CMakeFiles/pakgadget1.dir/tree/downloaded_tools/pico/pico-sdk/lib/tinyusb/src/device/usbd.c.obj
 .rodata.tud_control_xfer.str1.4
                0x0000000010008bac       0x17 CMakeFiles/pakgadget1.dir/tree/downloaded_tools/pico/pico-sdk/lib/tinyusb/src/device/usbd_control.c.obj
 .rodata.__func__.7219
                0x0000000010008bac       0x11 CMakeFiles/pakgadget1.dir/tree/downloaded_tools/pico/pico-sdk/lib/tinyusb/src/device/usbd_control.c.obj
 *fill*         0x0000000010008bbd        0x3 
 .rodata.__func__.7246
                0x0000000010008bc0       0x15 CMakeFiles/pakgadget1.dir/tree/downloaded_tools/pico/pico-sdk/lib/tinyusb/src/device/usbd_control.c.obj
 .rodata.tud_cdc_n_write_flush.str1.4
                0x0000000010008bd5       0x17 CMakeFiles/pakgadget1.dir/tree/downloaded_tools/pico/pico-sdk/lib/tinyusb/src/class/cdc/cdc_device.c.obj
 *fill*         0x0000000010008bd5        0x3 
 .rodata.__func__.7157
                0x0000000010008bd8       0x16 CMakeFiles/pakgadget1.dir/tree/downloaded_tools/pico/pico-sdk/lib/tinyusb/src/class/cdc/cdc_device.c.obj
 *fill*         0x0000000010008bee        0x2 
 .rodata.__func__.7190
                0x0000000010008bf0        0xa CMakeFiles/pakgadget1.dir/tree/downloaded_tools/pico/pico-sdk/lib/tinyusb/src/class/cdc/cdc_device.c.obj
 *fill*         0x0000000010008bfa        0x2 
 .rodata.__func__.7224
                0x0000000010008bfc        0xd CMakeFiles/pakgadget1.dir/tree/downloaded_tools/pico/pico-sdk/lib/tinyusb/src/class/cdc/cdc_device.c.obj
 .rodata.tusb_init.str1.4
                0x0000000010008c09       0x17 CMakeFiles/pakgadget1.dir/tree/downloaded_tools/pico/pico-sdk/lib/tinyusb/src/tusb.c.obj
 *fill*         0x0000000010008c09        0x3 
 .rodata.__func__.7094