Archive member included to satisfy reference by file (symbol)

/usr/lib/gcc/arm-none-eabi/9.2.1/../../../arm-none-eabi/lib/thumb/v6-m/nofp/libm.a(lib_a-feclearexcept.o)
                              CMakeFiles/picoputer1.dir/fparithmetic.c.obj (feclearexcept)
/usr/lib/gcc/arm-none-eabi/9.2.1/../../../arm-none-eabi/lib/thumb/v6-m/nofp/libm.a(lib_a-feholdexcept.o)
                              CMakeFiles/picoputer1.dir/fparithmetic.c.obj (feholdexcept)
/usr/lib/gcc/arm-none-eabi/9.2.1/../../../arm-none-eabi/lib/thumb/v6-m/nofp/libm.a(lib_a-fetestexcept.o)
                              CMakeFiles/picoputer1.dir/fparithmetic.c.obj (fetestexcept)
/usr/lib/gcc/arm-none-eabi/9.2.1/../../../arm-none-eabi/lib/thumb/v6-m/nofp/libm.a(lib_a-k_standard.o)
                              CMakeFiles/picoputer1.dir/w_sqrt.c.obj (__kernel_standard)
/usr/lib/gcc/arm-none-eabi/9.2.1/../../../arm-none-eabi/lib/thumb/v6-m/nofp/libm.a(lib_a-s_lib_ver.o)
                              CMakeFiles/picoputer1.dir/w_sqrt.c.obj (__fdlib_version)
/usr/lib/gcc/arm-none-eabi/9.2.1/../../../arm-none-eabi/lib/thumb/v6-m/nofp/libm.a(lib_a-s_rint.o)
                              CMakeFiles/picoputer1.dir/fparithmetic.c.obj (rint)
/usr/lib/gcc/arm-none-eabi/9.2.1/../../../arm-none-eabi/lib/thumb/v6-m/nofp/libm.a(lib_a-sf_rint.o)
                              CMakeFiles/picoputer1.dir/fparithmetic.c.obj (rintf)
/usr/lib/gcc/arm-none-eabi/9.2.1/thumb/v6-m/nofp/libgcc.a(_dvmd_tls.o)
                              CMakeFiles/picoputer1.dir/tree/downloaded_tools/pico/pico-sdk/src/rp2_common/pico_divider/divider.S.obj (__aeabi_idiv0)
/usr/lib/gcc/arm-none-eabi/9.2.1/../../../arm-none-eabi/lib/thumb/v6-m/nofp/libg.a(lib_a-atexit.o)
                              /usr/lib/gcc/arm-none-eabi/9.2.1/../../../arm-none-eabi/lib/thumb/v6-m/nofp/crt0.o (atexit)
/usr/lib/gcc/arm-none-eabi/9.2.1/../../../arm-none-eabi/lib/thumb/v6-m/nofp/libg.a(lib_a-calloc.o)
                              CMakeFiles/picoputer1.dir/tree/downloaded_tools/pico/pico-sdk/src/rp2_common/pico_malloc/pico_malloc.c.obj (calloc)
/usr/lib/gcc/arm-none-eabi/9.2.1/../../../arm-none-eabi/lib/thumb/v6-m/nofp/libg.a(lib_a-callocr.o)
                              /usr/lib/gcc/arm-none-eabi/9.2.1/../../../arm-none-eabi/lib/thumb/v6-m/nofp/libg.a(lib_a-calloc.o) (_calloc_r)
/usr/lib/gcc/arm-none-eabi/9.2.1/../../../arm-none-eabi/lib/thumb/v6-m/nofp/libg.a(lib_a-ctype_.o)
                              CMakeFiles/picoputer1.dir/picoputer1.c.obj (_ctype_)
/usr/lib/gcc/arm-none-eabi/9.2.1/../../../arm-none-eabi/lib/thumb/v6-m/nofp/libg.a(lib_a-errno.o)
                              CMakeFiles/picoputer1.dir/s_ldexp.c.obj (__errno)
/usr/lib/gcc/arm-none-eabi/9.2.1/../../../arm-none-eabi/lib/thumb/v6-m/nofp/libg.a(lib_a-fini.o)
                              /usr/lib/gcc/arm-none-eabi/9.2.1/../../../arm-none-eabi/lib/thumb/v6-m/nofp/crt0.o (__libc_fini_array)
/usr/lib/gcc/arm-none-eabi/9.2.1/../../../arm-none-eabi/lib/thumb/v6-m/nofp/libg.a(lib_a-fprintf.o)
                              CMakeFiles/picoputer1.dir/p.c.obj (fprintf)
/usr/lib/gcc/arm-none-eabi/9.2.1/../../../arm-none-eabi/lib/thumb/v6-m/nofp/libg.a(lib_a-impure.o)
                              /usr/lib/gcc/arm-none-eabi/9.2.1/../../../arm-none-eabi/lib/thumb/v6-m/nofp/libg.a(lib_a-calloc.o) (_impure_ptr)
/usr/lib/gcc/arm-none-eabi/9.2.1/../../../arm-none-eabi/lib/thumb/v6-m/nofp/libg.a(lib_a-init.o)
                              /usr/lib/gcc/arm-none-eabi/9.2.1/../../../arm-none-eabi/lib/thumb/v6-m/nofp/crt0.o (__libc_init_array)
/usr/lib/gcc/arm-none-eabi/9.2.1/../../../arm-none-eabi/lib/thumb/v6-m/nofp/libg.a(lib_a-malloc.o)
                              CMakeFiles/picoputer1.dir/tree/downloaded_tools/pico/pico-sdk/src/rp2_common/pico_malloc/pico_malloc.c.obj (malloc)
/usr/lib/gcc/arm-none-eabi/9.2.1/../../../arm-none-eabi/lib/thumb/v6-m/nofp/libg.a(lib_a-mallocr.o)
                              /usr/lib/gcc/arm-none-eabi/9.2.1/../../../arm-none-eabi/lib/thumb/v6-m/nofp/libg.a(lib_a-callocr.o) (_malloc_r)
/usr/lib/gcc/arm-none-eabi/9.2.1/../../../arm-none-eabi/lib/thumb/v6-m/nofp/libg.a(lib_a-mlock.o)
                              /usr/lib/gcc/arm-none-eabi/9.2.1/../../../arm-none-eabi/lib/thumb/v6-m/nofp/libg.a(lib_a-mallocr.o) (__malloc_lock)
/usr/lib/gcc/arm-none-eabi/9.2.1/../../../arm-none-eabi/lib/thumb/v6-m/nofp/libg.a(lib_a-sbrkr.o)
                              /usr/lib/gcc/arm-none-eabi/9.2.1/../../../arm-none-eabi/lib/thumb/v6-m/nofp/libg.a(lib_a-mallocr.o) (_sbrk_r)
/usr/lib/gcc/arm-none-eabi/9.2.1/../../../arm-none-eabi/lib/thumb/v6-m/nofp/libg.a(lib_a-strcpy.o)
                              CMakeFiles/picoputer1.dir/p.c.obj (strcpy)
/usr/lib/gcc/arm-none-eabi/9.2.1/../../../arm-none-eabi/lib/thumb/v6-m/nofp/libg.a(lib_a-strlen-stub.o)
                              CMakeFiles/picoputer1.dir/picoputer1.c.obj (strlen)
/usr/lib/gcc/arm-none-eabi/9.2.1/../../../arm-none-eabi/lib/thumb/v6-m/nofp/libg.a(lib_a-strncmp.o)
[...]
Memory Configuration

Name             Origin             Length             Attributes
FLASH            0x0000000010000000 0x0000000000200000 xr
RAM              0x0000000020000000 0x0000000000040000 xrw
SCRATCH_X        0x0000000020040000 0x0000000000001000 xrw
SCRATCH_Y        0x0000000020041000 0x0000000000001000 xrw
*default*        0x0000000000000000 0xffffffffffffffff

Linker script and memory map

LOAD /usr/lib/gcc/arm-none-eabi/9.2.1/thumb/v6-m/nofp/crti.o
LOAD /usr/lib/gcc/arm-none-eabi/9.2.1/thumb/v6-m/nofp/crtbegin.o
LOAD /usr/lib/gcc/arm-none-eabi/9.2.1/../../../arm-none-eabi/lib/thumb/v6-m/nofp/crt0.o

.flash_begin    0x0000000010000000        0x0
                0x0000000010000000                __flash_binary_start = .

.boot2          0x0000000010000000      0x100
                0x0000000010000000                __boot2_start__ = .
 *(.boot2)
 .boot2         0x0000000010000000      0x100 /tmp/ccVR2Zzh.o
                0x0000000010000100                __boot2_end__ = .
                0x0000000000000001                ASSERT (((__boot2_end__ - __boot2_start__) == 0x100), ERROR: Pico second stage bootloader must be 256 bytes in size)

.text           0x0000000010000100    0x10220
                0x0000000010000100                __logical_binary_start = .
 *(.vectors)
 .vectors       0x0000000010000100       0xd4 CMakeFiles/picoputer1.dir/tree/downloaded_tools/pico/pico-sdk/src/rp2_common/pico_standard_link/crt0.S.obj
                0x0000000010000100                __vectors
                0x0000000010000100                __VECTOR_TABLE
                0x00000000100001c0                isr_invalid
                0x00000000100001c0                __default_isrs_start
                0x00000000100001c2                isr_nmi
                0x00000000100001c4                isr_hardfault
                0x00000000100001c6                isr_svcall
                0x00000000100001c8                isr_pendsv
                0x00000000100001ca                isr_systick
                0x00000000100001cc                isr_irq30
                0x00000000100001cc                __unhandled_user_irq
                0x00000000100001cc                isr_irq13
                0x00000000100001cc                isr_irq27
                0x00000000100001cc                isr_irq31
                0x00000000100001cc                isr_irq5
                0x00000000100001cc                isr_irq11
                0x00000000100001cc                isr_irq23
                0x00000000100001cc                isr_irq18
                0x00000000100001cc                isr_irq28
                0x00000000100001cc                isr_irq19
                0x00000000100001cc                isr_irq0
                0x00000000100001cc                isr_irq6
                0x00000000100001cc                isr_irq22
                0x00000000100001cc                isr_irq17
                0x00000000100001cc                isr_irq14
                0x00000000100001cc                isr_irq2
                0x00000000100001cc                isr_irq10
                0x00000000100001cc                isr_irq8
                0x00000000100001cc                isr_irq24
                0x00000000100001cc                isr_irq1
                0x00000000100001cc                isr_irq7
                0x00000000100001cc                isr_irq21
                0x00000000100001cc                isr_irq20
                0x00000000100001cc                isr_irq15
                0x00000000100001cc                isr_irq25
                0x00000000100001cc                isr_irq4
                0x00000000100001cc                isr_irq16
                0x00000000100001cc                isr_irq29
                0x00000000100001cc                isr_irq26
                0x00000000100001cc                __default_isrs_end
                0x00000000100001cc                isr_irq3
                0x00000000100001cc                isr_irq12
                0x00000000100001cc                isr_irq9
                0x00000000100001d2                unhandled_user_irq_num_in_r0
 *(.binary_info_header)
 .binary_info_header
                0x00000000100001d4       0x14 CMakeFiles/picoputer1.dir/tree/downloaded_tools/pico/pico-sdk/src/rp2_common/pico_standard_link/crt0.S.obj
                0x00000000100001e8                __binary_info_header_end = .
 *(.reset)
 .reset         0x00000000100001e8       0xa8 CMakeFiles/picoputer1.dir/tree/downloaded_tools/pico/pico-sdk/src/rp2_common/pico_standard_link/crt0.S.obj
                0x00000000100001e8                _entry_point
                0x0000000010000266                __get_current_exception
 .reset         0x0000000010000290       0x30 CMakeFiles/picoputer1.dir/tree/downloaded_tools/pico/pico-sdk/src/rp2_common/pico_standard_link/binary_info.c.obj
 *(.init)
 .init          0x00000000100002c0        0x4 /usr/lib/gcc/arm-none-eabi/9.2.1/thumb/v6-m/nofp/crti.o
                0x00000000100002c0                _init
 *(EXCLUDE_FILE(*libm.a: *libc.a:*lib_a-mem*.o *libgcc.a:) .text*)
 .text          0x00000000100002c4       0x98 /usr/lib/gcc/arm-none-eabi/9.2.1/thumb/v6-m/nofp/crtbegin.o
 .text.link_in_boot_start_ack
                0x000000001000035c        0x2 CMakeFiles/picoputer1.dir/picoputer1.c.obj
                0x000000001000035c                link_in_boot_start_ack
 .text.link_in_booting_ack
                0x000000001000035e        0x2 CMakeFiles/picoputer1.dir/picoputer1.c.obj
                0x000000001000035e                link_in_booting_ack
 .text.link_in_boot_start_data
                0x0000000010000360       0x60 CMakeFiles/picoputer1.dir/picoputer1.c.obj
                0x0000000010000360                link_in_boot_start_data
 .text.picoputerclk_program_init
                0x00000000100003c0       0xec CMakeFiles/picoputer1.dir/picoputer1.c.obj
                0x00000000100003c0                picoputerclk_program_init
 .text.picoputerlinkin_get
                0x00000000100004ac       0x1e CMakeFiles/picoputer1.dir/picoputer1.c.obj
                0x00000000100004ac                picoputerlinkin_get
 *fill*         0x00000000100004ca        0x2 
 .text.init_transputer
                0x00000000100004cc       0x64 CMakeFiles/picoputer1.dir/picoputer1.c.obj
                0x00000000100004cc                init_transputer
 .text.link_in_boot_load
                0x0000000010000530       0x64 CMakeFiles/picoputer1.dir/picoputer1.c.obj
                0x0000000010000530                link_in_boot_load
 .text.link_in_booting_data
                0x0000000010000594       0x20 CMakeFiles/picoputer1.dir/picoputer1.c.obj
                0x0000000010000594                link_in_booting_data
 .text.ram_read
                0x00000000100005b4       0x46 CMakeFiles/picoputer1.dir/picoputer1.c.obj
                0x00000000100005b4                ram_read
 .text.ram_write
                0x00000000100005fa       0x66 CMakeFiles/picoputer1.dir/picoputer1.c.obj
                0x00000000100005fa                ram_write
 .text.printbuf
                0x0000000010000660       0x3c CMakeFiles/picoputer1.dir/picoputer1.c.obj
                0x0000000010000660                printbuf
 .text.spimain  0x000000001000069c      0x14c CMakeFiles/picoputer1.dir/picoputer1.c.obj
                0x000000001000069c                spimain
 .text.main     0x00000000100007e8      0x384 CMakeFiles/picoputer1.dir/picoputer1.c.obj
                0x00000000100007e8                main
 .text.t4_bitreverse
                0x0000000010000b6c       0x20 CMakeFiles/picoputer1.dir/p.c.obj
                0x0000000010000b6c                t4_bitreverse
 .text.fp_drop  0x0000000010000b8c       0x28 CMakeFiles/picoputer1.dir/p.c.obj
                0x0000000010000b8c                fp_drop
 .text.fp_drop2
                0x0000000010000bb4       0x28 CMakeFiles/picoputer1.dir/p.c.obj
                0x0000000010000bb4                fp_drop2
 .text.fp_popdb
                0x0000000010000bdc       0x3c CMakeFiles/picoputer1.dir/p.c.obj
                0x0000000010000bdc                fp_popdb
 .text.fp_peek2db
                0x0000000010000c18       0x58 CMakeFiles/picoputer1.dir/p.c.obj
                0x0000000010000c18                fp_peek2db
 .text.fp_pop2db
                0x0000000010000c70        0xc CMakeFiles/picoputer1.dir/p.c.obj
                0x0000000010000c70                fp_pop2db
 .text.fp_pushdb
                0x0000000010000c7c       0x34 CMakeFiles/picoputer1.dir/p.c.obj
                0x0000000010000c7c                fp_pushdb
 .text.fp_popsn
                0x0000000010000cb0       0x34 CMakeFiles/picoputer1.dir/p.c.obj
                0x0000000010000cb0                fp_popsn
 .text.fp_peek2sn
                0x0000000010000ce4       0x48 CMakeFiles/picoputer1.dir/p.c.obj
                0x0000000010000ce4                fp_peek2sn
 .text.fp_pop2sn
                0x0000000010000d2c        0xc CMakeFiles/picoputer1.dir/p.c.obj
                0x0000000010000d2c                fp_pop2sn
 .text.fp_pushsn
                0x0000000010000d38       0x30 CMakeFiles/picoputer1.dir/p.c.obj
                0x0000000010000d38                fp_pushsn
 .text.fp_dobinary
                0x0000000010000d68       0x80 CMakeFiles/picoputer1.dir/p.c.obj
                0x0000000010000d68                fp_dobinary
 .text.fp_binary2word
                0x0000000010000de8       0x5c CMakeFiles/picoputer1.dir/p.c.obj
                0x0000000010000de8                fp_binary2word
 .text.fp_dounary
                0x0000000010000e44       0x70 CMakeFiles/picoputer1.dir/p.c.obj
                0x0000000010000e44                fp_dounary
 .text.update_tod
                0x0000000010000eb4       0x44 CMakeFiles/picoputer1.dir/p.c.obj
                0x0000000010000eb4                update_tod
 .text.print_fpreg
                0x0000000010000ef8       0xf4 CMakeFiles/picoputer1.dir/p.c.obj
                0x0000000010000ef8                print_fpreg
 .text.processor_state
                0x0000000010000fec      0x180 CMakeFiles/picoputer1.dir/p.c.obj
                0x0000000010000fec                processor_state
 .text.mnemonic
                0x000000001000116c       0xcc CMakeFiles/picoputer1.dir/p.c.obj
                0x000000001000116c                mnemonic
 .text.checkWPtr
                0x0000000010001238       0x24 CMakeFiles/picoputer1.dir/p.c.obj
                0x0000000010001238                checkWPtr
 .text.checkWordAligned
                0x000000001000125c       0x24 CMakeFiles/picoputer1.dir/p.c.obj
                0x000000001000125c                checkWordAligned
 .text.word_int
                0x0000000010001280       0x50 CMakeFiles/picoputer1.dir/p.c.obj
                0x0000000010001280                word_int
 .text.writeword_int
                0x00000000100012d0       0x4c CMakeFiles/picoputer1.dir/p.c.obj
                0x00000000100012d0                writeword_int
 .text.byte_int
                0x000000001000131c       0x58 CMakeFiles/picoputer1.dir/p.c.obj
                0x000000001000131c                byte_int
 .text.writebyte_int
                0x0000000010001374       0x58 CMakeFiles/picoputer1.dir/p.c.obj
                0x0000000010001374                writebyte_int
 .text.word_notinit
                0x00000000100013cc       0x10 CMakeFiles/picoputer1.dir/p.c.obj
                0x00000000100013cc                word_notinit
 .text.word     0x00000000100013dc       0x48 CMakeFiles/picoputer1.dir/p.c.obj
                0x00000000100013dc                word
 .text.writeword
                0x0000000010001424       0x28 CMakeFiles/picoputer1.dir/p.c.obj
                0x0000000010001424                writeword
 .text.reset_channel
                0x000000001000144c       0x3c CMakeFiles/picoputer1.dir/p.c.obj
                0x000000001000144c                reset_channel
 .text.init_processor
                0x0000000010001488       0xe4 CMakeFiles/picoputer1.dir/p.c.obj
                0x0000000010001488                init_processor
 .text.run_process
                0x000000001000156c      0x290 CMakeFiles/picoputer1.dir/p.c.obj
                0x000000001000156c                run_process
 .text.deschedule
                0x00000000100017fc       0x50 CMakeFiles/picoputer1.dir/p.c.obj
                0x00000000100017fc                deschedule
 .text.interrupt
                0x000000001000184c       0xe4 CMakeFiles/picoputer1.dir/p.c.obj
                0x000000001000184c                interrupt
 .text.insert   0x0000000010001930      0x10c CMakeFiles/picoputer1.dir/p.c.obj
                0x0000000010001930                insert
 .text.purge_timer
                0x0000000010001a3c       0x84 CMakeFiles/picoputer1.dir/p.c.obj
                0x0000000010001a3c                purge_timer
 .text.schedule
                0x0000000010001ac0      0x158 CMakeFiles/picoputer1.dir/p.c.obj
                0x0000000010001ac0                schedule
 .text.update_time
                0x0000000010001c18      0x198 CMakeFiles/picoputer1.dir/p.c.obj
                0x0000000010001c18                update_time
 .text.start_process
                0x0000000010001db0       0xc4 CMakeFiles/picoputer1.dir/p.c.obj
                0x0000000010001db0                start_process
 .text.reschedule
                0x0000000010001e74       0x2c CMakeFiles/picoputer1.dir/p.c.obj
                0x0000000010001e74                reschedule
 .text.D_check  0x0000000010001ea0       0x88 CMakeFiles/picoputer1.dir/p.c.obj
                0x0000000010001ea0                D_check
 .text.byte     0x0000000010001f28       0x2c CMakeFiles/picoputer1.dir/p.c.obj
                0x0000000010001f28                byte
 .text.writebyte
                0x0000000010001f54       0x2c CMakeFiles/picoputer1.dir/p.c.obj
                0x0000000010001f54                writebyte
 .text.real32   0x0000000010001f80       0x14 CMakeFiles/picoputer1.dir/p.c.obj
                0x0000000010001f80                real32
 .text.writereal32
                0x0000000010001f94       0x14 CMakeFiles/picoputer1.dir/p.c.obj
                0x0000000010001f94                writereal32
 .text.real64   0x0000000010001fa8       0x28 CMakeFiles/picoputer1.dir/p.c.obj
                0x0000000010001fa8                real64
 .text.writereal64
                0x0000000010001fd0       0x20 CMakeFiles/picoputer1.dir/p.c.obj
                0x0000000010001fd0                writereal64
 .text.add_profile
                0x0000000010001ff0       0x2c CMakeFiles/picoputer1.dir/p.c.obj
                0x0000000010001ff0                add_profile
 .text.mainloop
                0x000000001000201c     0x3ae4 CMakeFiles/picoputer1.dir/p.c.obj
                0x000000001000201c                mainloop
 .text.t4_add32
                0x0000000010005b00       0x24 CMakeFiles/picoputer1.dir/arithmetic.c.obj
                0x0000000010005b00                t4_add32
 .text.t4_eadd32
                0x0000000010005b24       0x20 CMakeFiles/picoputer1.dir/arithmetic.c.obj
                0x0000000010005b24                t4_eadd32
 .text.t4_sub32
                0x0000000010005b44       0x24 CMakeFiles/picoputer1.dir/arithmetic.c.obj
                0x0000000010005b44                t4_sub32
 .text.t4_esub32
                0x0000000010005b68       0x20 CMakeFiles/picoputer1.dir/arithmetic.c.obj
                0x0000000010005b68                t4_esub32
 .text.t4_mul32
                0x0000000010005b88       0x20 CMakeFiles/picoputer1.dir/arithmetic.c.obj
                0x0000000010005b88                t4_mul32
 .text.t4_emul32
                0x0000000010005ba8       0x50 CMakeFiles/picoputer1.dir/arithmetic.c.obj
                0x0000000010005ba8                t4_emul32
 .text.t4_shl64
                0x0000000010005bf8       0x44 CMakeFiles/picoputer1.dir/arithmetic.c.obj
                0x0000000010005bf8                t4_shl64
 .text.t4_shr64
                0x0000000010005c3c       0x38 CMakeFiles/picoputer1.dir/arithmetic.c.obj
                0x0000000010005c3c                t4_shr64
 .text.t4_fmul  0x0000000010005c74       0x48 CMakeFiles/picoputer1.dir/arithmetic.c.obj
                0x0000000010005c74                t4_fmul
 .text.t4_norm64
                0x0000000010005cbc       0x68 CMakeFiles/picoputer1.dir/arithmetic.c.obj
                0x0000000010005cbc                t4_norm64
 .text.t4_longdiv
                0x0000000010005d24       0x28 CMakeFiles/picoputer1.dir/arithmetic.c.obj
                0x0000000010005d24                t4_longdiv
 .text.t4_infinity
                0x0000000010005d4c        0x6 CMakeFiles/picoputer1.dir/arithmetic.c.obj
                0x0000000010005d4c                t4_infinity
 .text.t4_isinf
                0x0000000010005d52       0x14 CMakeFiles/picoputer1.dir/arithmetic.c.obj
                0x0000000010005d52                t4_isinf
 .text.t4_iszero
                0x0000000010005d66        0xc CMakeFiles/picoputer1.dir/arithmetic.c.obj
                0x0000000010005d66                t4_iszero
 .text.t4_isnan
                0x0000000010005d72       0x20 CMakeFiles/picoputer1.dir/arithmetic.c.obj
                0x0000000010005d72                t4_isnan
 *fill*         0x0000000010005d92        0x2 
 .text.link_in_null
                0x0000000010005d94       0x18 CMakeFiles/picoputer1.dir/server.c.obj
                0x0000000010005d94                link_in_null
 .text.link_in_ack_null
                0x0000000010005dac       0x18 CMakeFiles/picoputer1.dir/server.c.obj
                0x0000000010005dac                link_in_ack_null
 .text.which_linkout
                0x0000000010005dc4       0x38 CMakeFiles/picoputer1.dir/server.c.obj
                0x0000000010005dc4                which_linkout
 .text.which_linkin
                0x0000000010005dfc       0x3c CMakeFiles/picoputer1.dir/server.c.obj
                0x0000000010005dfc                which_linkin
 .text.server_init
                0x0000000010005e38       0x5c CMakeFiles/picoputer1.dir/server.c.obj
                0x0000000010005e38                server_init
 .text.server_linkout_init
                0x0000000010005e94       0x10 CMakeFiles/picoputer1.dir/server.c.obj
                0x0000000010005e94                server_linkout_init
 .text.server_linkin_init
                0x0000000010005ea4       0x10 CMakeFiles/picoputer1.dir/server.c.obj
                0x0000000010005ea4                server_linkin_init
 .text.send_linkout_message
                0x0000000010005eb4       0x40 CMakeFiles/picoputer1.dir/server.c.obj
                0x0000000010005eb4                send_linkout_message
 .text.receive_linkin_message
                0x0000000010005ef4       0x40 CMakeFiles/picoputer1.dir/server.c.obj
                0x0000000010005ef4                receive_linkin_message
 .text.get_data_from_link
                0x0000000010005f34       0x34 CMakeFiles/picoputer1.dir/server.c.obj
                0x0000000010005f34                get_data_from_link
 .text.bootloop
                0x0000000010005f68       0x5c CMakeFiles/picoputer1.dir/server.c.obj
                0x0000000010005f68                bootloop
 .text.send_ack_to_link
                0x0000000010005fc4       0x2c CMakeFiles/picoputer1.dir/server.c.obj
                0x0000000010005fc4                send_ack_to_link
 .text.linkloop
                0x0000000010005ff0      0x1fc CMakeFiles/picoputer1.dir/server.c.obj
                0x0000000010005ff0                linkloop
 .text.server   0x00000000100061ec        0xa CMakeFiles/picoputer1.dir/server.c.obj
                0x00000000100061ec                server
 *fill*         0x00000000100061f6        0x2 
 .text.server_simkey
                0x00000000100061f8       0x28 CMakeFiles/picoputer1.dir/server.c.obj
                0x00000000100061f8                server_simkey
 .text.db_mulby2
                0x0000000010006220       0x18 CMakeFiles/picoputer1.dir/fparithmetic.c.obj
                0x0000000010006220                db_mulby2
 .text.db_divby2
                0x0000000010006238       0x1a CMakeFiles/picoputer1.dir/fparithmetic.c.obj
                0x0000000010006238                db_divby2
 .text.db_expinc32
                0x0000000010006252       0x18 CMakeFiles/picoputer1.dir/fparithmetic.c.obj
                0x0000000010006252                db_expinc32
 .text.db_expdec32
                0x000000001000626a       0x1a CMakeFiles/picoputer1.dir/fparithmetic.c.obj
                0x000000001000626a                db_expdec32
 .text.sn_mulby2
                0x0000000010006284        0xa CMakeFiles/picoputer1.dir/fparithmetic.c.obj
                0x0000000010006284                sn_mulby2
 .text.sn_divby2
                0x000000001000628e        0xc CMakeFiles/picoputer1.dir/fparithmetic.c.obj
                0x000000001000628e                sn_divby2
 .text.sn_expinc32
                0x000000001000629a        0xa CMakeFiles/picoputer1.dir/fparithmetic.c.obj
                0x000000001000629a                sn_expinc32
 .text.sn_expdec32
                0x00000000100062a4        0xc CMakeFiles/picoputer1.dir/fparithmetic.c.obj
                0x00000000100062a4                sn_expdec32
 .text.fp_setrounding
                0x00000000100062b0        0x2 CMakeFiles/picoputer1.dir/fparithmetic.c.obj
                0x00000000100062b0                fp_setrounding
 .text.db_sign  0x00000000100062b2        0x8 CMakeFiles/picoputer1.dir/fparithmetic.c.obj
                0x00000000100062b2                db_sign
 .text.fp_signdb
                0x00000000100062ba        0x8 CMakeFiles/picoputer1.dir/fparithmetic.c.obj
                0x00000000100062ba                fp_signdb
 .text.db_exp   0x00000000100062c2        0x8 CMakeFiles/picoputer1.dir/fparithmetic.c.obj
                0x00000000100062c2                db_exp
 .text.fp_expdb
                0x00000000100062ca        0x8 CMakeFiles/picoputer1.dir/fparithmetic.c.obj
                0x00000000100062ca                fp_expdb
 .text.db_frac  0x00000000100062d2        0x6 CMakeFiles/picoputer1.dir/fparithmetic.c.obj
                0x00000000100062d2                db_frac
 .text.fp_fracdb
                0x00000000100062d8        0x8 CMakeFiles/picoputer1.dir/fparithmetic.c.obj
                0x00000000100062d8                fp_fracdb
 .text.db_expfrac
                0x00000000100062e0        0x6 CMakeFiles/picoputer1.dir/fparithmetic.c.obj
                0x00000000100062e0                db_expfrac
 .text.fp_expfracdb
                0x00000000100062e6        0x8 CMakeFiles/picoputer1.dir/fparithmetic.c.obj
                0x00000000100062e6                fp_expfracdb
 *fill*         0x00000000100062ee        0x2 
 .text.db_inf   0x00000000100062f0       0x2c CMakeFiles/picoputer1.dir/fparithmetic.c.obj
                0x00000000100062f0                db_inf
 .text.fp_infdb
                0x000000001000631c        0x8 CMakeFiles/picoputer1.dir/fparithmetic.c.obj
                0x000000001000631c                fp_infdb
 .text.db_nan   0x0000000010006324       0x2c CMakeFiles/picoputer1.dir/fparithmetic.c.obj
                0x0000000010006324                db_nan
 .text.fp_nandb
                0x0000000010006350        0x8 CMakeFiles/picoputer1.dir/fparithmetic.c.obj
                0x0000000010006350                fp_nandb
 .text.db_add   0x0000000010006358       0xe4 CMakeFiles/picoputer1.dir/fparithmetic.c.obj
                0x0000000010006358                db_add
 .text.db_notfinite
                0x000000001000643c       0x18 CMakeFiles/picoputer1.dir/fparithmetic.c.obj
                0x000000001000643c                db_notfinite
 .text.fp_notfinitedb
                0x0000000010006454        0x8 CMakeFiles/picoputer1.dir/fparithmetic.c.obj
                0x0000000010006454                fp_notfinitedb
 .text.db_zero  0x000000001000645c        0xc CMakeFiles/picoputer1.dir/fparithmetic.c.obj
                0x000000001000645c                db_zero
 .text.fp_zerodb
                0x0000000010006468        0x8 CMakeFiles/picoputer1.dir/fparithmetic.c.obj
                0x0000000010006468                fp_zerodb
 .text.db_sqrt  0x0000000010006470       0x3c CMakeFiles/picoputer1.dir/fparithmetic.c.obj
                0x0000000010006470                db_sqrt
 .text.sn_sign  0x00000000100064ac        0x4 CMakeFiles/picoputer1.dir/fparithmetic.c.obj
                0x00000000100064ac                sn_sign
 .text.fp_signsn
                0x00000000100064b0        0x8 CMakeFiles/picoputer1.dir/fparithmetic.c.obj
                0x00000000100064b0                fp_signsn
 .text.sn_exp   0x00000000100064b8        0x8 CMakeFiles/picoputer1.dir/fparithmetic.c.obj
                0x00000000100064b8                sn_exp
 .text.fp_expsn
                0x00000000100064c0        0x8 CMakeFiles/picoputer1.dir/fparithmetic.c.obj
                0x00000000100064c0                fp_expsn
 .text.sn_frac  0x00000000100064c8        0x6 CMakeFiles/picoputer1.dir/fparithmetic.c.obj
                0x00000000100064c8                sn_frac
 .text.fp_fracsn
                0x00000000100064ce        0x8 CMakeFiles/picoputer1.dir/fparithmetic.c.obj
                0x00000000100064ce                fp_fracsn
 .text.sn_expfrac
                0x00000000100064d6        0x6 CMakeFiles/picoputer1.dir/fparithmetic.c.obj
                0x00000000100064d6                sn_expfrac
 .text.fp_expfracsn
                0x00000000100064dc        0x8 CMakeFiles/picoputer1.dir/fparithmetic.c.obj
                0x00000000100064dc                fp_expfracsn
 .text.sn_inf   0x00000000100064e4       0x22 CMakeFiles/picoputer1.dir/fparithmetic.c.obj
                0x00000000100064e4                sn_inf
 .text.fp_infsn
                0x0000000010006506        0x8 CMakeFiles/picoputer1.dir/fparithmetic.c.obj
                0x0000000010006506                fp_infsn
 .text.sn_nan   0x000000001000650e       0x22 CMakeFiles/picoputer1.dir/fparithmetic.c.obj
                0x000000001000650e                sn_nan
 .text.fp_nansn
                0x0000000010006530        0x8 CMakeFiles/picoputer1.dir/fparithmetic.c.obj
                0x0000000010006530                fp_nansn
 .text.sn_add   0x0000000010006538       0xa4 CMakeFiles/picoputer1.dir/fparithmetic.c.obj
                0x0000000010006538                sn_add
 .text.sn_notfinite
                0x00000000100065dc        0xe CMakeFiles/picoputer1.dir/fparithmetic.c.obj
                0x00000000100065dc                sn_notfinite
 .text.fp_notfinitesn
                0x00000000100065ea        0x8 CMakeFiles/picoputer1.dir/fparithmetic.c.obj
                0x00000000100065ea                fp_notfinitesn
 .text.sn_zero  0x00000000100065f2        0x8 CMakeFiles/picoputer1.dir/fparithmetic.c.obj
                0x00000000100065f2                sn_zero
 .text.fp_zerosn
                0x00000000100065fa        0x8 CMakeFiles/picoputer1.dir/fparithmetic.c.obj
                0x00000000100065fa                fp_zerosn
 .text.sn_sqrt  0x0000000010006602       0x26 CMakeFiles/picoputer1.dir/fparithmetic.c.obj
                0x0000000010006602                sn_sqrt
 .text.fp_clrexcept
                0x0000000010006628       0x1c CMakeFiles/picoputer1.dir/fparithmetic.c.obj
                0x0000000010006628                fp_clrexcept
 .text.fp_init  0x0000000010006644      0x290 CMakeFiles/picoputer1.dir/fparithmetic.c.obj
                0x0000000010006644                fp_init
 .text.fp_chkexcept
                0x00000000100068d4        0x2 CMakeFiles/picoputer1.dir/fparithmetic.c.obj
                0x00000000100068d4                fp_chkexcept
 *fill*         0x00000000100068d6        0x2 
 .text.fp_syncexcept
                0x00000000100068d8       0x20 CMakeFiles/picoputer1.dir/fparithmetic.c.obj
                0x00000000100068d8                fp_syncexcept
 .text.db_correct_sign
                0x00000000100068f8       0x32 CMakeFiles/picoputer1.dir/fparithmetic.c.obj
                0x00000000100068f8                db_correct_sign
 *fill*         0x000000001000692a        0x2 
 .text.db_mul   0x000000001000692c      0x114 CMakeFiles/picoputer1.dir/fparithmetic.c.obj
                0x000000001000692c                db_mul
 .text.db_div   0x0000000010006a40      0x128 CMakeFiles/picoputer1.dir/fparithmetic.c.obj
                0x0000000010006a40                db_div
 .text.db_change_sign
                0x0000000010006b68        0xe CMakeFiles/picoputer1.dir/fparithmetic.c.obj
                0x0000000010006b68                db_change_sign
 *fill*         0x0000000010006b76        0x2 
 .text.db_sub   0x0000000010006b78       0xf0 CMakeFiles/picoputer1.dir/fparithmetic.c.obj
                0x0000000010006b78                db_sub
 .text.sn_correct_sign
                0x0000000010006c68       0x28 CMakeFiles/picoputer1.dir/fparithmetic.c.obj
                0x0000000010006c68                sn_correct_sign
 .text.sn_mul   0x0000000010006c90       0xb8 CMakeFiles/picoputer1.dir/fparithmetic.c.obj
                0x0000000010006c90                sn_mul
 .text.sn_div   0x0000000010006d48       0xc8 CMakeFiles/picoputer1.dir/fparithmetic.c.obj
                0x0000000010006d48                sn_div
 .text.sn_change_sign
                0x0000000010006e10        0xa CMakeFiles/picoputer1.dir/fparithmetic.c.obj
                0x0000000010006e10                sn_change_sign
 *fill*         0x0000000010006e1a        0x2 
 .text.sn_sub   0x0000000010006e1c       0xa8 CMakeFiles/picoputer1.dir/fparithmetic.c.obj
                0x0000000010006e1c                sn_sub
 .text.fp_state
                0x0000000010006ec4      0x114 CMakeFiles/picoputer1.dir/fparithmetic.c.obj
                0x0000000010006ec4                fp_state
 .text.fp_setstate
                0x0000000010006fd8       0x32 CMakeFiles/picoputer1.dir/fparithmetic.c.obj
                0x0000000010006fd8                fp_setstate
 *fill*         0x000000001000700a        0x2 
 .text.db_binary
                0x000000001000700c       0x80 CMakeFiles/picoputer1.dir/fparithmetic.c.obj
                0x000000001000700c                db_binary
 .text.db_unary
                0x000000001000708c       0x74 CMakeFiles/picoputer1.dir/fparithmetic.c.obj
                0x000000001000708c                db_unary
 .text.sn_binary
                0x0000000010007100       0x50 CMakeFiles/picoputer1.dir/fparithmetic.c.obj
                0x0000000010007100                sn_binary
 .text.sn_unary
                0x0000000010007150       0x50 CMakeFiles/picoputer1.dir/fparithmetic.c.obj
                0x0000000010007150                sn_unary
 .text.DQuotRem
                0x00000000100071a0       0x3a CMakeFiles/picoputer1.dir/fparithmetic.c.obj
                0x00000000100071a0                DQuotRem
 .text.RQuotRem
                0x00000000100071da       0x26 CMakeFiles/picoputer1.dir/fparithmetic.c.obj
                0x00000000100071da                RQuotRem
 .text.fp_adddb
                0x0000000010007200       0x24 CMakeFiles/picoputer1.dir/fparithmetic.c.obj
                0x0000000010007200                fp_adddb
 .text.fp_subdb
                0x0000000010007224       0x24 CMakeFiles/picoputer1.dir/fparithmetic.c.obj
                0x0000000010007224                fp_subdb
 .text.fp_muldb
                0x0000000010007248       0x24 CMakeFiles/picoputer1.dir/fparithmetic.c.obj
                0x0000000010007248                fp_muldb
 .text.fp_divdb
                0x000000001000726c       0x24 CMakeFiles/picoputer1.dir/fparithmetic.c.obj
                0x000000001000726c                fp_divdb
 .text.fp_mulby2db
                0x0000000010007290       0x18 CMakeFiles/picoputer1.dir/fparithmetic.c.obj
                0x0000000010007290                fp_mulby2db
 .text.fp_divby2db
                0x00000000100072a8       0x18 CMakeFiles/picoputer1.dir/fparithmetic.c.obj
                0x00000000100072a8                fp_divby2db
 .text.fp_expinc32db
                0x00000000100072c0       0x18 CMakeFiles/picoputer1.dir/fparithmetic.c.obj
                0x00000000100072c0                fp_expinc32db
 .text.fp_expdec32db
                0x00000000100072d8       0x18 CMakeFiles/picoputer1.dir/fparithmetic.c.obj
                0x00000000100072d8                fp_expdec32db
 .text.fp_absdb
                0x00000000100072f0       0x60 CMakeFiles/picoputer1.dir/fparithmetic.c.obj
                0x00000000100072f0                fp_absdb
 .text.fp_sqrtfirstdb
                0x0000000010007350       0x60 CMakeFiles/picoputer1.dir/fparithmetic.c.obj
                0x0000000010007350                fp_sqrtfirstdb
 .text.fp_sqrtlastdb
                0x00000000100073b0       0x18 CMakeFiles/picoputer1.dir/fparithmetic.c.obj
                0x00000000100073b0                fp_sqrtlastdb
 .text.fp_remfirstdb
                0x00000000100073c8      0x1b8 CMakeFiles/picoputer1.dir/fparithmetic.c.obj
                0x00000000100073c8                fp_remfirstdb
 .text.fp_gtdb  0x0000000010007580       0xcc CMakeFiles/picoputer1.dir/fparithmetic.c.obj
                0x0000000010007580                fp_gtdb
 .text.fp_eqdb  0x000000001000764c       0x50 CMakeFiles/picoputer1.dir/fparithmetic.c.obj
                0x000000001000764c                fp_eqdb
 .text.fp_ordereddb
                0x000000001000769c       0x26 CMakeFiles/picoputer1.dir/fparithmetic.c.obj
                0x000000001000769c                fp_ordereddb
 *fill*         0x00000000100076c2        0x2 
 .text.fp_r64tor32
                0x00000000100076c4       0x58 CMakeFiles/picoputer1.dir/fparithmetic.c.obj
                0x00000000100076c4                fp_r64tor32
 .text.fp_intdb
                0x000000001000771c       0xac CMakeFiles/picoputer1.dir/fparithmetic.c.obj
                0x000000001000771c                fp_intdb
 .text.fp_chki32db
                0x00000000100077c8       0xa4 CMakeFiles/picoputer1.dir/fparithmetic.c.obj
                0x00000000100077c8                fp_chki32db
 .text.fp_chki64db
                0x000000001000786c       0xa4 CMakeFiles/picoputer1.dir/fparithmetic.c.obj
                0x000000001000786c                fp_chki64db
 .text.fp_rtoi32db
                0x0000000010007910       0xc8 CMakeFiles/picoputer1.dir/fparithmetic.c.obj
                0x0000000010007910                fp_rtoi32db
 .text.fp_norounddb
                0x00000000100079d8       0x54 CMakeFiles/picoputer1.dir/fparithmetic.c.obj
                0x00000000100079d8                fp_norounddb
 .text.fp_stnli32db
                0x0000000010007a2c       0xc4 CMakeFiles/picoputer1.dir/fparithmetic.c.obj
                0x0000000010007a2c                fp_stnli32db
 .text.fp_i32tor64
                0x0000000010007af0       0x34 CMakeFiles/picoputer1.dir/fparithmetic.c.obj
                0x0000000010007af0                fp_i32tor64
 .text.fp_b32tor64
                0x0000000010007b24       0x34 CMakeFiles/picoputer1.dir/fparithmetic.c.obj
                0x0000000010007b24                fp_b32tor64
 .text.fp_addsn
                0x0000000010007b58       0x10 CMakeFiles/picoputer1.dir/fparithmetic.c.obj
                0x0000000010007b58                fp_addsn
 .text.fp_subsn
                0x0000000010007b68       0x10 CMakeFiles/picoputer1.dir/fparithmetic.c.obj
                0x0000000010007b68                fp_subsn
 .text.fp_mulsn
                0x0000000010007b78       0x10 CMakeFiles/picoputer1.dir/fparithmetic.c.obj
                0x0000000010007b78                fp_mulsn
 .text.fp_divsn
                0x0000000010007b88       0x10 CMakeFiles/picoputer1.dir/fparithmetic.c.obj
                0x0000000010007b88                fp_divsn
 .text.fp_mulby2sn
                0x0000000010007b98       0x10 CMakeFiles/picoputer1.dir/fparithmetic.c.obj
                0x0000000010007b98                fp_mulby2sn
 .text.fp_divby2sn
                0x0000000010007ba8       0x10 CMakeFiles/picoputer1.dir/fparithmetic.c.obj
                0x0000000010007ba8                fp_divby2sn
 .text.fp_expinc32sn
                0x0000000010007bb8       0x10 CMakeFiles/picoputer1.dir/fparithmetic.c.obj
                0x0000000010007bb8                fp_expinc32sn
 .text.fp_expdec32sn
                0x0000000010007bc8       0x10 CMakeFiles/picoputer1.dir/fparithmetic.c.obj
                0x0000000010007bc8                fp_expdec32sn
 .text.fp_abssn
                0x0000000010007bd8       0x4c CMakeFiles/picoputer1.dir/fparithmetic.c.obj
                0x0000000010007bd8                fp_abssn
 .text.fp_sqrtfirstsn
                0x0000000010007c24       0x48 CMakeFiles/picoputer1.dir/fparithmetic.c.obj
                0x0000000010007c24                fp_sqrtfirstsn
 .text.fp_sqrtlastsn
                0x0000000010007c6c       0x10 CMakeFiles/picoputer1.dir/fparithmetic.c.obj
                0x0000000010007c6c                fp_sqrtlastsn
 .text.fp_remfirstsn
                0x0000000010007c7c       0xc8 CMakeFiles/picoputer1.dir/fparithmetic.c.obj
                0x0000000010007c7c                fp_remfirstsn
 .text.fp_gtsn  0x0000000010007d44       0x88 CMakeFiles/picoputer1.dir/fparithmetic.c.obj
                0x0000000010007d44                fp_gtsn
 .text.fp_eqsn  0x0000000010007dcc       0x44 CMakeFiles/picoputer1.dir/fparithmetic.c.obj
                0x0000000010007dcc                fp_eqsn
 .text.fp_orderedsn
                0x0000000010007e10       0x22 CMakeFiles/picoputer1.dir/fparithmetic.c.obj
                0x0000000010007e10                fp_orderedsn
 *fill*         0x0000000010007e32        0x2 
 .text.fp_r32tor64
                0x0000000010007e34       0xa0 CMakeFiles/picoputer1.dir/fparithmetic.c.obj
                0x0000000010007e34                fp_r32tor64
 .text.fp_intsn
                0x0000000010007ed4       0x88 CMakeFiles/picoputer1.dir/fparithmetic.c.obj
                0x0000000010007ed4                fp_intsn
 .text.fp_chki32sn
                0x0000000010007f5c       0x74 CMakeFiles/picoputer1.dir/fparithmetic.c.obj
                0x0000000010007f5c                fp_chki32sn
 .text.fp_chki64sn
                0x0000000010007fd0       0x74 CMakeFiles/picoputer1.dir/fparithmetic.c.obj
                0x0000000010007fd0                fp_chki64sn
 .text.fp_rtoi32sn
                0x0000000010008044       0x10 CMakeFiles/picoputer1.dir/fparithmetic.c.obj
                0x0000000010008044                fp_rtoi32sn
 .text.fp_stnli32sn
                0x0000000010008054       0x78 CMakeFiles/picoputer1.dir/fparithmetic.c.obj
                0x0000000010008054                fp_stnli32sn
 .text.fp_i32tor32
                0x00000000100080cc       0x24 CMakeFiles/picoputer1.dir/fparithmetic.c.obj
                0x00000000100080cc                fp_i32tor32
 .text.fdm_ldexp
                0x00000000100080f0       0x9c CMakeFiles/picoputer1.dir/s_ldexp.c.obj
                0x00000000100080f0                fdm_ldexp
 .text.fdm_ldexpf
                0x000000001000818c       0x74 CMakeFiles/picoputer1.dir/s_ldexpf.c.obj
                0x000000001000818c                fdm_ldexpf
 .text.fdm_scalbn
                0x0000000010008200      0x120 CMakeFiles/picoputer1.dir/s_scalbn.c.obj
                0x0000000010008200                fdm_scalbn
 .text.fdm_scalbnf
                0x0000000010008320       0xc8 CMakeFiles/picoputer1.dir/s_scalbnf.c.obj
                0x0000000010008320                fdm_scalbnf
 .text.fdm_sqrt
                0x00000000100083e8       0x5c CMakeFiles/picoputer1.dir/w_sqrt.c.obj
                0x00000000100083e8                fdm_sqrt
 .text.fdm_remainder
                0x0000000010008444       0x60 CMakeFiles/picoputer1.dir/w_remainder.c.obj
                0x0000000010008444                fdm_remainder
 .text.gpio_set_function
                0x00000000100084a4       0x30 CMakeFiles/picoputer1.dir/tree/downloaded_tools/pico/pico-sdk/src/rp2_common/hardware_gpio/gpio.c.obj
                0x00000000100084a4                gpio_set_function
 .text.gpio_set_pulls
                0x00000000100084d4       0x34 CMakeFiles/picoputer1.dir/tree/downloaded_tools/pico/pico-sdk/src/rp2_common/hardware_gpio/gpio.c.obj
                0x00000000100084d4                gpio_set_pulls
 .text.gpio_init
                0x0000000010008508       0x16 CMakeFiles/picoputer1.dir/tree/downloaded_tools/pico/pico-sdk/src/rp2_common/hardware_gpio/gpio.c.obj
                0x0000000010008508                gpio_init
 *fill*         0x000000001000851e        0x2 
 .text.hw_claim_lock
                0x0000000010008520       0x18 CMakeFiles/picoputer1.dir/tree/downloaded_tools/pico/pico-sdk/src/rp2_common/hardware_claim/claim.c.obj
                0x0000000010008520                hw_claim_lock
 .text.hw_claim_unlock
                0x0000000010008538       0x14 CMakeFiles/picoputer1.dir/tree/downloaded_tools/pico/pico-sdk/src/rp2_common/hardware_claim/claim.c.obj
                0x0000000010008538                hw_claim_unlock
 .text.hw_claim_or_assert
                0x000000001000854c       0x32 CMakeFiles/picoputer1.dir/tree/downloaded_tools/pico/pico-sdk/src/rp2_common/hardware_claim/claim.c.obj
                0x000000001000854c                hw_claim_or_assert
 .text.hw_claim_unused_from_range
                0x000000001000857e       0x50 CMakeFiles/picoputer1.dir/tree/downloaded_tools/pico/pico-sdk/src/rp2_common/hardware_claim/claim.c.obj
                0x000000001000857e                hw_claim_unused_from_range
 *fill*         0x00000000100085ce        0x2 
 .text.running_on_fpga
                0x00000000100085d0       0x14 CMakeFiles/picoputer1.dir/tree/downloaded_tools/pico/pico-sdk/src/rp2_common/pico_platform/platform.c.obj
                0x00000000100085d0                running_on_fpga
 .text.spin_locks_reset
                0x00000000100085e4       0x20 CMakeFiles/picoputer1.dir/tree/downloaded_tools/pico/pico-sdk/src/rp2_common/hardware_sync/sync.c.obj
                0x00000000100085e4                spin_locks_reset
 .text.next_striped_spin_lock_num
                0x0000000010008604       0x1c CMakeFiles/picoputer1.dir/tree/downloaded_tools/pico/pico-sdk/src/rp2_common/hardware_sync/sync.c.obj
                0x0000000010008604                next_striped_spin_lock_num
 .text.spin_lock_claim_unused
                0x0000000010008620       0x20 CMakeFiles/picoputer1.dir/tree/downloaded_tools/pico/pico-sdk/src/rp2_common/hardware_sync/sync.c.obj
                0x0000000010008620                spin_lock_claim_unused
 .text.uart_set_baudrate
                0x0000000010008640       0x5c CMakeFiles/picoputer1.dir/tree/downloaded_tools/pico/pico-sdk/src/rp2_common/hardware_uart/uart.c.obj
                0x0000000010008640                uart_set_baudrate
 .text.uart_set_translate_crlf
                0x000000001000869c       0x28 CMakeFiles/picoputer1.dir/tree/downloaded_tools/pico/pico-sdk/src/rp2_common/hardware_uart/uart.c.obj
                0x000000001000869c                uart_set_translate_crlf
 .text.uart_init
                0x00000000100086c4       0x80 CMakeFiles/picoputer1.dir/tree/downloaded_tools/pico/pico-sdk/src/rp2_common/hardware_uart/uart.c.obj
                0x00000000100086c4                uart_init
 .text.alarm_pool_post_alloc_init
                0x0000000010008744       0x40 CMakeFiles/picoputer1.dir/tree/downloaded_tools/pico/pico-sdk/src/common/pico_time/time.c.obj
 .text.sleep_until_callback
                0x0000000010008784       0x30 CMakeFiles/picoputer1.dir/tree/downloaded_tools/pico/pico-sdk/src/common/pico_time/time.c.obj
 .text.timer_pool_entry_comparator
                0x00000000100087b4       0x7c CMakeFiles/picoputer1.dir/tree/downloaded_tools/pico/pico-sdk/src/common/pico_time/time.c.obj
                0x00000000100087b4                timer_pool_entry_comparator
 .text.ph_add_child_node
                0x0000000010008830       0xa4 CMakeFiles/picoputer1.dir/tree/downloaded_tools/pico/pico-sdk/src/common/pico_time/time.c.obj
 .text.ph_merge_nodes
                0x00000000100088d4       0x3e CMakeFiles/picoputer1.dir/tree/downloaded_tools/pico/pico-sdk/src/common/pico_time/time.c.obj
 *fill*         0x0000000010008912        0x2 
 .text.add_alarm_under_lock
                0x0000000010008914      0x174 CMakeFiles/picoputer1.dir/tree/downloaded_tools/pico/pico-sdk/src/common/pico_time/time.c.obj
 .text.alarm_pool_alarm_callback
                0x0000000010008a88      0x32c CMakeFiles/picoputer1.dir/tree/downloaded_tools/pico/pico-sdk/src/common/pico_time/time.c.obj
 .text.alarm_pool_init_default
                0x0000000010008db4       0x38 CMakeFiles/picoputer1.dir/tree/downloaded_tools/pico/pico-sdk/src/common/pico_time/time.c.obj
                0x0000000010008db4                alarm_pool_init_default
 .text.alarm_pool_get_default
                0x0000000010008dec       0x2c CMakeFiles/picoputer1.dir/tree/downloaded_tools/pico/pico-sdk/src/common/pico_time/time.c.obj
                0x0000000010008dec                alarm_pool_get_default
 .text.alarm_pool_add_alarm_at
                0x0000000010008e18      0x170 CMakeFiles/picoputer1.dir/tree/downloaded_tools/pico/pico-sdk/src/common/pico_time/time.c.obj
                0x0000000010008e18                alarm_pool_add_alarm_at
 .text.alarm_pool_cancel_alarm
                0x0000000010008f88       0xec CMakeFiles/picoputer1.dir/tree/downloaded_tools/pico/pico-sdk/src/common/pico_time/time.c.obj
                0x0000000010008f88                alarm_pool_cancel_alarm
 .text.sleep_until
                0x0000000010009074       0xfc CMakeFiles/picoputer1.dir/tree/downloaded_tools/pico/pico-sdk/src/common/pico_time/time.c.obj
                0x0000000010009074                sleep_until
 .text.sleep_us
                0x0000000010009170       0x58 CMakeFiles/picoputer1.dir/tree/downloaded_tools/pico/pico-sdk/src/common/pico_time/time.c.obj
                0x0000000010009170                sleep_us
 .text.sleep_ms
                0x00000000100091c8       0x14 CMakeFiles/picoputer1.dir/tree/downloaded_tools/pico/pico-sdk/src/common/pico_time/time.c.obj
                0x00000000100091c8                sleep_ms
 .text.best_effort_wfe_or_timeout
                0x00000000100091dc       0x80 CMakeFiles/picoputer1.dir/tree/downloaded_tools/pico/pico-sdk/src/common/pico_time/time.c.obj
                0x00000000100091dc                best_effort_wfe_or_timeout
 .text.hardware_alarm_irq_handler
                0x000000001000925c       0x8c CMakeFiles/picoputer1.dir/tree/downloaded_tools/pico/pico-sdk/src/rp2_common/hardware_timer/timer.c.obj
 .text.hardware_alarm_claim
                0x00000000100092e8       0x18 CMakeFiles/picoputer1.dir/tree/downloaded_tools/pico/pico-sdk/src/rp2_common/hardware_timer/timer.c.obj
                0x00000000100092e8                hardware_alarm_claim
 .text.time_us_64
                0x0000000010009300       0x18 CMakeFiles/picoputer1.dir/tree/downloaded_tools/pico/pico-sdk/src/rp2_common/hardware_timer/timer.c.obj
                0x0000000010009300                time_us_64
 .text.busy_wait_until
                0x0000000010009318       0x24 CMakeFiles/picoputer1.dir/tree/downloaded_tools/pico/pico-sdk/src/rp2_common/hardware_timer/timer.c.obj
                0x0000000010009318                busy_wait_until
 .text.hardware_alarm_set_callback
                0x000000001000933c       0x90 CMakeFiles/picoputer1.dir/tree/downloaded_tools/pico/pico-sdk/src/rp2_common/hardware_timer/timer.c.obj
                0x000000001000933c                hardware_alarm_set_callback
 .text.hardware_alarm_set_target
                0x00000000100093cc       0xe8 CMakeFiles/picoputer1.dir/tree/downloaded_tools/pico/pico-sdk/src/rp2_common/hardware_timer/timer.c.obj
                0x00000000100093cc                hardware_alarm_set_target
 .text.hardware_alarm_cancel
                0x00000000100094b4       0x40 CMakeFiles/picoputer1.dir/tree/downloaded_tools/pico/pico-sdk/src/rp2_common/hardware_timer/timer.c.obj
                0x00000000100094b4                hardware_alarm_cancel
 .text.lock_init
                0x00000000100094f4       0x10 CMakeFiles/picoputer1.dir/tree/downloaded_tools/pico/pico-sdk/src/common/pico_sync/lock_core.c.obj
                0x00000000100094f4                lock_init
 .text.mutex_init_internal
                0x0000000010009504       0x1e CMakeFiles/picoputer1.dir/tree/downloaded_tools/pico/pico-sdk/src/common/pico_sync/mutex.c.obj
 .text.mutex_init
                0x0000000010009522        0xa CMakeFiles/picoputer1.dir/tree/downloaded_tools/pico/pico-sdk/src/common/pico_sync/mutex.c.obj
                0x0000000010009522                mutex_init
 .text.recursive_mutex_init
                0x000000001000952c        0xa CMakeFiles/picoputer1.dir/tree/downloaded_tools/pico/pico-sdk/src/common/pico_sync/mutex.c.obj
                0x000000001000952c                recursive_mutex_init
 *fill*         0x0000000010009536        0x2 
 .text.critical_section_init_with_lock_num
                0x0000000010009538       0x14 CMakeFiles/picoputer1.dir/tree/downloaded_tools/pico/pico-sdk/src/common/pico_sync/critical_section.c.obj
                0x0000000010009538                critical_section_init_with_lock_num
 .text.critical_section_init
                0x000000001000954c       0x14 CMakeFiles/picoputer1.dir/tree/downloaded_tools/pico/pico-sdk/src/common/pico_sync/critical_section.c.obj
                0x000000001000954c                critical_section_init
 .text.ph_add_child_node
                0x0000000010009560       0xa4 CMakeFiles/picoputer1.dir/tree/downloaded_tools/pico/pico-sdk/src/common/pico_util/pheap.c.obj
 .text.ph_merge_nodes
                0x0000000010009604       0x3e CMakeFiles/picoputer1.dir/tree/downloaded_tools/pico/pico-sdk/src/common/pico_util/pheap.c.obj
 *fill*         0x0000000010009642        0x2 
 .text.ph_clear
                0x0000000010009644       0x70 CMakeFiles/picoputer1.dir/tree/downloaded_tools/pico/pico-sdk/src/common/pico_util/pheap.c.obj
                0x0000000010009644                ph_clear
 .text.ph_post_alloc_init
                0x00000000100096b4        0xe CMakeFiles/picoputer1.dir/tree/downloaded_tools/pico/pico-sdk/src/common/pico_util/pheap.c.obj
                0x00000000100096b4                ph_post_alloc_init
 *fill*         0x00000000100096c2        0x2 
 .text.ph_merge_two_pass
                0x00000000100096c4       0xa8 CMakeFiles/picoputer1.dir/tree/downloaded_tools/pico/pico-sdk/src/common/pico_util/pheap.c.obj
                0x00000000100096c4                ph_merge_two_pass
 .text.ph_remove_any_head
                0x000000001000976c      0x108 CMakeFiles/picoputer1.dir/tree/downloaded_tools/pico/pico-sdk/src/common/pico_util/pheap.c.obj
 .text.ph_remove_head
                0x0000000010009874       0x14 CMakeFiles/picoputer1.dir/tree/downloaded_tools/pico/pico-sdk/src/common/pico_util/pheap.c.obj
                0x0000000010009874                ph_remove_head
 .text.ph_remove_and_free_node
                0x0000000010009888       0xf8 CMakeFiles/picoputer1.dir/tree/downloaded_tools/pico/pico-sdk/src/common/pico_util/pheap.c.obj
                0x0000000010009888                ph_remove_and_free_node
 .text.runtime_init
                0x0000000010009980       0xd8 CMakeFiles/picoputer1.dir/tree/downloaded_tools/pico/pico-sdk/src/rp2_common/pico_runtime/runtime.c.obj
                0x0000000010009980                runtime_init
 .text._exit    0x0000000010009a58        0x4 CMakeFiles/picoputer1.dir/tree/downloaded_tools/pico/pico-sdk/src/rp2_common/pico_runtime/runtime.c.obj
                0x0000000010009a58                _exit
 .text.exit     0x0000000010009a5c        0x6 CMakeFiles/picoputer1.dir/tree/downloaded_tools/pico/pico-sdk/src/rp2_common/pico_runtime/runtime.c.obj
                0x0000000010009a5c                exit
 *fill*         0x0000000010009a62        0x2 
 .text.__assert_func
                0x0000000010009a64       0x3c CMakeFiles/picoputer1.dir/tree/downloaded_tools/pico/pico-sdk/src/rp2_common/pico_runtime/runtime.c.obj
                0x0000000010009a64                __assert_func
 .text.panic    0x0000000010009aa0       0x30 CMakeFiles/picoputer1.dir/tree/downloaded_tools/pico/pico-sdk/src/rp2_common/pico_runtime/runtime.c.obj
                0x0000000010009aa0                panic
 .text.clock_configure
                0x0000000010009ad0      0x104 CMakeFiles/picoputer1.dir/tree/downloaded_tools/pico/pico-sdk/src/rp2_common/hardware_clocks/clocks.c.obj
                0x0000000010009ad0                clock_configure
 .text.clocks_init
                0x0000000010009bd4      0x100 CMakeFiles/picoputer1.dir/tree/downloaded_tools/pico/pico-sdk/src/rp2_common/hardware_clocks/clocks.c.obj
                0x0000000010009bd4                clocks_init
 .text.clock_get_hz
                0x0000000010009cd4        0xc CMakeFiles/picoputer1.dir/tree/downloaded_tools/pico/pico-sdk/src/rp2_common/hardware_clocks/clocks.c.obj
                0x0000000010009cd4                clock_get_hz
 .text.set_raw_irq_handler_and_unlock
                0x0000000010009ce0       0x28 CMakeFiles/picoputer1.dir/tree/downloaded_tools/pico/pico-sdk/src/rp2_common/hardware_irq/irq.c.obj
 .text.make_branch
                0x0000000010009d08       0x34 CMakeFiles/picoputer1.dir/tree/downloaded_tools/pico/pico-sdk/src/rp2_common/hardware_irq/irq.c.obj
 .text.insert_branch_and_link
                0x0000000010009d3c       0x40 CMakeFiles/picoputer1.dir/tree/downloaded_tools/pico/pico-sdk/src/rp2_common/hardware_irq/irq.c.obj
 .text.irq_is_enabled
                0x0000000010009d7c       0x18 CMakeFiles/picoputer1.dir/tree/downloaded_tools/pico/pico-sdk/src/rp2_common/hardware_irq/irq.c.obj
                0x0000000010009d7c                irq_is_enabled
 .text.irq_set_mask_enabled
                0x0000000010009d94       0x20 CMakeFiles/picoputer1.dir/tree/downloaded_tools/pico/pico-sdk/src/rp2_common/hardware_irq/irq.c.obj
                0x0000000010009d94                irq_set_mask_enabled
 .text.irq_set_enabled
                0x0000000010009db4        0xe CMakeFiles/picoputer1.dir/tree/downloaded_tools/pico/pico-sdk/src/rp2_common/hardware_irq/irq.c.obj
                0x0000000010009db4                irq_set_enabled
 *fill*         0x0000000010009dc2        0x2 
 .text.irq_set_pending
                0x0000000010009dc4       0x10 CMakeFiles/picoputer1.dir/tree/downloaded_tools/pico/pico-sdk/src/rp2_common/hardware_irq/irq.c.obj
                0x0000000010009dc4                irq_set_pending
 .text.irq_get_vtable_handler
                0x0000000010009dd4       0x10 CMakeFiles/picoputer1.dir/tree/downloaded_tools/pico/pico-sdk/src/rp2_common/hardware_irq/irq.c.obj
                0x0000000010009dd4                irq_get_vtable_handler
 .text.irq_set_exclusive_handler
                0x0000000010009de4       0x54 CMakeFiles/picoputer1.dir/tree/downloaded_tools/pico/pico-sdk/src/rp2_common/hardware_irq/irq.c.obj
                0x0000000010009de4                irq_set_exclusive_handler
 .text.irq_remove_handler
                0x0000000010009e38      0x1ac CMakeFiles/picoputer1.dir/tree/downloaded_tools/pico/pico-sdk/src/rp2_common/hardware_irq/irq.c.obj
                0x0000000010009e38                irq_remove_handler
 .text.irq_set_priority
                0x0000000010009fe4       0x28 CMakeFiles/picoputer1.dir/tree/downloaded_tools/pico/pico-sdk/src/rp2_common/hardware_irq/irq.c.obj
                0x0000000010009fe4                irq_set_priority
 .text.irq_add_tail_to_free_list
                0x000000001000a00c       0xf0 CMakeFiles/picoputer1.dir/tree/downloaded_tools/pico/pico-sdk/src/rp2_common/hardware_irq/irq.c.obj
                0x000000001000a00c                irq_add_tail_to_free_list
 .text.irq_init_priorities
                0x000000001000a0fc       0x16 CMakeFiles/picoputer1.dir/tree/downloaded_tools/pico/pico-sdk/src/rp2_common/hardware_irq/irq.c.obj
                0x000000001000a0fc                irq_init_priorities
 *fill*         0x000000001000a112        0x2 
 .text.pll_init
                0x000000001000a114      0x118 CMakeFiles/picoputer1.dir/tree/downloaded_tools/pico/pico-sdk/src/rp2_common/hardware_pll/pll.c.obj
                0x000000001000a114                pll_init
 .text.watchdog_start_tick
                0x000000001000a22c       0x10 CMakeFiles/picoputer1.dir/tree/downloaded_tools/pico/pico-sdk/src/rp2_common/hardware_watchdog/watchdog.c.obj
                0x000000001000a22c                watchdog_start_tick
 .text.watchdog_update
                0x000000001000a23c       0x14 CMakeFiles/picoputer1.dir/tree/downloaded_tools/pico/pico-sdk/src/rp2_common/hardware_watchdog/watchdog.c.obj
                0x000000001000a23c                watchdog_update
 .text._watchdog_enable
                0x000000001000a250       0x70 CMakeFiles/picoputer1.dir/tree/downloaded_tools/pico/pico-sdk/src/rp2_common/hardware_watchdog/watchdog.c.obj
                0x000000001000a250                _watchdog_enable
 .text.watchdog_reboot
                0x000000001000a2c0       0x48 CMakeFiles/picoputer1.dir/tree/downloaded_tools/pico/pico-sdk/src/rp2_common/hardware_watchdog/watchdog.c.obj
                0x000000001000a2c0                watchdog_reboot
 .text.xosc_init
                0x000000001000a308       0x28 CMakeFiles/picoputer1.dir/tree/downloaded_tools/pico/pico-sdk/src/rp2_common/hardware_xosc/xosc.c.obj
                0x000000001000a308                xosc_init
 .text._out_buffer
                0x000000001000a330        0x8 CMakeFiles/picoputer1.dir/tree/downloaded_tools/pico/pico-sdk/src/rp2_common/pico_printf/printf.c.obj
 .text._out_null
                0x000000001000a338        0x2 CMakeFiles/picoputer1.dir/tree/downloaded_tools/pico/pico-sdk/src/rp2_common/pico_printf/printf.c.obj
 .text._out_fct
                0x000000001000a33a        0xe CMakeFiles/picoputer1.dir/tree/downloaded_tools/pico/pico-sdk/src/rp2_common/pico_printf/printf.c.obj
 .text._atoi    0x000000001000a348       0x24 CMakeFiles/picoputer1.dir/tree/downloaded_tools/pico/pico-sdk/src/rp2_common/pico_printf/printf.c.obj
 .text._out_rev
                0x000000001000a36c       0xae CMakeFiles/picoputer1.dir/tree/downloaded_tools/pico/pico-sdk/src/rp2_common/pico_printf/printf.c.obj
 .text._ntoa_format
                0x000000001000a41a      0x110 CMakeFiles/picoputer1.dir/tree/downloaded_tools/pico/pico-sdk/src/rp2_common/pico_printf/printf.c.obj
 .text._ntoa_long
                0x000000001000a52a       0xbc CMakeFiles/picoputer1.dir/tree/downloaded_tools/pico/pico-sdk/src/rp2_common/pico_printf/printf.c.obj
 .text._ntoa_long_long
                0x000000001000a5e6       0xe2 CMakeFiles/picoputer1.dir/tree/downloaded_tools/pico/pico-sdk/src/rp2_common/pico_printf/printf.c.obj
 .text._etoa    0x000000001000a6c8      0x40c CMakeFiles/picoputer1.dir/tree/downloaded_tools/pico/pico-sdk/src/rp2_common/pico_printf/printf.c.obj
 .text._ftoa    0x000000001000aad4      0x354 CMakeFiles/picoputer1.dir/tree/downloaded_tools/pico/pico-sdk/src/rp2_common/pico_printf/printf.c.obj
 .text._vsnprintf
                0x000000001000ae28      0x628 CMakeFiles/picoputer1.dir/tree/downloaded_tools/pico/pico-sdk/src/rp2_common/pico_printf/printf.c.obj
 .text.__wrap_sprintf
                0x000000001000b450       0x28 CMakeFiles/picoputer1.dir/tree/downloaded_tools/pico/pico-sdk/src/rp2_common/pico_printf/printf.c.obj
                0x000000001000b450                __wrap_sprintf
 .text.vfctprintf
                0x000000001000b478       0x20 CMakeFiles/picoputer1.dir/tree/downloaded_tools/pico/pico-sdk/src/rp2_common/pico_printf/printf.c.obj
                0x000000001000b478                vfctprintf
 .text          0x000000001000b498       0x10 CMakeFiles/picoputer1.dir/tree/downloaded_tools/pico/pico-sdk/src/rp2_common/pico_bit_ops/bit_ops_aeabi.S.obj
 .text.clzsi    0x000000001000b4a8        0xc CMakeFiles/picoputer1.dir/tree/downloaded_tools/pico/pico-sdk/src/rp2_common/pico_bit_ops/bit_ops_aeabi.S.obj
                0x000000001000b4a8                __wrap___clz
                0x000000001000b4a8                __wrap___clzsi2
                0x000000001000b4a8                __wrap___clzl
 .text.ctzsi    0x000000001000b4b4        0xc CMakeFiles/picoputer1.dir/tree/downloaded_tools/pico/pico-sdk/src/rp2_common/pico_bit_ops/bit_ops_aeabi.S.obj
                0x000000001000b4b4                __wrap___ctzsi2
 .text.popcountsi
                0x000000001000b4c0        0xc CMakeFiles/picoputer1.dir/tree/downloaded_tools/pico/pico-sdk/src/rp2_common/pico_bit_ops/bit_ops_aeabi.S.obj
                0x000000001000b4c0                __wrap___popcountsi2
 .text.rom_func_lookup
                0x000000001000b4cc       0x10 CMakeFiles/picoputer1.dir/tree/downloaded_tools/pico/pico-sdk/src/rp2_common/pico_bootrom/bootrom.c.obj
                0x000000001000b4cc                rom_func_lookup
 .text.rom_data_lookup
                0x000000001000b4dc       0x10 CMakeFiles/picoputer1.dir/tree/downloaded_tools/pico/pico-sdk/src/rp2_common/pico_bootrom/bootrom.c.obj
                0x000000001000b4dc                rom_data_lookup
 .text.rom_funcs_lookup
                0x000000001000b4ec       0x36 CMakeFiles/picoputer1.dir/tree/downloaded_tools/pico/pico-sdk/src/rp2_common/pico_bootrom/bootrom.c.obj
                0x000000001000b4ec                rom_funcs_lookup
 *fill*         0x000000001000b522        0x2 
 .text.__wrap___aeabi_idiv
                0x000000001000b524       0x50 CMakeFiles/picoputer1.dir/tree/downloaded_tools/pico/pico-sdk/src/rp2_common/pico_divider/divider.S.obj
                0x000000001000b524                __wrap___aeabi_idivmod
                0x000000001000b524                divmod_s32s32
                0x000000001000b524                div_s32s32
                0x000000001000b524                __wrap___aeabi_idiv
                0x000000001000b52c                divmod_s32s32_unsafe
                0x000000001000b558                divmod_s32s32_savestate
 .text.__wrap___aeabi_uidiv
                0x000000001000b574       0x4c CMakeFiles/picoputer1.dir/tree/downloaded_tools/pico/pico-sdk/src/rp2_common/pico_divider/divider.S.obj
                0x000000001000b574                __wrap___aeabi_uidiv
                0x000000001000b574                __wrap___aeabi_uidivmod
                0x000000001000b574                div_u32u32
                0x000000001000b574                divmod_u32u32
                0x000000001000b57c                divmod_u32u32_unsafe
                0x000000001000b5a4                divmod_u32u32_savestate
 .text.__wrap___aeabi_ldiv
                0x000000001000b5c0      0x430 CMakeFiles/picoputer1.dir/tree/downloaded_tools/pico/pico-sdk/src/rp2_common/pico_divider/divider.S.obj
                0x000000001000b5c0                div_s64s64
                0x000000001000b5c0                divmod_s64s64
                0x000000001000b5c0                __wrap___aeabi_ldivmod
                0x000000001000b5f8                div_u64u64
                0x000000001000b5f8                divmod_u64u64
                0x000000001000b5f8                __wrap___aeabi_uldivmod
                0x000000001000b608                divmod_u64u64_savestate
                0x000000001000b630                divmod_s64s64_unsafe
                0x000000001000b6b8                divmod_u64u64_unsafe
 .text.__wrap___aeabi_darithmetic
                0x000000001000b9f0       0x80 CMakeFiles/picoputer1.dir/tree/downloaded_tools/pico/pico-sdk/src/rp2_common/pico_double/double_aeabi.S.obj
                0x000000001000b9f0                __wrap___aeabi_drsub
                0x000000001000b9f6                __wrap___aeabi_dsub
                0x000000001000ba08                __wrap___aeabi_dadd
                0x000000001000ba1a                __wrap___aeabi_ddiv
                0x000000001000ba56                __wrap___aeabi_dmul
 .text.__wrap___aeabi_cdcmple
                0x000000001000ba70       0x6c CMakeFiles/picoputer1.dir/tree/downloaded_tools/pico/pico-sdk/src/rp2_common/pico_double/double_aeabi.S.obj
                0x000000001000ba70                __wrap___aeabi_cdrcmple
                0x000000001000ba80                __wrap___aeabi_cdcmple
                0x000000001000ba80                __wrap___aeabi_cdcmpeq
 .text.__wrap___aeabi_dcmpeq
                0x000000001000badc       0x10 CMakeFiles/picoputer1.dir/tree/downloaded_tools/pico/pico-sdk/src/rp2_common/pico_double/double_aeabi.S.obj
                0x000000001000badc                __wrap___aeabi_dcmpeq
 .text.__wrap___aeabi_dcmplt
                0x000000001000baec        0xc CMakeFiles/picoputer1.dir/tree/downloaded_tools/pico/pico-sdk/src/rp2_common/pico_double/double_aeabi.S.obj
                0x000000001000baec                __wrap___aeabi_dcmplt
 .text.__wrap___aeabi_dcmple
                0x000000001000baf8       0x10 CMakeFiles/picoputer1.dir/tree/downloaded_tools/pico/pico-sdk/src/rp2_common/pico_double/double_aeabi.S.obj
                0x000000001000baf8                __wrap___aeabi_dcmple
 .text.__wrap___aeabi_dcmpge
                0x000000001000bb08       0x10 CMakeFiles/picoputer1.dir/tree/downloaded_tools/pico/pico-sdk/src/rp2_common/pico_double/double_aeabi.S.obj
                0x000000001000bb08                __wrap___aeabi_dcmpge
 .text.__wrap___aeabi_dcmpgt
                0x000000001000bb18        0xa CMakeFiles/picoputer1.dir/tree/downloaded_tools/pico/pico-sdk/src/rp2_common/pico_double/double_aeabi.S.obj
                0x000000001000bb18                __wrap___aeabi_dcmpgt
 .text.__wrap___aeabi_dcmpun
                0x000000001000bb22       0x1c CMakeFiles/picoputer1.dir/tree/downloaded_tools/pico/pico-sdk/src/rp2_common/pico_double/double_aeabi.S.obj
                0x000000001000bb22                __wrap___aeabi_dcmpun
 *fill*         0x000000001000bb3e        0x2 
 .text.__wrap___aeabi_i2d
                0x000000001000bb40       0x38 CMakeFiles/picoputer1.dir/tree/downloaded_tools/pico/pico-sdk/src/rp2_common/pico_double/double_aeabi.S.obj
                0x000000001000bb40                __wrap___aeabi_ui2d
                0x000000001000bb48                __wrap___aeabi_i2d
 .text.__wrap___aeabi_d2iz
                0x000000001000bb78       0x48 CMakeFiles/picoputer1.dir/tree/downloaded_tools/pico/pico-sdk/src/rp2_common/pico_double/double_aeabi.S.obj
                0x000000001000bb78                __wrap___aeabi_d2iz
                0x000000001000bb78                double2int_z
 .text.__wrap___aeabi_d2uiz
                0x000000001000bbc0       0x18 CMakeFiles/picoputer1.dir/tree/downloaded_tools/pico/pico-sdk/src/rp2_common/pico_double/double_aeabi.S.obj
                0x000000001000bbc0                double2uint
                0x000000001000bbc0                __wrap___aeabi_d2uiz
 .text.fix642double
                0x000000001000bbd8       0x18 CMakeFiles/picoputer1.dir/tree/downloaded_tools/pico/pico-sdk/src/rp2_common/pico_double/double_aeabi.S.obj
                0x000000001000bbd8                fix642double
 .text.__wrap___aeabi_d2f
                0x000000001000bbf0       0x18 CMakeFiles/picoputer1.dir/tree/downloaded_tools/pico/pico-sdk/src/rp2_common/pico_double/double_aeabi.S.obj
                0x000000001000bbf0                __wrap___aeabi_d2f
 .text.__wrap_srqt
                0x000000001000bc08       0x18 CMakeFiles/picoputer1.dir/tree/downloaded_tools/pico/pico-sdk/src/rp2_common/pico_double/double_aeabi.S.obj
                0x000000001000bc08                __wrap_sqrt
 .text.__aeabi_double_init
                0x000000001000bc20       0xb4 CMakeFiles/picoputer1.dir/tree/downloaded_tools/pico/pico-sdk/src/rp2_common/pico_double/double_init_rom.c.obj
                0x000000001000bc20                __aeabi_double_init
 .text.drem_0   0x000000001000bcd4      0x130 CMakeFiles/picoputer1.dir/tree/downloaded_tools/pico/pico-sdk/src/rp2_common/pico_double/double_math.c.obj
 .text.__wrap_copysign
                0x000000001000be04       0x10 CMakeFiles/picoputer1.dir/tree/downloaded_tools/pico/pico-sdk/src/rp2_common/pico_double/double_math.c.obj
                0x000000001000be04                __wrap_copysign
 .text.__wrap_remquo
                0x000000001000be14      0x16c CMakeFiles/picoputer1.dir/tree/downloaded_tools/pico/pico-sdk/src/rp2_common/pico_double/double_math.c.obj
                0x000000001000be14                __wrap_remquo
 .text.__wrap_remainder
                0x000000001000bf80       0x10 CMakeFiles/picoputer1.dir/tree/downloaded_tools/pico/pico-sdk/src/rp2_common/pico_double/double_math.c.obj
                0x000000001000bf80                __wrap_remainder
 .text.double_table_shim_on_use_helper
                0x000000001000bf90       0x34 CMakeFiles/picoputer1.dir/tree/downloaded_tools/pico/pico-sdk/src/rp2_common/pico_double/double_v1_rom_shim.S.obj
                0x000000001000bf90                double_table_shim_on_use_helper
 .text.__wrap___aeabi_dsub
                0x000000001000bfc4       0x10 CMakeFiles/picoputer1.dir/tree/downloaded_tools/pico/pico-sdk/src/rp2_common/pico_double/double_v1_rom_shim.S.obj
                0x000000001000bfc4                drsub_shim
                0x000000001000bfca                dsub_shim
 .text.dadd_shim
                0x000000001000bfd4      0x15c CMakeFiles/picoputer1.dir/tree/downloaded_tools/pico/pico-sdk/src/rp2_common/pico_double/double_v1_rom_shim.S.obj
                0x000000001000bfd4                dadd_shim
 .text.dmul_shim
                0x000000001000c130      0x15c CMakeFiles/picoputer1.dir/tree/downloaded_tools/pico/pico-sdk/src/rp2_common/pico_double/double_v1_rom_shim.S.obj
                0x000000001000c130                dmul_shim
 .text.ddiv_shim
                0x000000001000c28c      0x1b0 CMakeFiles/picoputer1.dir/tree/downloaded_tools/pico/pico-sdk/src/rp2_common/pico_double/double_v1_rom_shim.S.obj
                0x000000001000c28c                ddiv_shim
 .text.dsqrt_shim
                0x000000001000c43c      0x1a8 CMakeFiles/picoputer1.dir/tree/downloaded_tools/pico/pico-sdk/src/rp2_common/pico_double/double_v1_rom_shim.S.obj
                0x000000001000c458                dsqrt_shim
 .text.dcordic_rot_step
                0x000000001000c5e4       0x7c CMakeFiles/picoputer1.dir/tree/downloaded_tools/pico/pico-sdk/src/rp2_common/pico_double/double_v1_rom_shim.S.obj
                0x000000001000c5e4                dcordic_rot_step
 .text.double2uint_shim
                0x000000001000c660        0xe CMakeFiles/picoputer1.dir/tree/downloaded_tools/pico/pico-sdk/src/rp2_common/pico_double/double_v1_rom_shim.S.obj
                0x000000001000c660                double2uint_shim
                0x000000001000c662                double2ufix_shim
 *fill*         0x000000001000c66e        0x2 
 .text.double2uint64_shim
                0x000000001000c670       0x6c CMakeFiles/picoputer1.dir/tree/downloaded_tools/pico/pico-sdk/src/rp2_common/pico_double/double_v1_rom_shim.S.obj
                0x000000001000c670                double2uint64_shim
                0x000000001000c672                double2ufix64_shim
                0x000000001000c68c                d2fix_a
 .text.double2float_shim
                0x000000001000c6dc       0x5c CMakeFiles/picoputer1.dir/tree/downloaded_tools/pico/pico-sdk/src/rp2_common/pico_double/double_v1_rom_shim.S.obj
                0x000000001000c6dc                double2float_shim
 .text.x2double_shims
                0x000000001000c738       0x90 CMakeFiles/picoputer1.dir/tree/downloaded_tools/pico/pico-sdk/src/rp2_common/pico_double/double_v1_rom_shim.S.obj
                0x000000001000c738                uint2double_shim
                0x000000001000c73a                ufix2double_shim
                0x000000001000c740                int2double_shim
                0x000000001000c742                fix2double_shim
                0x000000001000c748                uint642double_shim
                0x000000001000c74a                ufix642double_shim
                0x000000001000c750                int642double_shim
                0x000000001000c752                fix642double_shim
 .text.dunpacks
                0x000000001000c7c8       0x3c CMakeFiles/picoputer1.dir/tree/downloaded_tools/pico/pico-sdk/src/rp2_common/pico_double/double_v1_rom_shim.S.obj
                0x000000001000c7c8                dunpacks
 .text.__aeabi_lmul
                0x000000001000c804       0x32 CMakeFiles/picoputer1.dir/tree/downloaded_tools/pico/pico-sdk/src/rp2_common/pico_int64_ops/pico_int64_ops_aeabi.S.obj
                0x000000001000c804                __wrap___aeabi_lmul
 *fill*         0x000000001000c836        0x2 
 .text.__wrap___aeabi_farithmetic
                0x000000001000c838       0x58 CMakeFiles/picoputer1.dir/tree/downloaded_tools/pico/pico-sdk/src/rp2_common/pico_float/float_aeabi.S.obj
                0x000000001000c838                __wrap___aeabi_frsub
                0x000000001000c83e                __wrap___aeabi_fsub
                0x000000001000c848                __wrap___aeabi_fadd
                0x000000001000c852                __wrap___aeabi_fdiv
                0x000000001000c87e                __wrap___aeabi_fmul
 .text.__wrap___aeabi_cfcmple
                0x000000001000c890       0x50 CMakeFiles/picoputer1.dir/tree/downloaded_tools/pico/pico-sdk/src/rp2_common/pico_float/float_aeabi.S.obj
                0x000000001000c890                __wrap___aeabi_cfrcmple
                0x000000001000c89c                __wrap___aeabi_cfcmpeq
                0x000000001000c89c                __wrap___aeabi_cfcmple
 .text.__wrap___aeabi_fcmpeq
                0x000000001000c8e0       0x10 CMakeFiles/picoputer1.dir/tree/downloaded_tools/pico/pico-sdk/src/rp2_common/pico_float/float_aeabi.S.obj
                0x000000001000c8e0                __wrap___aeabi_fcmpeq
 .text.__wrap___aeabi_fcmpgt
                0x000000001000c8f0        0xa CMakeFiles/picoputer1.dir/tree/downloaded_tools/pico/pico-sdk/src/rp2_common/pico_float/float_aeabi.S.obj
                0x000000001000c8f0                __wrap___aeabi_fcmpgt
 .text.__wrap___aeabi_fcmpun
                0x000000001000c8fa       0x18 CMakeFiles/picoputer1.dir/tree/downloaded_tools/pico/pico-sdk/src/rp2_common/pico_float/float_aeabi.S.obj
                0x000000001000c8fa                __wrap___aeabi_fcmpun
 .text.__wrap___aeabi_ui2f
                0x000000001000c912        0xa CMakeFiles/picoputer1.dir/tree/downloaded_tools/pico/pico-sdk/src/rp2_common/pico_float/float_aeabi.S.obj
                0x000000001000c912                __wrap___aeabi_ui2f
 .text.__wrap___aeabi_i2f
                0x000000001000c91c       0x44 CMakeFiles/picoputer1.dir/tree/downloaded_tools/pico/pico-sdk/src/rp2_common/pico_float/float_aeabi.S.obj
                0x000000001000c91c                __wrap___aeabi_i2f
 .text.__wrap___aeabi_f2uiz
                0x000000001000c960       0x10 CMakeFiles/picoputer1.dir/tree/downloaded_tools/pico/pico-sdk/src/rp2_common/pico_float/float_aeabi.S.obj
                0x000000001000c960                __wrap___aeabi_f2uiz
 .text.fix2float
                0x000000001000c970       0x10 CMakeFiles/picoputer1.dir/tree/downloaded_tools/pico/pico-sdk/src/rp2_common/pico_float/float_aeabi.S.obj
                0x000000001000c970                fix2float
 .text.__wrap___aeabi_f2d
                0x000000001000c980       0x14 CMakeFiles/picoputer1.dir/tree/downloaded_tools/pico/pico-sdk/src/rp2_common/pico_float/float_aeabi.S.obj
                0x000000001000c980                __wrap___aeabi_f2d
 .text.__wrap_srqtf
                0x000000001000c994       0x24 CMakeFiles/picoputer1.dir/tree/downloaded_tools/pico/pico-sdk/src/rp2_common/pico_float/float_aeabi.S.obj
                0x000000001000c994                __wrap_sqrtf
 .text.__aeabi_float_init
                0x000000001000c9b8       0xfc CMakeFiles/picoputer1.dir/tree/downloaded_tools/pico/pico-sdk/src/rp2_common/pico_float/float_init_rom.c.obj
                0x000000001000c9b8                __aeabi_float_init
 .text.frem_0   0x000000001000cab4       0x80 CMakeFiles/picoputer1.dir/tree/downloaded_tools/pico/pico-sdk/src/rp2_common/pico_float/float_math.c.obj
 .text.__wrap_remquof
                0x000000001000cb34       0xda CMakeFiles/picoputer1.dir/tree/downloaded_tools/pico/pico-sdk/src/rp2_common/pico_float/float_math.c.obj
                0x000000001000cb34                __wrap_remquof
 .text.__wrap_remainderf
                0x000000001000cc0e        0xa CMakeFiles/picoputer1.dir/tree/downloaded_tools/pico/pico-sdk/src/rp2_common/pico_float/float_math.c.obj
                0x000000001000cc0e                __wrap_remainderf
 .text.float_table_shim_on_use_helper
                0x000000001000cc18       0x34 CMakeFiles/picoputer1.dir/tree/downloaded_tools/pico/pico-sdk/src/rp2_common/pico_float/float_v1_rom_shim.S.obj
                0x000000001000cc18                float_table_shim_on_use_helper
 .text.float2double_shim
                0x000000001000cc4c       0x30 CMakeFiles/picoputer1.dir/tree/downloaded_tools/pico/pico-sdk/src/rp2_common/pico_float/float_v1_rom_shim.S.obj
                0x000000001000cc4c                float2double_shim
 .text          0x000000001000cc7c       0x10 CMakeFiles/picoputer1.dir/tree/downloaded_tools/pico/pico-sdk/src/rp2_common/pico_mem_ops/mem_ops_aeabi.S.obj
                0x000000001000cc7c                __aeabi_mem_init
 .text.memset   0x000000001000cc8c        0xc CMakeFiles/picoputer1.dir/tree/downloaded_tools/pico/pico-sdk/src/rp2_common/pico_mem_ops/mem_ops_aeabi.S.obj
                0x000000001000cc8c                __wrap_memset
 .text.memcpy   0x000000001000cc98        0xc CMakeFiles/picoputer1.dir/tree/downloaded_tools/pico/pico-sdk/src/rp2_common/pico_mem_ops/mem_ops_aeabi.S.obj
                0x000000001000cc98                __wrap___aeabi_memcpy
                0x000000001000cc98                __wrap_memcpy
 .text.stdio_out_chars_crlf
                0x000000001000cca4       0x80 CMakeFiles/picoputer1.dir/tree/downloaded_tools/pico/pico-sdk/src/rp2_common/pico_stdio/stdio.c.obj
 .text.stdio_stack_buffer_flush
                0x000000001000cd24       0x44 CMakeFiles/picoputer1.dir/tree/downloaded_tools/pico/pico-sdk/src/rp2_common/pico_stdio/stdio.c.obj
 .text.stdio_buffered_printer
                0x000000001000cd68       0x20 CMakeFiles/picoputer1.dir/tree/downloaded_tools/pico/pico-sdk/src/rp2_common/pico_stdio/stdio.c.obj
 .text.stdout_serialize_begin
                0x000000001000cd88       0x30 CMakeFiles/picoputer1.dir/tree/downloaded_tools/pico/pico-sdk/src/rp2_common/pico_stdio/stdio.c.obj
                0x000000001000cd88                stdout_serialize_begin
 .text.stdout_serialize_end
                0x000000001000cdb8       0x10 CMakeFiles/picoputer1.dir/tree/downloaded_tools/pico/pico-sdk/src/rp2_common/pico_stdio/stdio.c.obj
                0x000000001000cdb8                stdout_serialize_end
 .text.stdio_put_string
                0x000000001000cdc8       0x84 CMakeFiles/picoputer1.dir/tree/downloaded_tools/pico/pico-sdk/src/rp2_common/pico_stdio/stdio.c.obj
 .text.stdio_set_driver_enabled
                0x000000001000ce4c       0x38 CMakeFiles/picoputer1.dir/tree/downloaded_tools/pico/pico-sdk/src/rp2_common/pico_stdio/stdio.c.obj
                0x000000001000ce4c                stdio_set_driver_enabled
 .text.stdio_flush
                0x000000001000ce84       0x20 CMakeFiles/picoputer1.dir/tree/downloaded_tools/pico/pico-sdk/src/rp2_common/pico_stdio/stdio.c.obj
                0x000000001000ce84                stdio_flush
 .text.__wrap_puts
                0x000000001000cea4       0x1c CMakeFiles/picoputer1.dir/tree/downloaded_tools/pico/pico-sdk/src/rp2_common/pico_stdio/stdio.c.obj
                0x000000001000cea4                __wrap_puts
 .text.__wrap_vprintf
                0x000000001000cec0       0x44 CMakeFiles/picoputer1.dir/tree/downloaded_tools/pico/pico-sdk/src/rp2_common/pico_stdio/stdio.c.obj
                0x000000001000cec0                __wrap_vprintf
 .text.__wrap_printf
                0x000000001000cf04       0x18 CMakeFiles/picoputer1.dir/tree/downloaded_tools/pico/pico-sdk/src/rp2_common/pico_stdio/stdio.c.obj
                0x000000001000cf04                __wrap_printf
 .text.stdio_init_all
                0x000000001000cf1c        0xc CMakeFiles/picoputer1.dir/tree/downloaded_tools/pico/pico-sdk/src/rp2_common/pico_stdio/stdio.c.obj
                0x000000001000cf1c                stdio_init_all
 .text.stdio_uart_out_chars
                0x000000001000cf28       0x74 CMakeFiles/picoputer1.dir/tree/downloaded_tools/pico/pico-sdk/src/rp2_common/pico_stdio_uart/stdio_uart.c.obj
 .text.stdio_uart_in_chars
                0x000000001000cf9c       0x54 CMakeFiles/picoputer1.dir/tree/downloaded_tools/pico/pico-sdk/src/rp2_common/pico_stdio_uart/stdio_uart.c.obj
                0x000000001000cf9c                stdio_uart_in_chars
 .text.stdio_uart_init_full
                0x000000001000cff0       0x3c CMakeFiles/picoputer1.dir/tree/downloaded_tools/pico/pico-sdk/src/rp2_common/pico_stdio_uart/stdio_uart.c.obj
                0x000000001000cff0                stdio_uart_init_full
 .text.stdio_uart_init
                0x000000001000d02c       0x28 CMakeFiles/picoputer1.dir/tree/downloaded_tools/pico/pico-sdk/src/rp2_common/pico_stdio_uart/stdio_uart.c.obj
                0x000000001000d02c                stdio_uart_init
 .text.resetd_init
                0x000000001000d054        0x2 CMakeFiles/picoputer1.dir/tree/downloaded_tools/pico/pico-sdk/src/rp2_common/pico_stdio_usb/reset_interface.c.obj
 *fill*         0x000000001000d056        0x2 
 .text.resetd_reset
                0x000000001000d058        0xc CMakeFiles/picoputer1.dir/tree/downloaded_tools/pico/pico-sdk/src/rp2_common/pico_stdio_usb/reset_interface.c.obj
 .text.resetd_open
                0x000000001000d064       0x34 CMakeFiles/picoputer1.dir/tree/downloaded_tools/pico/pico-sdk/src/rp2_common/pico_stdio_usb/reset_interface.c.obj
 .text.resetd_xfer_cb
                0x000000001000d098        0x4 CMakeFiles/picoputer1.dir/tree/downloaded_tools/pico/pico-sdk/src/rp2_common/pico_stdio_usb/reset_interface.c.obj
 .text.resetd_control_xfer_cb
                0x000000001000d09c       0x6c CMakeFiles/picoputer1.dir/tree/downloaded_tools/pico/pico-sdk/src/rp2_common/pico_stdio_usb/reset_interface.c.obj
 .text.usbd_app_driver_get_cb
                0x000000001000d108        0xc CMakeFiles/picoputer1.dir/tree/downloaded_tools/pico/pico-sdk/src/rp2_common/pico_stdio_usb/reset_interface.c.obj
                0x000000001000d108                usbd_app_driver_get_cb
 .text.tud_cdc_line_coding_cb
                0x000000001000d114       0x34 CMakeFiles/picoputer1.dir/tree/downloaded_tools/pico/pico-sdk/src/rp2_common/pico_stdio_usb/reset_interface.c.obj
                0x000000001000d114                tud_cdc_line_coding_cb
 .text.stdio_usb_in_chars
                0x000000001000d148       0x70 CMakeFiles/picoputer1.dir/tree/downloaded_tools/pico/pico-sdk/src/rp2_common/pico_stdio_usb/stdio_usb.c.obj
                0x000000001000d148                stdio_usb_in_chars
 .text.low_priority_worker_irq
                0x000000001000d1b8       0x20 CMakeFiles/picoputer1.dir/tree/downloaded_tools/pico/pico-sdk/src/rp2_common/pico_stdio_usb/stdio_usb.c.obj
 .text.stdio_usb_out_chars
                0x000000001000d1d8       0xd4 CMakeFiles/picoputer1.dir/tree/downloaded_tools/pico/pico-sdk/src/rp2_common/pico_stdio_usb/stdio_usb.c.obj
 .text.timer_task
                0x000000001000d2ac       0x10 CMakeFiles/picoputer1.dir/tree/downloaded_tools/pico/pico-sdk/src/rp2_common/pico_stdio_usb/stdio_usb.c.obj
 .text.stdio_usb_init
                0x000000001000d2bc       0xb8 CMakeFiles/picoputer1.dir/tree/downloaded_tools/pico/pico-sdk/src/rp2_common/pico_stdio_usb/stdio_usb.c.obj
                0x000000001000d2bc                stdio_usb_init
 .text.tud_descriptor_device_cb
                0x000000001000d374        0x8 CMakeFiles/picoputer1.dir/tree/downloaded_tools/pico/pico-sdk/src/rp2_common/pico_stdio_usb/stdio_usb_descriptors.c.obj
                0x000000001000d374                tud_descriptor_device_cb
 .text.tud_descriptor_configuration_cb
                0x000000001000d37c        0x8 CMakeFiles/picoputer1.dir/tree/downloaded_tools/pico/pico-sdk/src/rp2_common/pico_stdio_usb/stdio_usb_descriptors.c.obj
                0x000000001000d37c                tud_descriptor_configuration_cb
 .text.tud_descriptor_string_cb
                0x000000001000d384       0x68 CMakeFiles/picoputer1.dir/tree/downloaded_tools/pico/pico-sdk/src/rp2_common/pico_stdio_usb/stdio_usb_descriptors.c.obj
                0x000000001000d384                tud_descriptor_string_cb
 .text.hw_endpoint_get_by_addr
                0x000000001000d3ec       0x18 CMakeFiles/picoputer1.dir/tree/downloaded_tools/pico/pico-sdk/lib/tinyusb/src/portable/raspberrypi/rp2040/dcd_rp2040.c.obj
 .text.reset_ep0
                0x000000001000d404       0x2c CMakeFiles/picoputer1.dir/tree/downloaded_tools/pico/pico-sdk/lib/tinyusb/src/portable/raspberrypi/rp2040/dcd_rp2040.c.obj
 .text._hw_endpoint_alloc
                0x000000001000d430       0x80 CMakeFiles/picoputer1.dir/tree/downloaded_tools/pico/pico-sdk/lib/tinyusb/src/portable/raspberrypi/rp2040/dcd_rp2040.c.obj
 .text._hw_endpoint_init
                0x000000001000d4b0       0xbc CMakeFiles/picoputer1.dir/tree/downloaded_tools/pico/pico-sdk/lib/tinyusb/src/portable/raspberrypi/rp2040/dcd_rp2040.c.obj
 .text.hw_endpoint_init
                0x000000001000d56c       0x18 CMakeFiles/picoputer1.dir/tree/downloaded_tools/pico/pico-sdk/lib/tinyusb/src/portable/raspberrypi/rp2040/dcd_rp2040.c.obj
 .text.hw_handle_buff_status
                0x000000001000d584       0xb4 CMakeFiles/picoputer1.dir/tree/downloaded_tools/pico/pico-sdk/lib/tinyusb/src/portable/raspberrypi/rp2040/dcd_rp2040.c.obj
 .text.dcd_rp2040_irq
                0x000000001000d638       0xa8 CMakeFiles/picoputer1.dir/tree/downloaded_tools/pico/pico-sdk/lib/tinyusb/src/portable/raspberrypi/rp2040/dcd_rp2040.c.obj
 .text.hw_endpoint_xfer
                0x000000001000d6e0       0x18 CMakeFiles/picoputer1.dir/tree/downloaded_tools/pico/pico-sdk/lib/tinyusb/src/portable/raspberrypi/rp2040/dcd_rp2040.c.obj
 .text.ep0_0len_status
                0x000000001000d6f8       0x14 CMakeFiles/picoputer1.dir/tree/downloaded_tools/pico/pico-sdk/lib/tinyusb/src/portable/raspberrypi/rp2040/dcd_rp2040.c.obj
 .text._hw_endpoint_stall
                0x000000001000d70c       0x54 CMakeFiles/picoputer1.dir/tree/downloaded_tools/pico/pico-sdk/lib/tinyusb/src/portable/raspberrypi/rp2040/dcd_rp2040.c.obj
 .text.hw_endpoint_stall
                0x000000001000d760        0xc CMakeFiles/picoputer1.dir/tree/downloaded_tools/pico/pico-sdk/lib/tinyusb/src/portable/raspberrypi/rp2040/dcd_rp2040.c.obj
 .text._hw_endpoint_clear_stall
                0x000000001000d76c       0x34 CMakeFiles/picoputer1.dir/tree/downloaded_tools/pico/pico-sdk/lib/tinyusb/src/portable/raspberrypi/rp2040/dcd_rp2040.c.obj
 .text.hw_endpoint_clear_stall
                0x000000001000d7a0        0xc CMakeFiles/picoputer1.dir/tree/downloaded_tools/pico/pico-sdk/lib/tinyusb/src/portable/raspberrypi/rp2040/dcd_rp2040.c.obj
 .text.dcd_int_enable
                0x000000001000d7ac       0x2c CMakeFiles/picoputer1.dir/tree/downloaded_tools/pico/pico-sdk/lib/tinyusb/src/portable/raspberrypi/rp2040/dcd_rp2040.c.obj
                0x000000001000d7ac                dcd_int_enable
 .text.dcd_set_address
                0x000000001000d7d8       0x28 CMakeFiles/picoputer1.dir/tree/downloaded_tools/pico/pico-sdk/lib/tinyusb/src/portable/raspberrypi/rp2040/dcd_rp2040.c.obj
                0x000000001000d7d8                dcd_set_address
 .text.dcd_connect
                0x000000001000d800       0x30 CMakeFiles/picoputer1.dir/tree/downloaded_tools/pico/pico-sdk/lib/tinyusb/src/portable/raspberrypi/rp2040/dcd_rp2040.c.obj
                0x000000001000d800                dcd_connect
 .text.dcd_init
                0x000000001000d830       0x84 CMakeFiles/picoputer1.dir/tree/downloaded_tools/pico/pico-sdk/lib/tinyusb/src/portable/raspberrypi/rp2040/dcd_rp2040.c.obj
                0x000000001000d830                dcd_init
 .text.dcd_edpt0_status_complete
                0x000000001000d8b4       0x40 CMakeFiles/picoputer1.dir/tree/downloaded_tools/pico/pico-sdk/lib/tinyusb/src/portable/raspberrypi/rp2040/dcd_rp2040.c.obj
                0x000000001000d8b4                dcd_edpt0_status_complete
 .text.dcd_edpt_open
                0x000000001000d8f4       0x40 CMakeFiles/picoputer1.dir/tree/downloaded_tools/pico/pico-sdk/lib/tinyusb/src/portable/raspberrypi/rp2040/dcd_rp2040.c.obj
                0x000000001000d8f4                dcd_edpt_open
 .text.dcd_edpt_xfer
                0x000000001000d934       0x34 CMakeFiles/picoputer1.dir/tree/downloaded_tools/pico/pico-sdk/lib/tinyusb/src/portable/raspberrypi/rp2040/dcd_rp2040.c.obj
                0x000000001000d934                dcd_edpt_xfer
 .text.dcd_edpt_stall
                0x000000001000d968       0x28 CMakeFiles/picoputer1.dir/tree/downloaded_tools/pico/pico-sdk/lib/tinyusb/src/portable/raspberrypi/rp2040/dcd_rp2040.c.obj
                0x000000001000d968                dcd_edpt_stall
 .text.dcd_edpt_clear_stall
                0x000000001000d990       0x2c CMakeFiles/picoputer1.dir/tree/downloaded_tools/pico/pico-sdk/lib/tinyusb/src/portable/raspberrypi/rp2040/dcd_rp2040.c.obj
                0x000000001000d990                dcd_edpt_clear_stall
 .text.rp2040_usb_init
                0x000000001000d9bc       0x50 CMakeFiles/picoputer1.dir/tree/downloaded_tools/pico/pico-sdk/lib/tinyusb/src/portable/raspberrypi/rp2040/rp2040_usb.c.obj
                0x000000001000d9bc                rp2040_usb_init
 .text.hw_endpoint_reset_transfer
                0x000000001000da0c       0x10 CMakeFiles/picoputer1.dir/tree/downloaded_tools/pico/pico-sdk/lib/tinyusb/src/portable/raspberrypi/rp2040/rp2040_usb.c.obj
                0x000000001000da0c                hw_endpoint_reset_transfer
 .text._hw_endpoint_buffer_control_update32
                0x000000001000da1c       0x58 CMakeFiles/picoputer1.dir/tree/downloaded_tools/pico/pico-sdk/lib/tinyusb/src/portable/raspberrypi/rp2040/rp2040_usb.c.obj
                0x000000001000da1c                _hw_endpoint_buffer_control_update32
 .text._hw_endpoint_start_next_buffer
                0x000000001000da74       0x50 CMakeFiles/picoputer1.dir/tree/downloaded_tools/pico/pico-sdk/lib/tinyusb/src/portable/raspberrypi/rp2040/rp2040_usb.c.obj
                0x000000001000da74                _hw_endpoint_start_next_buffer
 .text._hw_endpoint_xfer_start
                0x000000001000dac4       0x3e CMakeFiles/picoputer1.dir/tree/downloaded_tools/pico/pico-sdk/lib/tinyusb/src/portable/raspberrypi/rp2040/rp2040_usb.c.obj
                0x000000001000dac4                _hw_endpoint_xfer_start
 *fill*         0x000000001000db02        0x2 
 .text._hw_endpoint_xfer_sync
                0x000000001000db04       0x74 CMakeFiles/picoputer1.dir/tree/downloaded_tools/pico/pico-sdk/lib/tinyusb/src/portable/raspberrypi/rp2040/rp2040_usb.c.obj
                0x000000001000db04                _hw_endpoint_xfer_sync
 .text._hw_endpoint_xfer_continue
                0x000000001000db78       0x60 CMakeFiles/picoputer1.dir/tree/downloaded_tools/pico/pico-sdk/lib/tinyusb/src/portable/raspberrypi/rp2040/rp2040_usb.c.obj
                0x000000001000db78                _hw_endpoint_xfer_continue
 .text._hw_endpoint_xfer
                0x000000001000dbd8       0x34 CMakeFiles/picoputer1.dir/tree/downloaded_tools/pico/pico-sdk/lib/tinyusb/src/portable/raspberrypi/rp2040/rp2040_usb.c.obj
                0x000000001000dbd8                _hw_endpoint_xfer
 .text.mark_interface_endpoint
                0x000000001000dc0c       0x2a CMakeFiles/picoputer1.dir/tree/downloaded_tools/pico/pico-sdk/lib/tinyusb/src/device/usbd.c.obj
 *fill*         0x000000001000dc36        0x2 
 .text.usbd_reset
                0x000000001000dc38       0x88 CMakeFiles/picoputer1.dir/tree/downloaded_tools/pico/pico-sdk/lib/tinyusb/src/device/usbd.c.obj
 .text.invoke_class_control
                0x000000001000dcc0       0x1a CMakeFiles/picoputer1.dir/tree/downloaded_tools/pico/pico-sdk/lib/tinyusb/src/device/usbd.c.obj
 *fill*         0x000000001000dcda        0x2 
 .text.process_set_config
                0x000000001000dcdc      0x1d0 CMakeFiles/picoputer1.dir/tree/downloaded_tools/pico/pico-sdk/lib/tinyusb/src/device/usbd.c.obj
 .text.process_get_descriptor
                0x000000001000deac       0xf8 CMakeFiles/picoputer1.dir/tree/downloaded_tools/pico/pico-sdk/lib/tinyusb/src/device/usbd.c.obj
 .text.tud_mounted
                0x000000001000dfa4       0x10 CMakeFiles/picoputer1.dir/tree/downloaded_tools/pico/pico-sdk/lib/tinyusb/src/device/usbd.c.obj
                0x000000001000dfa4                tud_mounted
 .text.tud_suspended
                0x000000001000dfb4       0x10 CMakeFiles/picoputer1.dir/tree/downloaded_tools/pico/pico-sdk/lib/tinyusb/src/device/usbd.c.obj
                0x000000001000dfb4                tud_suspended
 .text.tud_inited
                0x000000001000dfc4        0xc CMakeFiles/picoputer1.dir/tree/downloaded_tools/pico/pico-sdk/lib/tinyusb/src/device/usbd.c.obj
                0x000000001000dfc4                tud_inited
 .text.tud_init
                0x000000001000dfd0       0xcc CMakeFiles/picoputer1.dir/tree/downloaded_tools/pico/pico-sdk/lib/tinyusb/src/device/usbd.c.obj
                0x000000001000dfd0                tud_init
 .text.dcd_event_handler
                0x000000001000e09c      0x174 CMakeFiles/picoputer1.dir/tree/downloaded_tools/pico/pico-sdk/lib/tinyusb/src/device/usbd.c.obj
                0x000000001000e09c                dcd_event_handler
 .text.dcd_event_bus_signal
                0x000000001000e210       0x26 CMakeFiles/picoputer1.dir/tree/downloaded_tools/pico/pico-sdk/lib/tinyusb/src/device/usbd.c.obj
                0x000000001000e210                dcd_event_bus_signal
 .text.dcd_event_bus_reset